───────────────────────────────────── LEEDS_MODEL :: New simulation run ──────────────────────────────────────

── Initialization ──

── Scenario selection ──
ℹ Parameters ready: nPeriods = 100, max.iterations = 100
ℹ Scenario sanity: Z1_ce = 1, Z2_ce = 0
ℹ max |B0 - A0| at init = 0.05766

── Markup calibration (t = 1) ──
✔ Markup vector 'mu' calibrated at t = 1

── Time loop ──
ℹ Starting Gauss–Seidel iterations across 99 additional periods
ℹ Logging to: /Users/parvulesco/Documents/R/LEEDS_MODEL/data/scenarios/logs/shock_7_run.log
ℹ Solving time periods   1% (t = 2 / 100)
ℹ t = 2: starting iterations (max = 100)
ℹ t = 2, iter = 10: mean score = 0.065781, error = 2512
ℹ t = 2, iter = 20: mean score = 0.003782, error = 13.07
ℹ t = 2, iter = 30: mean score = 0.000263, error = 0.09536
ℹ t = 2, iter = 40: mean score = 2e-05, error = 0.0007324
ℹ t = 2, iter = 50: mean score = 2e-06, error = 5.719e-06
ℹ t = 2, iter = 60: mean score = 0, error = 4.529e-08
ℹ t = 2, iter = 70: mean score = 0, error = 3.634e-10
✔ t = 2: converged at iter = 79 with error = 4.772e-12
ℹ Solving time periods   2% (t = 3 / 100)
ℹ t = 3: starting iterations (max = 100)
ℹ t = 3, iter = 10: mean score = 0.046857, error = 1627
ℹ t = 3, iter = 20: mean score = 0.002172, error = 4.672
ℹ t = 3, iter = 30: mean score = 0.000114, error = 0.01857
ℹ t = 3, iter = 40: mean score = 7e-06, error = 7.35e-05
ℹ t = 3, iter = 50: mean score = 0, error = 2.71e-07
ℹ t = 3, iter = 60: mean score = 0, error = 3.7e-10
ℹ t = 3, iter = 70: mean score = 0, error = 1.371e-10
✔ t = 3: converged at iter = 71 with error = 2.329e-10
ℹ Solving time periods   3% (t = 4 / 100)
ℹ t = 4: starting iterations (max = 100)
ℹ t = 4, iter = 10: mean score = 0.045802, error = 2336
ℹ t = 4, iter = 20: mean score = 0.002387, error = 6.843
ℹ t = 4, iter = 30: mean score = 0.000119, error = 0.02753
ℹ t = 4, iter = 40: mean score = 7e-06, error = 0.0001094
ℹ t = 4, iter = 50: mean score = 0, error = 3.969e-07
ℹ t = 4, iter = 60: mean score = 0, error = 3.057e-10
ℹ t = 4, iter = 70: mean score = 0, error = 4.145e-10
✔ t = 4: converged at iter = 71 with error = 6.107e-10
ℹ Solving time periods   4% (t = 5 / 100)
ℹ t = 5: starting iterations (max = 100)
ℹ t = 5, iter = 10: mean score = 0.034677, error = 2330
ℹ t = 5, iter = 20: mean score = 0.003362, error = 6.726
ℹ t = 5, iter = 30: mean score = 0.000123, error = 0.02738
ℹ t = 5, iter = 40: mean score = 7e-06, error = 0.0001092
ℹ t = 5, iter = 50: mean score = 0, error = 3.854e-07
ℹ t = 5, iter = 60: mean score = 0, error = 6.161e-11
ℹ t = 5, iter = 70: mean score = 0, error = 9.008e-10
✔ t = 5: converged at iter = 72 with error = 9.656e-10
ℹ Solving time periods   5% (t = 6 / 100)
ℹ t = 6: starting iterations (max = 100)
ℹ t = 6, iter = 10: mean score = 0.037511, error = 2220
ℹ t = 6, iter = 20: mean score = 0.003202, error = 6.296
ℹ t = 6, iter = 30: mean score = 0.000101, error = 0.02598
ℹ t = 6, iter = 40: mean score = 6e-06, error = 0.0001045
ℹ t = 6, iter = 50: mean score = 0, error = 3.757e-07
ℹ t = 6, iter = 60: mean score = 0, error = 1.606e-10
ℹ t = 6, iter = 70: mean score = 0, error = 5.971e-10
✔ t = 6: converged at iter = 73 with error = 7.794e-10
ℹ Solving time periods   6% (t = 7 / 100)
ℹ t = 7: starting iterations (max = 100)
ℹ t = 7, iter = 10: mean score = 0.022165, error = 2101
ℹ t = 7, iter = 20: mean score = 0.011514, error = 5.851
ℹ t = 7, iter = 30: mean score = 0.000113, error = 0.02446
ℹ t = 7, iter = 40: mean score = 6e-06, error = 9.898e-05
ℹ t = 7, iter = 50: mean score = 0, error = 3.507e-07
ℹ t = 7, iter = 60: mean score = 0, error = 4.488e-11
ℹ t = 7, iter = 70: mean score = 0, error = 8.711e-10
✔ t = 7: converged at iter = 73 with error = 1.083e-09
ℹ Solving time periods   7% (t = 8 / 100)
ℹ t = 8: starting iterations (max = 100)
ℹ t = 8, iter = 10: mean score = 0.024666, error = 1991
ℹ t = 8, iter = 20: mean score = 0.00757, error = 5.442
ℹ t = 8, iter = 30: mean score = 0.000105, error = 0.02305
ℹ t = 8, iter = 40: mean score = 6e-06, error = 9.382e-05
ℹ t = 8, iter = 50: mean score = 0, error = 3.272e-07
ℹ t = 8, iter = 60: mean score = 0, error = 8.202e-13
ℹ t = 8, iter = 70: mean score = 0, error = 1.186e-09
✔ t = 8: converged at iter = 73 with error = 1.426e-09
ℹ Solving time periods   8% (t = 9 / 100)
ℹ t = 9: starting iterations (max = 100)
ℹ t = 9, iter = 10: mean score = 0.020141, error = 1890
ℹ t = 9, iter = 20: mean score = 0.004189, error = 5.07
ℹ t = 9, iter = 30: mean score = 0.000105, error = 0.02176
ℹ t = 9, iter = 40: mean score = 6e-06, error = 8.909e-05
ℹ t = 9, iter = 50: mean score = 0, error = 3.057e-07
ℹ t = 9, iter = 60: mean score = 0, error = 2.245e-11
ℹ t = 9, iter = 70: mean score = 0, error = 1.542e-09
✔ t = 9: converged at iter = 73 with error = 1.807e-09
ℹ Solving time periods   9% (t = 10 / 100)
ℹ t = 10: starting iterations (max = 100)
ℹ t = 10, iter = 10: mean score = 0.017772, error = 1783
ℹ t = 10, iter = 20: mean score = 0.001679, error = 4.697
ℹ t = 10, iter = 30: mean score = 0.000142, error = 0.02044
ℹ t = 10, iter = 40: mean score = 8e-06, error = 8.425e-05
ℹ t = 10, iter = 50: mean score = 0, error = 2.842e-07
ℹ t = 10, iter = 60: mean score = 0, error = 1.073e-10
ℹ t = 10, iter = 70: mean score = 0, error = 1.939e-09
✔ t = 10: converged at iter = 76 with error = 2.1e-09
ℹ Solving time periods  10% (t = 11 / 100)
ℹ t = 11: starting iterations (max = 100)
ℹ t = 11, iter = 10: mean score = 0.017264, error = 1696
ℹ t = 11, iter = 20: mean score = 0.001631, error = 4.388
ℹ t = 11, iter = 30: mean score = 0.000737, error = 0.01935
ℹ t = 11, iter = 40: mean score = 3e-05, error = 8.027e-05
ℹ t = 11, iter = 50: mean score = 2e-06, error = 2.711e-07
ℹ t = 11, iter = 60: mean score = 0, error = 1.116e-10
ℹ t = 11, iter = 70: mean score = 0, error = 1.892e-09
ℹ t = 11, iter = 80: mean score = 0, error = 2.073e-09
✔ t = 11: converged at iter = 82 with error = 2.078e-09
ℹ Solving time periods  11% (t = 12 / 100)
ℹ t = 12: starting iterations (max = 100)
ℹ t = 12, iter = 10: mean score = 0.01636, error = 1619
ℹ t = 12, iter = 20: mean score = 0.001457, error = 4.113
ℹ t = 12, iter = 30: mean score = 0.000244, error = 0.01837
ℹ t = 12, iter = 40: mean score = 1.2e-05, error = 7.669e-05
ℹ t = 12, iter = 50: mean score = 1e-06, error = 2.58e-07
ℹ t = 12, iter = 60: mean score = 0, error = 1.439e-10
ℹ t = 12, iter = 70: mean score = 0, error = 1.958e-09
✔ t = 12: converged at iter = 78 with error = 2.128e-09
ℹ Solving time periods  12% (t = 13 / 100)
ℹ t = 13: starting iterations (max = 100)
ℹ t = 13, iter = 10: mean score = 0.021038, error = 1548
ℹ t = 13, iter = 20: mean score = 0.001434, error = 3.866
ℹ t = 13, iter = 30: mean score = 0.000127, error = 0.01748
ℹ t = 13, iter = 40: mean score = 7e-06, error = 7.343e-05
ℹ t = 13, iter = 50: mean score = 0, error = 2.466e-07
ℹ t = 13, iter = 60: mean score = 0, error = 1.645e-10
ℹ t = 13, iter = 70: mean score = 0, error = 1.975e-09
✔ t = 13: converged at iter = 75 with error = 2.212e-09
ℹ Solving time periods  13% (t = 14 / 100)
ℹ t = 14: starting iterations (max = 100)
ℹ t = 14, iter = 10: mean score = 0.018956, error = 1483
ℹ t = 14, iter = 20: mean score = 0.001737, error = 3.642
ℹ t = 14, iter = 30: mean score = 0.000107, error = 0.01667
ℹ t = 14, iter = 40: mean score = 5e-06, error = 7.041e-05
ℹ t = 14, iter = 50: mean score = 0, error = 2.336e-07
ℹ t = 14, iter = 60: mean score = 0, error = 2.68e-10
ℹ t = 14, iter = 70: mean score = 0, error = 2.246e-09
✔ t = 14: converged at iter = 73 with error = 2.531e-09
ℹ Solving time periods  14% (t = 15 / 100)
ℹ t = 15: starting iterations (max = 100)
ℹ t = 15, iter = 10: mean score = 0.017851, error = 1423
ℹ t = 15, iter = 20: mean score = 0.00264, error = 3.439
ℹ t = 15, iter = 30: mean score = 9.3e-05, error = 0.01593
ℹ t = 15, iter = 40: mean score = 4e-06, error = 6.762e-05
ℹ t = 15, iter = 50: mean score = 0, error = 2.202e-07
ℹ t = 15, iter = 60: mean score = 0, error = 4.535e-10
ℹ t = 15, iter = 70: mean score = 0, error = 2.68e-09
✔ t = 15: converged at iter = 72 with error = 2.769e-09
ℹ Solving time periods  15% (t = 16 / 100)
ℹ t = 16: starting iterations (max = 100)
ℹ t = 16, iter = 10: mean score = 0.015035, error = 1369
ℹ t = 16, iter = 20: mean score = 0.005725, error = 3.255
ℹ t = 16, iter = 30: mean score = 9.3e-05, error = 0.01526
ℹ t = 16, iter = 40: mean score = 4e-06, error = 6.518e-05
ℹ t = 16, iter = 50: mean score = 0, error = 2.146e-07
ℹ t = 16, iter = 60: mean score = 0, error = 3.526e-10
ℹ t = 16, iter = 70: mean score = 0, error = 2.375e-09
✔ t = 16: converged at iter = 71 with error = 2.724e-09
ℹ Solving time periods  16% (t = 17 / 100)
ℹ t = 17: starting iterations (max = 100)
ℹ t = 17, iter = 10: mean score = 0.015742, error = 1319
ℹ t = 17, iter = 20: mean score = 0.002326, error = 3.088
ℹ t = 17, iter = 30: mean score = 9.4e-05, error = 0.01465
ℹ t = 17, iter = 40: mean score = 4e-06, error = 6.281e-05
ℹ t = 17, iter = 50: mean score = 0, error = 2.01e-07
ℹ t = 17, iter = 60: mean score = 0, error = 6.689e-10
ℹ t = 17, iter = 70: mean score = 0, error = 3.063e-09
✔ t = 17: converged at iter = 71 with error = 3.451e-09
ℹ Solving time periods  17% (t = 18 / 100)
ℹ t = 18: starting iterations (max = 100)
ℹ t = 18, iter = 10: mean score = 0.014886, error = 1273
ℹ t = 18, iter = 20: mean score = 0.001569, error = 2.937
ℹ t = 18, iter = 30: mean score = 9.2e-05, error = 0.01408
ℹ t = 18, iter = 40: mean score = 4e-06, error = 6.063e-05
ℹ t = 18, iter = 50: mean score = 0, error = 1.882e-07
ℹ t = 18, iter = 60: mean score = 0, error = 1.086e-09
ℹ t = 18, iter = 70: mean score = 0, error = 3.842e-09
✔ t = 18: converged at iter = 70 with error = 3.842e-09
ℹ Solving time periods  18% (t = 19 / 100)
ℹ t = 19: starting iterations (max = 100)
ℹ t = 19, iter = 10: mean score = 0.013766, error = 1231
ℹ t = 19, iter = 20: mean score = 0.001672, error = 2.8
ℹ t = 19, iter = 30: mean score = 9.7e-05, error = 0.01357
ℹ t = 19, iter = 40: mean score = 3e-06, error = 5.881e-05
ℹ t = 19, iter = 50: mean score = 0, error = 1.867e-07
ℹ t = 19, iter = 60: mean score = 0, error = 7.722e-10
ℹ t = 19, iter = 70: mean score = 0, error = 3.182e-09
✔ t = 19: converged at iter = 70 with error = 3.182e-09
ℹ Solving time periods  19% (t = 20 / 100)
ℹ t = 20: starting iterations (max = 100)
ℹ t = 20, iter = 10: mean score = 0.013713, error = 1193
ℹ t = 20, iter = 20: mean score = 0.002772, error = 2.675
ℹ t = 20, iter = 30: mean score = 0.000107, error = 0.01311
ℹ t = 20, iter = 40: mean score = 3e-06, error = 5.715e-05
ℹ t = 20, iter = 50: mean score = 0, error = 1.857e-07
ℹ t = 20, iter = 60: mean score = 0, error = 5.106e-10
✔ t = 20: converged at iter = 69 with error = 3.04e-09
ℹ Solving time periods  20% (t = 21 / 100)
ℹ t = 21: starting iterations (max = 100)
ℹ t = 21, iter = 10: mean score = 0.015879, error = 1157
ℹ t = 21, iter = 20: mean score = 0.001382, error = 2.561
ℹ t = 21, iter = 30: mean score = 0.000124, error = 0.01268
ℹ t = 21, iter = 40: mean score = 4e-06, error = 5.539e-05
ℹ t = 21, iter = 50: mean score = 0, error = 1.718e-07
ℹ t = 21, iter = 60: mean score = 0, error = 1.093e-09
✔ t = 21: converged at iter = 69 with error = 4.25e-09
ℹ Solving time periods  21% (t = 22 / 100)
ℹ t = 22: starting iterations (max = 100)
ℹ t = 22, iter = 10: mean score = 0.018033, error = 1125
ℹ t = 22, iter = 20: mean score = 0.00123, error = 2.458
ℹ t = 22, iter = 30: mean score = 0.000147, error = 0.01228
ℹ t = 22, iter = 40: mean score = 4e-06, error = 5.377e-05
ℹ t = 22, iter = 50: mean score = 0, error = 1.588e-07
ℹ t = 22, iter = 60: mean score = 0, error = 1.901e-09
✔ t = 22: converged at iter = 69 with error = 5.676e-09
ℹ Solving time periods  22% (t = 23 / 100)
ℹ t = 23: starting iterations (max = 100)
ℹ t = 23, iter = 10: mean score = 0.014906, error = 1095
ℹ t = 23, iter = 20: mean score = 0.001115, error = 2.363
ℹ t = 23, iter = 30: mean score = 0.000186, error = 0.01192
ℹ t = 23, iter = 40: mean score = 4e-06, error = 5.228e-05
ℹ t = 23, iter = 50: mean score = 0, error = 1.464e-07
ℹ t = 23, iter = 60: mean score = 0, error = 2.937e-09
✔ t = 23: converged at iter = 69 with error = 7.324e-09
ℹ Solving time periods  23% (t = 24 / 100)
ℹ t = 24: starting iterations (max = 100)
ℹ t = 24, iter = 10: mean score = 0.013937, error = 1067
ℹ t = 24, iter = 20: mean score = 0.001145, error = 2.277
ℹ t = 24, iter = 30: mean score = 0.000269, error = 0.01159
ℹ t = 24, iter = 40: mean score = 4e-06, error = 5.09e-05
ℹ t = 24, iter = 50: mean score = 0, error = 1.348e-07
ℹ t = 24, iter = 60: mean score = 0, error = 4.21e-09
✔ t = 24: converged at iter = 69 with error = 9.204e-09
ℹ Solving time periods  24% (t = 25 / 100)
ℹ t = 25: starting iterations (max = 100)
ℹ t = 25, iter = 10: mean score = 0.014149, error = 1042
ℹ t = 25, iter = 20: mean score = 0.001362, error = 2.199
ℹ t = 25, iter = 30: mean score = 0.000492, error = 0.01129
ℹ t = 25, iter = 40: mean score = 4e-06, error = 4.962e-05
ℹ t = 25, iter = 50: mean score = 0, error = 1.239e-07
ℹ t = 25, iter = 60: mean score = 0, error = 5.727e-09
✔ t = 25: converged at iter = 68 with error = 1.021e-08
ℹ Solving time periods  25% (t = 26 / 100)
ℹ t = 26: starting iterations (max = 100)
ℹ t = 26, iter = 10: mean score = 0.016275, error = 1019
ℹ t = 26, iter = 20: mean score = 0.001107, error = 2.127
ℹ t = 26, iter = 30: mean score = 0.004479, error = 0.01101
ℹ t = 26, iter = 40: mean score = 4e-06, error = 4.87e-05
ℹ t = 26, iter = 50: mean score = 0, error = 1.27e-07
ℹ t = 26, iter = 60: mean score = 0, error = 4.502e-09
✔ t = 26: converged at iter = 68 with error = 8.504e-09
ℹ Solving time periods  26% (t = 27 / 100)
ℹ t = 27: starting iterations (max = 100)
ℹ t = 27, iter = 10: mean score = 0.018688, error = 997.3
ℹ t = 27, iter = 20: mean score = 0.001008, error = 2.062
ℹ t = 27, iter = 30: mean score = 0.000658, error = 0.01076
ℹ t = 27, iter = 40: mean score = 4e-06, error = 4.787e-05
ℹ t = 27, iter = 50: mean score = 0, error = 1.305e-07
ℹ t = 27, iter = 60: mean score = 0, error = 3.413e-09
✔ t = 27: converged at iter = 68 with error = 6.942e-09
ℹ Solving time periods  27% (t = 28 / 100)
ℹ t = 28: starting iterations (max = 100)
ℹ t = 28, iter = 10: mean score = 0.013724, error = 977.5
ℹ t = 28, iter = 20: mean score = 0.000955, error = 2.002
ℹ t = 28, iter = 30: mean score = 0.000348, error = 0.01053
ℹ t = 28, iter = 40: mean score = 4e-06, error = 4.711e-05
ℹ t = 28, iter = 50: mean score = 0, error = 1.343e-07
ℹ t = 28, iter = 60: mean score = 0, error = 2.464e-09
✔ t = 28: converged at iter = 68 with error = 5.526e-09
ℹ Solving time periods  28% (t = 29 / 100)
ℹ t = 29: starting iterations (max = 100)
ℹ t = 29, iter = 10: mean score = 0.013663, error = 940.4
ℹ t = 29, iter = 20: mean score = 0.000945, error = 1.948
ℹ t = 29, iter = 30: mean score = 0.000255, error = 0.01032
ℹ t = 29, iter = 40: mean score = 4e-06, error = 4.642e-05
ℹ t = 29, iter = 50: mean score = 0, error = 1.384e-07
ℹ t = 29, iter = 60: mean score = 0, error = 1.661e-09
✔ t = 29: converged at iter = 69 with error = 4.965e-09
ℹ Solving time periods  29% (t = 30 / 100)
ℹ t = 30: starting iterations (max = 100)
ℹ t = 30, iter = 10: mean score = 0.014349, error = 868
ℹ t = 30, iter = 20: mean score = 0.001, error = 1.898
ℹ t = 30, iter = 30: mean score = 0.00022, error = 0.01012
ℹ t = 30, iter = 40: mean score = 5e-06, error = 4.555e-05
ℹ t = 30, iter = 50: mean score = 0, error = 1.291e-07
ℹ t = 30, iter = 60: mean score = 0, error = 2.55e-09
✔ t = 30: converged at iter = 69 with error = 6.399e-09
ℹ Solving time periods  30% (t = 31 / 100)
ℹ t = 31: starting iterations (max = 100)
ℹ t = 31, iter = 10: mean score = 0.024113, error = 804
ℹ t = 31, iter = 20: mean score = 0.001086, error = 1.852
ℹ t = 31, iter = 30: mean score = 0.000185, error = 0.009942
ℹ t = 31, iter = 40: mean score = 5e-06, error = 4.473e-05
ℹ t = 31, iter = 50: mean score = 0, error = 1.201e-07
ℹ t = 31, iter = 60: mean score = 0, error = 3.645e-09
✔ t = 31: converged at iter = 69 with error = 8.04e-09
ℹ Solving time periods  31% (t = 32 / 100)
ℹ t = 32: starting iterations (max = 100)
ℹ t = 32, iter = 10: mean score = 0.015094, error = 747.3
ℹ t = 32, iter = 20: mean score = 0.000927, error = 1.81
ℹ t = 32, iter = 30: mean score = 0.000166, error = 0.009774
ℹ t = 32, iter = 40: mean score = 5e-06, error = 4.397e-05
ℹ t = 32, iter = 50: mean score = 0, error = 1.115e-07
ℹ t = 32, iter = 60: mean score = 0, error = 4.954e-09
✔ t = 32: converged at iter = 69 with error = 9.9e-09
ℹ Solving time periods  32% (t = 33 / 100)
ℹ t = 33: starting iterations (max = 100)
ℹ t = 33, iter = 10: mean score = 0.013558, error = 697
ℹ t = 33, iter = 20: mean score = 9e-04, error = 1.772
ℹ t = 33, iter = 30: mean score = 0.000154, error = 0.00962
ℹ t = 33, iter = 40: mean score = 5e-06, error = 4.326e-05
ℹ t = 33, iter = 50: mean score = 0, error = 1.032e-07
ℹ t = 33, iter = 60: mean score = 0, error = 6.487e-09
✔ t = 33: converged at iter = 69 with error = 1.199e-08
ℹ Solving time periods  33% (t = 34 / 100)
ℹ t = 34: starting iterations (max = 100)
ℹ t = 34, iter = 10: mean score = 0.013048, error = 652.3
ℹ t = 34, iter = 20: mean score = 0.000892, error = 1.736
ℹ t = 34, iter = 30: mean score = 0.000146, error = 0.009479
ℹ t = 34, iter = 40: mean score = 6e-06, error = 4.259e-05
ℹ t = 34, iter = 50: mean score = 0, error = 9.528e-08
ℹ t = 34, iter = 60: mean score = 0, error = 8.255e-09
✔ t = 34: converged at iter = 69 with error = 1.431e-08
ℹ Solving time periods  34% (t = 35 / 100)
ℹ t = 35: starting iterations (max = 100)
ℹ t = 35, iter = 10: mean score = 0.012757, error = 612.5
ℹ t = 35, iter = 20: mean score = 0.00089, error = 1.704
ℹ t = 35, iter = 30: mean score = 0.00014, error = 0.009348
ℹ t = 35, iter = 40: mean score = 6e-06, error = 4.197e-05
ℹ t = 35, iter = 50: mean score = 0, error = 8.767e-08
ℹ t = 35, iter = 60: mean score = 0, error = 1.027e-08
✔ t = 35: converged at iter = 69 with error = 1.689e-08
ℹ Solving time periods  35% (t = 36 / 100)
ℹ t = 36: starting iterations (max = 100)
ℹ t = 36, iter = 10: mean score = 0.012563, error = 577
ℹ t = 36, iter = 20: mean score = 0.000894, error = 1.674
ℹ t = 36, iter = 30: mean score = 0.000137, error = 0.009228
ℹ t = 36, iter = 40: mean score = 6e-06, error = 4.138e-05
ℹ t = 36, iter = 50: mean score = 0, error = 8.038e-08
ℹ t = 36, iter = 60: mean score = 0, error = 1.254e-08
ℹ t = 36, iter = 70: mean score = 0, error = 1.869e-08
✔ t = 36: converged at iter = 71 with error = 1.948e-08
ℹ Solving time periods  36% (t = 37 / 100)
ℹ t = 37: starting iterations (max = 100)
ℹ t = 37, iter = 10: mean score = 0.012422, error = 551.4
ℹ t = 37, iter = 20: mean score = 0.000902, error = 1.647
ℹ t = 37, iter = 30: mean score = 0.000135, error = 0.009118
ℹ t = 37, iter = 40: mean score = 7e-06, error = 4.087e-05
ℹ t = 37, iter = 50: mean score = 0, error = 7.518e-08
ℹ t = 37, iter = 60: mean score = 0, error = 1.428e-08
ℹ t = 37, iter = 70: mean score = 0, error = 2.076e-08
✔ t = 37: converged at iter = 71 with error = 2.159e-08
ℹ Solving time periods  37% (t = 38 / 100)
ℹ t = 38: starting iterations (max = 100)
ℹ t = 38, iter = 10: mean score = 0.012325, error = 611.9
ℹ t = 38, iter = 20: mean score = 0.000916, error = 1.622
ℹ t = 38, iter = 30: mean score = 0.000134, error = 0.009016
ℹ t = 38, iter = 40: mean score = 8e-06, error = 4.04e-05
ℹ t = 38, iter = 50: mean score = 0, error = 7.017e-08
ℹ t = 38, iter = 60: mean score = 0, error = 1.616e-08
ℹ t = 38, iter = 70: mean score = 0, error = 2.299e-08
✔ t = 38: converged at iter = 71 with error = 2.386e-08
ℹ Solving time periods  38% (t = 39 / 100)
ℹ t = 39: starting iterations (max = 100)
ℹ t = 39, iter = 10: mean score = 0.012245, error = 669.9
ℹ t = 39, iter = 20: mean score = 0.000937, error = 1.599
ℹ t = 39, iter = 30: mean score = 0.000135, error = 0.008923
ℹ t = 39, iter = 40: mean score = 8e-06, error = 3.995e-05
ℹ t = 39, iter = 50: mean score = 0, error = 6.532e-08
ℹ t = 39, iter = 60: mean score = 0, error = 1.82e-08
ℹ t = 39, iter = 70: mean score = 0, error = 2.538e-08
✔ t = 39: converged at iter = 71 with error = 2.629e-08
ℹ Solving time periods  39% (t = 40 / 100)
ℹ t = 40: starting iterations (max = 100)
ℹ t = 40, iter = 10: mean score = 0.012207, error = 725.3
ℹ t = 40, iter = 20: mean score = 0.000969, error = 1.578
ℹ t = 40, iter = 30: mean score = 0.000139, error = 0.008837
ℹ t = 40, iter = 40: mean score = 9e-06, error = 3.953e-05
ℹ t = 40, iter = 50: mean score = 0, error = 6.063e-08
ℹ t = 40, iter = 60: mean score = 0, error = 2.039e-08
ℹ t = 40, iter = 70: mean score = 0, error = 2.793e-08
✔ t = 40: converged at iter = 71 with error = 2.888e-08
ℹ Solving time periods  40% (t = 41 / 100)
ℹ t = 41: starting iterations (max = 100)
ℹ t = 41, iter = 10: mean score = 0.01219, error = 777.9
ℹ t = 41, iter = 20: mean score = 0.001029, error = 1.559
ℹ t = 41, iter = 30: mean score = 0.000147, error = 0.008757
ℹ t = 41, iter = 40: mean score = 1e-05, error = 3.913e-05
ℹ t = 41, iter = 50: mean score = 0, error = 5.61e-08
ℹ t = 41, iter = 60: mean score = 0, error = 2.276e-08
ℹ t = 41, iter = 70: mean score = 0, error = 3.066e-08
✔ t = 41: converged at iter = 73 with error = 3.147e-08
ℹ Solving time periods  41% (t = 42 / 100)
ℹ t = 42: starting iterations (max = 100)
ℹ t = 42, iter = 10: mean score = 0.012181, error = 827.5
ℹ t = 42, iter = 20: mean score = 0.001157, error = 1.541
ℹ t = 42, iter = 30: mean score = 0.000203, error = 0.008684
ℹ t = 42, iter = 40: mean score = 1.3e-05, error = 3.878e-05
ℹ t = 42, iter = 50: mean score = 1e-06, error = 5.256e-08
ℹ t = 42, iter = 60: mean score = 0, error = 2.472e-08
ℹ t = 42, iter = 70: mean score = 0, error = 3.29e-08
✔ t = 42: converged at iter = 75 with error = 3.363e-08
ℹ Solving time periods  42% (t = 43 / 100)
ℹ t = 43: starting iterations (max = 100)
ℹ t = 43, iter = 10: mean score = 0.01218, error = 874
ℹ t = 43, iter = 20: mean score = 0.002415, error = 1.525
ℹ t = 43, iter = 30: mean score = 0.000211, error = 0.008617
ℹ t = 43, iter = 40: mean score = 1.6e-05, error = 3.846e-05
ℹ t = 43, iter = 50: mean score = 1e-06, error = 4.96e-08
ℹ t = 43, iter = 60: mean score = 0, error = 2.645e-08
ℹ t = 43, iter = 70: mean score = 0, error = 3.488e-08
✔ t = 43: converged at iter = 77 with error = 3.555e-08
ℹ Solving time periods  43% (t = 44 / 100)
ℹ t = 44: starting iterations (max = 100)
ℹ t = 44, iter = 10: mean score = 0.012183, error = 917.6
ℹ t = 44, iter = 20: mean score = 0.001178, error = 1.51
ℹ t = 44, iter = 30: mean score = 0.000163, error = 0.008555
ℹ t = 44, iter = 40: mean score = 1.3e-05, error = 3.817e-05
ℹ t = 44, iter = 50: mean score = 0, error = 4.698e-08
ℹ t = 44, iter = 60: mean score = 0, error = 2.808e-08
ℹ t = 44, iter = 70: mean score = 0, error = 3.672e-08
✔ t = 44: converged at iter = 73 with error = 3.759e-08
ℹ Solving time periods  44% (t = 45 / 100)
ℹ t = 45: starting iterations (max = 100)
ℹ t = 45, iter = 10: mean score = 0.012191, error = 958.2
ℹ t = 45, iter = 20: mean score = 0.001113, error = 1.496
ℹ t = 45, iter = 30: mean score = 0.000171, error = 0.008498
ℹ t = 45, iter = 40: mean score = 1.4e-05, error = 3.787e-05
ℹ t = 45, iter = 50: mean score = 0, error = 4.372e-08
ℹ t = 45, iter = 60: mean score = 0, error = 3.036e-08
ℹ t = 45, iter = 70: mean score = 0, error = 3.929e-08
✔ t = 45: converged at iter = 73 with error = 4.02e-08
ℹ Solving time periods  45% (t = 46 / 100)
ℹ t = 46: starting iterations (max = 100)
ℹ t = 46, iter = 10: mean score = 0.012201, error = 995.9
ℹ t = 46, iter = 20: mean score = 0.001112, error = 1.483
ℹ t = 46, iter = 30: mean score = 0.000187, error = 0.008445
ℹ t = 46, iter = 40: mean score = 1.6e-05, error = 3.759e-05
ℹ t = 46, iter = 50: mean score = 0, error = 4.056e-08
ℹ t = 46, iter = 60: mean score = 0, error = 3.278e-08
ℹ t = 46, iter = 70: mean score = 0, error = 4.202e-08
✔ t = 46: converged at iter = 74 with error = 4.245e-08
ℹ Solving time periods  46% (t = 47 / 100)
ℹ t = 47: starting iterations (max = 100)
ℹ t = 47, iter = 10: mean score = 0.012214, error = 1031
ℹ t = 47, iter = 20: mean score = 0.001134, error = 1.471
ℹ t = 47, iter = 30: mean score = 0.000214, error = 0.008397
ℹ t = 47, iter = 40: mean score = 1.7e-05, error = 3.738e-05
ℹ t = 47, iter = 50: mean score = 1e-06, error = 3.916e-08
ℹ t = 47, iter = 60: mean score = 0, error = 3.376e-08
ℹ t = 47, iter = 70: mean score = 0, error = 4.31e-08
✔ t = 47: converged at iter = 75 with error = 4.392e-08
ℹ Solving time periods  47% (t = 48 / 100)
ℹ t = 48: starting iterations (max = 100)
ℹ t = 48, iter = 10: mean score = 0.012229, error = 1063
ℹ t = 48, iter = 20: mean score = 0.00117, error = 1.46
ℹ t = 48, iter = 30: mean score = 0.000265, error = 0.008352
ℹ t = 48, iter = 40: mean score = 1.9e-05, error = 3.714e-05
ℹ t = 48, iter = 50: mean score = 1e-06, error = 3.655e-08
ℹ t = 48, iter = 60: mean score = 0, error = 3.598e-08
ℹ t = 48, iter = 70: mean score = 0, error = 4.559e-08
✔ t = 48: converged at iter = 75 with error = 4.643e-08
ℹ Solving time periods  48% (t = 49 / 100)
ℹ t = 49: starting iterations (max = 100)
ℹ t = 49, iter = 10: mean score = 0.012245, error = 1093
ℹ t = 49, iter = 20: mean score = 0.001221, error = 1.451
ℹ t = 49, iter = 30: mean score = 0.000388, error = 0.008311
ℹ t = 49, iter = 40: mean score = 2.1e-05, error = 3.692e-05
ℹ t = 49, iter = 50: mean score = 1e-06, error = 3.401e-08
ℹ t = 49, iter = 60: mean score = 0, error = 3.832e-08
ℹ t = 49, iter = 70: mean score = 0, error = 4.82e-08
✔ t = 49: converged at iter = 75 with error = 4.906e-08
ℹ Solving time periods  49% (t = 50 / 100)
ℹ t = 50: starting iterations (max = 100)
ℹ t = 50, iter = 10: mean score = 0.012263, error = 1120
ℹ t = 50, iter = 20: mean score = 0.001286, error = 1.441
ℹ t = 50, iter = 30: mean score = 0.001134, error = 0.008273
ℹ t = 50, iter = 40: mean score = 2.4e-05, error = 3.67e-05
ℹ t = 50, iter = 50: mean score = 1e-06, error = 3.153e-08
ℹ t = 50, iter = 60: mean score = 0, error = 4.078e-08
ℹ t = 50, iter = 70: mean score = 0, error = 5.094e-08
✔ t = 50: converged at iter = 75 with error = 5.182e-08
ℹ Solving time periods  51% (t = 51 / 100)
ℹ t = 51: starting iterations (max = 100)
ℹ t = 51, iter = 10: mean score = 0.012283, error = 1145
ℹ t = 51, iter = 20: mean score = 0.001371, error = 1.433
ℹ t = 51, iter = 30: mean score = 0.000826, error = 0.008237
ℹ t = 51, iter = 40: mean score = 2.7e-05, error = 3.649e-05
ℹ t = 51, iter = 50: mean score = 1e-06, error = 2.912e-08
ℹ t = 51, iter = 60: mean score = 0, error = 4.337e-08
ℹ t = 51, iter = 70: mean score = 0, error = 5.381e-08
✔ t = 51: converged at iter = 75 with error = 5.472e-08
ℹ Solving time periods  52% (t = 52 / 100)
ℹ t = 52: starting iterations (max = 100)
ℹ t = 52, iter = 10: mean score = 0.012318, error = 1168
ℹ t = 52, iter = 20: mean score = 0.001483, error = 1.425
ℹ t = 52, iter = 30: mean score = 0.00041, error = 0.008205
ℹ t = 52, iter = 40: mean score = 3.1e-05, error = 3.63e-05
ℹ t = 52, iter = 50: mean score = 1e-06, error = 2.678e-08
ℹ t = 52, iter = 60: mean score = 0, error = 4.61e-08
ℹ t = 52, iter = 70: mean score = 0, error = 5.683e-08
✔ t = 52: converged at iter = 76 with error = 5.743e-08
ℹ Solving time periods  53% (t = 53 / 100)
ℹ t = 53: starting iterations (max = 100)
ℹ t = 53, iter = 10: mean score = 0.012353, error = 1189
ℹ t = 53, iter = 20: mean score = 0.001632, error = 1.418
ℹ t = 53, iter = 30: mean score = 0.000318, error = 0.008175
ℹ t = 53, iter = 40: mean score = 3.5e-05, error = 3.614e-05
ℹ t = 53, iter = 50: mean score = 1e-06, error = 2.527e-08
ℹ t = 53, iter = 60: mean score = 0, error = 4.791e-08
ℹ t = 53, iter = 70: mean score = 0, error = 5.882e-08
✔ t = 53: converged at iter = 77 with error = 5.969e-08
ℹ Solving time periods  54% (t = 54 / 100)
ℹ t = 54: starting iterations (max = 100)
ℹ t = 54, iter = 10: mean score = 0.012387, error = 1208
ℹ t = 54, iter = 20: mean score = 0.001842, error = 1.411
ℹ t = 54, iter = 30: mean score = 0.00028, error = 0.008147
ℹ t = 54, iter = 40: mean score = 4e-05, error = 3.596e-05
ℹ t = 54, iter = 50: mean score = 1e-06, error = 2.323e-08
ℹ t = 54, iter = 60: mean score = 0, error = 5.061e-08
ℹ t = 54, iter = 70: mean score = 0, error = 6.18e-08
✔ t = 54: converged at iter = 77 with error = 6.268e-08
ℹ Solving time periods  55% (t = 55 / 100)
ℹ t = 55: starting iterations (max = 100)
ℹ t = 55, iter = 10: mean score = 0.01242, error = 1225
ℹ t = 55, iter = 20: mean score = 0.002153, error = 1.405
ℹ t = 55, iter = 30: mean score = 0.000262, error = 0.008122
ℹ t = 55, iter = 40: mean score = 4.7e-05, error = 3.58e-05
ℹ t = 55, iter = 50: mean score = 1e-06, error = 2.125e-08
ℹ t = 55, iter = 60: mean score = 0, error = 5.344e-08
ℹ t = 55, iter = 70: mean score = 0, error = 6.491e-08
✔ t = 55: converged at iter = 77 with error = 6.581e-08
ℹ Solving time periods  56% (t = 56 / 100)
ℹ t = 56: starting iterations (max = 100)
ℹ t = 56, iter = 10: mean score = 0.012453, error = 1241
ℹ t = 56, iter = 20: mean score = 0.002663, error = 1.4
ℹ t = 56, iter = 30: mean score = 0.000255, error = 0.008098
ℹ t = 56, iter = 40: mean score = 5.5e-05, error = 3.564e-05
ℹ t = 56, iter = 50: mean score = 1e-06, error = 1.933e-08
ℹ t = 56, iter = 60: mean score = 0, error = 5.641e-08
ℹ t = 56, iter = 70: mean score = 0, error = 6.817e-08
✔ t = 56: converged at iter = 77 with error = 6.909e-08
ℹ Solving time periods  57% (t = 57 / 100)
ℹ t = 57: starting iterations (max = 100)
ℹ t = 57, iter = 10: mean score = 0.012484, error = 1255
ℹ t = 57, iter = 20: mean score = 0.003656, error = 1.394
ℹ t = 57, iter = 30: mean score = 0.000254, error = 0.008076
ℹ t = 57, iter = 40: mean score = 6.5e-05, error = 3.548e-05
ℹ t = 57, iter = 50: mean score = 1e-06, error = 1.747e-08
ℹ t = 57, iter = 60: mean score = 0, error = 5.953e-08
ℹ t = 57, iter = 70: mean score = 0, error = 7.157e-08
✔ t = 57: converged at iter = 78 with error = 7.232e-08
ℹ Solving time periods  58% (t = 58 / 100)
ℹ t = 58: starting iterations (max = 100)
ℹ t = 58, iter = 10: mean score = 0.012515, error = 1267
ℹ t = 58, iter = 20: mean score = 0.006562, error = 1.39
ℹ t = 58, iter = 30: mean score = 0.000258, error = 0.008056
ℹ t = 58, iter = 40: mean score = 7.9e-05, error = 3.535e-05
ℹ t = 58, iter = 50: mean score = 1e-06, error = 1.603e-08
ℹ t = 58, iter = 60: mean score = 0, error = 6.212e-08
ℹ t = 58, iter = 70: mean score = 0, error = 7.44e-08
✔ t = 58: converged at iter = 78 with error = 7.515e-08
ℹ Solving time periods  59% (t = 59 / 100)
ℹ t = 59: starting iterations (max = 100)
ℹ t = 59, iter = 10: mean score = 0.012544, error = 1279
ℹ t = 59, iter = 20: mean score = 0.022605, error = 1.385
ℹ t = 59, iter = 30: mean score = 0.000268, error = 0.008037
ℹ t = 59, iter = 40: mean score = 9.8e-05, error = 3.522e-05
ℹ t = 59, iter = 50: mean score = 2e-06, error = 1.462e-08
ℹ t = 59, iter = 60: mean score = 0, error = 6.481e-08
ℹ t = 59, iter = 70: mean score = 0, error = 7.734e-08
✔ t = 59: converged at iter = 79 with error = 7.827e-08
ℹ Solving time periods  60% (t = 60 / 100)
ℹ t = 60: starting iterations (max = 100)
ℹ t = 60, iter = 10: mean score = 0.012573, error = 1289
ℹ t = 60, iter = 20: mean score = 0.009521, error = 1.381
ℹ t = 60, iter = 30: mean score = 0.000283, error = 0.00802
ℹ t = 60, iter = 40: mean score = 0.000125, error = 3.508e-05
ℹ t = 60, iter = 50: mean score = 2e-06, error = 1.303e-08
ℹ t = 60, iter = 60: mean score = 0, error = 6.817e-08
ℹ t = 60, iter = 70: mean score = 0, error = 8.098e-08
✔ t = 60: converged at iter = 79 with error = 8.194e-08
ℹ Solving time periods  61% (t = 61 / 100)
ℹ t = 61: starting iterations (max = 100)
ℹ t = 61, iter = 10: mean score = 0.0126, error = 1298
ℹ t = 61, iter = 20: mean score = 0.004772, error = 1.377
ℹ t = 61, iter = 30: mean score = 0.000306, error = 0.008003
ℹ t = 61, iter = 40: mean score = 0.000168, error = 3.494e-05
ℹ t = 61, iter = 50: mean score = 2e-06, error = 1.15e-08
ℹ t = 61, iter = 60: mean score = 0, error = 7.168e-08
ℹ t = 61, iter = 70: mean score = 0, error = 8.48e-08
✔ t = 61: converged at iter = 79 with error = 8.577e-08
ℹ Solving time periods  62% (t = 62 / 100)
ℹ t = 62: starting iterations (max = 100)
ℹ t = 62, iter = 10: mean score = 0.012625, error = 1306
ℹ t = 62, iter = 20: mean score = 0.003566, error = 1.374
ℹ t = 62, iter = 30: mean score = 0.000342, error = 0.007988
ℹ t = 62, iter = 40: mean score = 0.000247, error = 3.481e-05
ℹ t = 62, iter = 50: mean score = 2e-06, error = 1.004e-08
ℹ t = 62, iter = 60: mean score = 0, error = 7.535e-08
ℹ t = 62, iter = 70: mean score = 0, error = 8.878e-08
✔ t = 62: converged at iter = 79 with error = 8.978e-08
ℹ Solving time periods  63% (t = 63 / 100)
ℹ t = 63: starting iterations (max = 100)
ℹ t = 63, iter = 10: mean score = 0.01265, error = 1313
ℹ t = 63, iter = 20: mean score = 0.003116, error = 1.37
ℹ t = 63, iter = 30: mean score = 0.000397, error = 0.007974
ℹ t = 63, iter = 40: mean score = 0.000441, error = 3.468e-05
ℹ t = 63, iter = 50: mean score = 3e-06, error = 8.659e-09
ℹ t = 63, iter = 60: mean score = 0, error = 7.92e-08
ℹ t = 63, iter = 70: mean score = 0, error = 9.295e-08
ℹ t = 63, iter = 80: mean score = 0, error = 9.383e-08
✔ t = 63: converged at iter = 80 with error = 9.383e-08
ℹ Solving time periods  64% (t = 64 / 100)
ℹ t = 64: starting iterations (max = 100)
ℹ t = 64, iter = 10: mean score = 0.012673, error = 1320
ℹ t = 64, iter = 20: mean score = 0.003171, error = 1.367
ℹ t = 64, iter = 30: mean score = 0.000501, error = 0.007962
ℹ t = 64, iter = 40: mean score = 0.001722, error = 3.456e-05
ℹ t = 64, iter = 50: mean score = 3e-06, error = 7.491e-09
ℹ t = 64, iter = 60: mean score = 0, error = 8.278e-08
ℹ t = 64, iter = 70: mean score = 0, error = 9.682e-08
ℹ t = 64, iter = 80: mean score = 0, error = 9.772e-08
✔ t = 64: converged at iter = 80 with error = 9.772e-08
ℹ Solving time periods  65% (t = 65 / 100)
ℹ t = 65: starting iterations (max = 100)
ℹ t = 65, iter = 10: mean score = 0.012695, error = 1325
ℹ t = 65, iter = 20: mean score = 0.015765, error = 1.365
ℹ t = 65, iter = 30: mean score = 0.001027, error = 0.00795
ℹ t = 65, iter = 40: mean score = 0.001038, error = 3.445e-05
ℹ t = 65, iter = 50: mean score = 6e-06, error = 6.388e-09
ℹ t = 65, iter = 60: mean score = 0, error = 8.652e-08
ℹ t = 65, iter = 70: mean score = 0, error = 1.009e-07
ℹ t = 65, iter = 80: mean score = 0, error = 1.018e-07
✔ t = 65: converged at iter = 85 with error = 1.018e-07
ℹ Solving time periods  66% (t = 66 / 100)
ℹ t = 66: starting iterations (max = 100)
ℹ t = 66, iter = 10: mean score = 0.012716, error = 1330
ℹ t = 66, iter = 20: mean score = 0.003084, error = 1.362
ℹ t = 66, iter = 30: mean score = 0.001243, error = 0.007938
ℹ t = 66, iter = 40: mean score = 0.000651, error = 3.433e-05
ℹ t = 66, iter = 50: mean score = 1.5e-05, error = 5.295e-09
ℹ t = 66, iter = 60: mean score = 1e-06, error = 9.068e-08
ℹ t = 66, iter = 70: mean score = 0, error = 1.053e-07
ℹ t = 66, iter = 80: mean score = 0, error = 1.063e-07
✔ t = 66: converged at iter = 88 with error = 1.063e-07
ℹ Solving time periods  67% (t = 67 / 100)
ℹ t = 67: starting iterations (max = 100)
ℹ t = 67, iter = 10: mean score = 0.012735, error = 1335
ℹ t = 67, iter = 20: mean score = 0.002681, error = 1.36
ℹ t = 67, iter = 30: mean score = 0.001342, error = 0.007928
ℹ t = 67, iter = 40: mean score = 0.000314, error = 3.421e-05
ℹ t = 67, iter = 50: mean score = 5e-06, error = 4.302e-09
ℹ t = 67, iter = 60: mean score = 0, error = 9.496e-08
ℹ t = 67, iter = 70: mean score = 0, error = 1.099e-07
ℹ t = 67, iter = 80: mean score = 0, error = 1.109e-07
✔ t = 67: converged at iter = 82 with error = 1.109e-07
ℹ Solving time periods  68% (t = 68 / 100)
ℹ t = 68: starting iterations (max = 100)
ℹ t = 68, iter = 10: mean score = 0.012753, error = 1338
ℹ t = 68, iter = 20: mean score = 0.002857, error = 1.357
ℹ t = 68, iter = 30: mean score = 0.012362, error = 0.007918
ℹ t = 68, iter = 40: mean score = 0.000264, error = 3.41e-05
ℹ t = 68, iter = 50: mean score = 6e-06, error = 3.414e-09
ℹ t = 68, iter = 60: mean score = 0, error = 9.933e-08
ℹ t = 68, iter = 70: mean score = 0, error = 1.146e-07
ℹ t = 68, iter = 80: mean score = 0, error = 1.156e-07
✔ t = 68: converged at iter = 84 with error = 1.156e-07
ℹ Solving time periods  69% (t = 69 / 100)
ℹ t = 69: starting iterations (max = 100)
ℹ t = 69, iter = 10: mean score = 0.012771, error = 1341
ℹ t = 69, iter = 20: mean score = 0.007304, error = 1.355
ℹ t = 69, iter = 30: mean score = 0.001589, error = 0.007909
ℹ t = 69, iter = 40: mean score = 0.000272, error = 3.399e-05
ℹ t = 69, iter = 50: mean score = 9e-06, error = 2.606e-09
ℹ t = 69, iter = 60: mean score = 0, error = 1.039e-07
ℹ t = 69, iter = 70: mean score = 0, error = 1.196e-07
ℹ t = 69, iter = 80: mean score = 0, error = 1.206e-07
✔ t = 69: converged at iter = 86 with error = 1.206e-07
ℹ Solving time periods  70% (t = 70 / 100)
ℹ t = 70: starting iterations (max = 100)
ℹ t = 70, iter = 10: mean score = 0.012787, error = 1344
ℹ t = 70, iter = 20: mean score = 0.003021, error = 1.353
ℹ t = 70, iter = 30: mean score = 0.000891, error = 0.007901
ℹ t = 70, iter = 40: mean score = 0.000696, error = 3.387e-05
ℹ t = 70, iter = 50: mean score = 2.3e-05, error = 1.89e-09
ℹ t = 70, iter = 60: mean score = 1e-06, error = 1.088e-07
ℹ t = 70, iter = 70: mean score = 0, error = 1.248e-07
ℹ t = 70, iter = 80: mean score = 0, error = 1.258e-07
ℹ t = 70, iter = 90: mean score = 0, error = 1.259e-07
✔ t = 70: converged at iter = 91 with error = 1.259e-07
ℹ Solving time periods  71% (t = 71 / 100)
ℹ t = 71: starting iterations (max = 100)
ℹ t = 71, iter = 10: mean score = 0.012802, error = 1346
ℹ t = 71, iter = 20: mean score = 0.002245, error = 1.352
ℹ t = 71, iter = 30: mean score = 0.00067, error = 0.007893
ℹ t = 71, iter = 40: mean score = 0.000308, error = 3.376e-05
ℹ t = 71, iter = 50: mean score = 1.9e-05, error = 1.273e-09
ℹ t = 71, iter = 60: mean score = 1e-06, error = 1.139e-07
ℹ t = 71, iter = 70: mean score = 0, error = 1.303e-07
ℹ t = 71, iter = 80: mean score = 0, error = 1.313e-07
ℹ t = 71, iter = 90: mean score = 0, error = 1.314e-07
✔ t = 71: converged at iter = 90 with error = 1.314e-07
ℹ Solving time periods  72% (t = 72 / 100)
ℹ t = 72: starting iterations (max = 100)
ℹ t = 72, iter = 10: mean score = 0.012816, error = 1348
ℹ t = 72, iter = 20: mean score = 0.001989, error = 1.35
ℹ t = 72, iter = 30: mean score = 0.000562, error = 0.007885
ℹ t = 72, iter = 40: mean score = 0.000215, error = 3.365e-05
ℹ t = 72, iter = 50: mean score = 1e-05, error = 7.704e-10
ℹ t = 72, iter = 60: mean score = 1e-06, error = 1.193e-07
ℹ t = 72, iter = 70: mean score = 0, error = 1.359e-07
ℹ t = 72, iter = 80: mean score = 0, error = 1.37e-07
✔ t = 72: converged at iter = 86 with error = 1.371e-07
ℹ Solving time periods  73% (t = 73 / 100)
ℹ t = 73: starting iterations (max = 100)
ℹ t = 73, iter = 10: mean score = 0.012829, error = 1349
ℹ t = 73, iter = 20: mean score = 0.001852, error = 1.348
ℹ t = 73, iter = 30: mean score = 0.000498, error = 0.007878
ℹ t = 73, iter = 40: mean score = 0.000188, error = 3.354e-05
ℹ t = 73, iter = 50: mean score = 9e-06, error = 3.888e-10
ℹ t = 73, iter = 60: mean score = 0, error = 1.248e-07
ℹ t = 73, iter = 70: mean score = 0, error = 1.419e-07
ℹ t = 73, iter = 80: mean score = 0, error = 1.429e-07
✔ t = 73: converged at iter = 85 with error = 1.43e-07
ℹ Solving time periods  74% (t = 74 / 100)
ℹ t = 74: starting iterations (max = 100)
ℹ t = 74, iter = 10: mean score = 0.01284, error = 1351
ℹ t = 74, iter = 20: mean score = 0.001763, error = 1.347
ℹ t = 74, iter = 30: mean score = 0.000457, error = 0.007871
ℹ t = 74, iter = 40: mean score = 0.000176, error = 3.342e-05
ℹ t = 74, iter = 50: mean score = 8e-06, error = 1.294e-10
ℹ t = 74, iter = 60: mean score = 0, error = 1.307e-07
ℹ t = 74, iter = 70: mean score = 0, error = 1.481e-07
ℹ t = 74, iter = 80: mean score = 0, error = 1.493e-07
✔ t = 74: converged at iter = 84 with error = 1.493e-07
ℹ Solving time periods  75% (t = 75 / 100)
ℹ t = 75: starting iterations (max = 100)
ℹ t = 75, iter = 10: mean score = 0.01285, error = 1351
ℹ t = 75, iter = 20: mean score = 0.001699, error = 1.346
ℹ t = 75, iter = 30: mean score = 0.000428, error = 0.007865
ℹ t = 75, iter = 40: mean score = 0.000173, error = 3.331e-05
ℹ t = 75, iter = 50: mean score = 9e-06, error = 9.316e-12
ℹ t = 75, iter = 60: mean score = 0, error = 1.367e-07
ℹ t = 75, iter = 70: mean score = 0, error = 1.545e-07
ℹ t = 75, iter = 80: mean score = 0, error = 1.557e-07
✔ t = 75: converged at iter = 84 with error = 1.557e-07
ℹ Solving time periods  76% (t = 76 / 100)
ℹ t = 76: starting iterations (max = 100)
ℹ t = 76, iter = 10: mean score = 0.02727, error = 1352
ℹ t = 76, iter = 20: mean score = 0.389162, error = 1.344
ℹ t = 76, iter = 30: mean score = 0.013034, error = 0.007859
ℹ t = 76, iter = 40: mean score = 0.000782, error = 3.32e-05
ℹ t = 76, iter = 50: mean score = 4.4e-05, error = 2.962e-11
ℹ t = 76, iter = 60: mean score = 2e-06, error = 1.43e-07
ℹ t = 76, iter = 70: mean score = 0, error = 1.612e-07
ℹ t = 76, iter = 80: mean score = 0, error = 1.624e-07
✔ t = 76: converged at iter = 85 with error = 1.625e-07
ℹ Solving time periods  77% (t = 77 / 100)
ℹ t = 77: starting iterations (max = 100)
ℹ t = 77, iter = 10: mean score = 0.027334, error = 1352
ℹ t = 77, iter = 20: mean score = 0.677887, error = 1.343
ℹ t = 77, iter = 30: mean score = 0.006428, error = 0.007853
ℹ t = 77, iter = 40: mean score = 0.000566, error = 3.308e-05
ℹ t = 77, iter = 50: mean score = 2.3e-05, error = 2.045e-10
ℹ t = 77, iter = 60: mean score = 1e-06, error = 1.498e-07
ℹ t = 77, iter = 70: mean score = 0, error = 1.684e-07
ℹ t = 77, iter = 80: mean score = 0, error = 1.696e-07
✔ t = 77: converged at iter = 82 with error = 1.696e-07
ℹ Solving time periods  78% (t = 78 / 100)
ℹ t = 78: starting iterations (max = 100)
ℹ t = 78, iter = 10: mean score = 0.027391, error = 1352
ℹ t = 78, iter = 20: mean score = 0.998447, error = 1.342
ℹ t = 78, iter = 30: mean score = 0.00458, error = 0.007848
ℹ t = 78, iter = 40: mean score = 0.00074, error = 3.297e-05
ℹ t = 78, iter = 50: mean score = 1.8e-05, error = 5.323e-10
ℹ t = 78, iter = 60: mean score = 1e-06, error = 1.566e-07
ℹ t = 78, iter = 70: mean score = 0, error = 1.756e-07
ℹ t = 78, iter = 80: mean score = 0, error = 1.768e-07
✔ t = 78: converged at iter = 82 with error = 1.768e-07
ℹ Solving time periods  79% (t = 79 / 100)
ℹ t = 79: starting iterations (max = 100)
ℹ t = 79, iter = 10: mean score = 0.027442, error = 1352
ℹ t = 79, iter = 20: mean score = 0.320702, error = 1.341
ℹ t = 79, iter = 30: mean score = 0.003725, error = 0.007843
ℹ t = 79, iter = 40: mean score = 0.002222, error = 3.285e-05
ℹ t = 79, iter = 50: mean score = 1.6e-05, error = 1.026e-09
ℹ t = 79, iter = 60: mean score = 1e-06, error = 1.637e-07
ℹ t = 79, iter = 70: mean score = 0, error = 1.831e-07
ℹ t = 79, iter = 80: mean score = 0, error = 1.844e-07
✔ t = 79: converged at iter = 82 with error = 1.844e-07
ℹ Solving time periods  80% (t = 80 / 100)
ℹ t = 80: starting iterations (max = 100)
ℹ t = 80, iter = 10: mean score = 0.027489, error = 1352
ℹ t = 80, iter = 20: mean score = 0.27607, error = 1.34
ℹ t = 80, iter = 30: mean score = 0.003247, error = 0.007838
ℹ t = 80, iter = 40: mean score = 0.00057, error = 3.274e-05
ℹ t = 80, iter = 50: mean score = 1.5e-05, error = 1.695e-09
ℹ t = 80, iter = 60: mean score = 1e-06, error = 1.711e-07
ℹ t = 80, iter = 70: mean score = 0, error = 1.91e-07
ℹ t = 80, iter = 80: mean score = 0, error = 1.922e-07
✔ t = 80: converged at iter = 82 with error = 1.923e-07
ℹ Solving time periods  81% (t = 81 / 100)
ℹ t = 81: starting iterations (max = 100)
ℹ t = 81, iter = 10: mean score = 0.027531, error = 1352
ℹ t = 81, iter = 20: mean score = 0.132626, error = 1.339
ℹ t = 81, iter = 30: mean score = 0.002955, error = 0.007834
ℹ t = 81, iter = 40: mean score = 0.000411, error = 3.262e-05
ℹ t = 81, iter = 50: mean score = 1.4e-05, error = 2.55e-09
ℹ t = 81, iter = 60: mean score = 1e-06, error = 1.789e-07
ℹ t = 81, iter = 70: mean score = 0, error = 1.992e-07
ℹ t = 81, iter = 80: mean score = 0, error = 2.005e-07
✔ t = 81: converged at iter = 82 with error = 2.005e-07
ℹ Solving time periods  82% (t = 82 / 100)
ℹ t = 82: starting iterations (max = 100)
ℹ t = 82, iter = 10: mean score = 0.027568, error = 1351
ℹ t = 82, iter = 20: mean score = 0.110351, error = 1.338
ℹ t = 82, iter = 30: mean score = 0.002771, error = 0.007829
ℹ t = 82, iter = 40: mean score = 0.00035, error = 3.25e-05
ℹ t = 82, iter = 50: mean score = 1.4e-05, error = 3.603e-09
ℹ t = 82, iter = 60: mean score = 1e-06, error = 1.87e-07
ℹ t = 82, iter = 70: mean score = 0, error = 2.077e-07
ℹ t = 82, iter = 80: mean score = 0, error = 2.09e-07
✔ t = 82: converged at iter = 82 with error = 2.091e-07
ℹ Solving time periods  83% (t = 83 / 100)
ℹ t = 83: starting iterations (max = 100)
ℹ t = 83, iter = 10: mean score = 0.027601, error = 1350
ℹ t = 83, iter = 20: mean score = 0.104547, error = 1.337
ℹ t = 83, iter = 30: mean score = 0.002659, error = 0.007825
ℹ t = 83, iter = 40: mean score = 0.000319, error = 3.239e-05
ℹ t = 83, iter = 50: mean score = 1.5e-05, error = 4.866e-09
ℹ t = 83, iter = 60: mean score = 1e-06, error = 1.955e-07
ℹ t = 83, iter = 70: mean score = 0, error = 2.166e-07
ℹ t = 83, iter = 80: mean score = 0, error = 2.18e-07
✔ t = 83: converged at iter = 83 with error = 2.181e-07
ℹ Solving time periods  84% (t = 84 / 100)
ℹ t = 84: starting iterations (max = 100)
ℹ t = 84, iter = 10: mean score = 0.027631, error = 1350
ℹ t = 84, iter = 20: mean score = 0.114066, error = 1.336
ℹ t = 84, iter = 30: mean score = 0.002599, error = 0.007821
ℹ t = 84, iter = 40: mean score = 0.000302, error = 3.226e-05
ℹ t = 84, iter = 50: mean score = 1.6e-05, error = 6.403e-09
ℹ t = 84, iter = 60: mean score = 1e-06, error = 2.046e-07
ℹ t = 84, iter = 70: mean score = 0, error = 2.263e-07
ℹ t = 84, iter = 80: mean score = 0, error = 2.276e-07
✔ t = 84: converged at iter = 84 with error = 2.277e-07
ℹ Solving time periods  85% (t = 85 / 100)
ℹ t = 85: starting iterations (max = 100)
ℹ t = 85, iter = 10: mean score = 0.027657, error = 1349
ℹ t = 85, iter = 20: mean score = 7.777927, error = 1.336
ℹ t = 85, iter = 30: mean score = 0.002583, error = 0.007817
ℹ t = 85, iter = 40: mean score = 0.000294, error = 3.214e-05
ℹ t = 85, iter = 50: mean score = 1.8e-05, error = 8.146e-09
ℹ t = 85, iter = 60: mean score = 1e-06, error = 2.14e-07
ℹ t = 85, iter = 70: mean score = 0, error = 2.361e-07
ℹ t = 85, iter = 80: mean score = 0, error = 2.375e-07
✔ t = 85: converged at iter = 85 with error = 2.376e-07
ℹ Solving time periods  86% (t = 86 / 100)
ℹ t = 86: starting iterations (max = 100)
ℹ t = 86, iter = 10: mean score = 0.02768, error = 1348
ℹ t = 86, iter = 20: mean score = 0.157155, error = 1.335
ℹ t = 86, iter = 30: mean score = 0.002607, error = 0.007813
ℹ t = 86, iter = 40: mean score = 0.000291, error = 3.201e-05
ℹ t = 86, iter = 50: mean score = 2.1e-05, error = 1.018e-08
ℹ t = 86, iter = 60: mean score = 1e-06, error = 2.239e-07
ℹ t = 86, iter = 70: mean score = 0, error = 2.465e-07
ℹ t = 86, iter = 80: mean score = 0, error = 2.479e-07
✔ t = 86: converged at iter = 87 with error = 2.48e-07
ℹ Solving time periods  87% (t = 87 / 100)
ℹ t = 87: starting iterations (max = 100)
ℹ t = 87, iter = 10: mean score = 0.027701, error = 1347
ℹ t = 87, iter = 20: mean score = 0.139984, error = 1.329
ℹ t = 87, iter = 30: mean score = 0.002675, error = 0.007809
ℹ t = 87, iter = 40: mean score = 0.000292, error = 3.188e-05
ℹ t = 87, iter = 50: mean score = 2.7e-05, error = 1.248e-08
ℹ t = 87, iter = 60: mean score = 1e-06, error = 2.342e-07
ℹ t = 87, iter = 70: mean score = 0, error = 2.573e-07
ℹ t = 87, iter = 80: mean score = 0, error = 2.588e-07
✔ t = 87: converged at iter = 89 with error = 2.589e-07
ℹ Solving time periods  88% (t = 88 / 100)
ℹ t = 88: starting iterations (max = 100)
ℹ t = 88, iter = 10: mean score = 0.027719, error = 1346
ℹ t = 88, iter = 20: mean score = 0.182643, error = 1.313
ℹ t = 88, iter = 30: mean score = 0.002799, error = 0.007805
ℹ t = 88, iter = 40: mean score = 0.000298, error = 3.175e-05
ℹ t = 88, iter = 50: mean score = 4.9e-05, error = 1.507e-08
ℹ t = 88, iter = 60: mean score = 3e-06, error = 2.45e-07
ℹ t = 88, iter = 70: mean score = 0, error = 2.686e-07
ℹ t = 88, iter = 80: mean score = 0, error = 2.701e-07
ℹ t = 88, iter = 90: mean score = 0, error = 2.702e-07
✔ t = 88: converged at iter = 93 with error = 2.702e-07
ℹ Solving time periods  89% (t = 89 / 100)
ℹ t = 89: starting iterations (max = 100)
ℹ t = 89, iter = 10: mean score = 0.027734, error = 1345
ℹ t = 89, iter = 20: mean score = 0.263101, error = 1.299
ℹ t = 89, iter = 30: mean score = 0.003005, error = 0.007801
ℹ t = 89, iter = 40: mean score = 0.000309, error = 3.162e-05
ℹ t = 89, iter = 50: mean score = 0.00013, error = 1.796e-08
ℹ t = 89, iter = 60: mean score = 2e-06, error = 2.563e-07
ℹ t = 89, iter = 70: mean score = 0, error = 2.804e-07
ℹ t = 89, iter = 80: mean score = 0, error = 2.819e-07
ℹ t = 89, iter = 90: mean score = 0, error = 2.82e-07
✔ t = 89: converged at iter = 91 with error = 2.82e-07
ℹ Solving time periods  90% (t = 90 / 100)
ℹ t = 90: starting iterations (max = 100)
ℹ t = 90, iter = 10: mean score = 0.027748, error = 1343
ℹ t = 90, iter = 20: mean score = 0.220114, error = 1.286
ℹ t = 90, iter = 30: mean score = 0.00337, error = 0.007798
ℹ t = 90, iter = 40: mean score = 0.000328, error = 3.149e-05
ℹ t = 90, iter = 50: mean score = 4.1e-05, error = 2.118e-08
ℹ t = 90, iter = 60: mean score = 1e-06, error = 2.68e-07
ℹ t = 90, iter = 70: mean score = 0, error = 2.927e-07
ℹ t = 90, iter = 80: mean score = 0, error = 2.942e-07
✔ t = 90: converged at iter = 89 with error = 2.944e-07
ℹ Solving time periods  91% (t = 91 / 100)
ℹ t = 91: starting iterations (max = 100)
ℹ t = 91, iter = 10: mean score = 0.02776, error = 1342
ℹ t = 91, iter = 20: mean score = 0.182996, error = 1.274
ℹ t = 91, iter = 30: mean score = 0.004224, error = 0.007794
ℹ t = 91, iter = 40: mean score = 0.000361, error = 3.135e-05
ℹ t = 91, iter = 50: mean score = 3.3e-05, error = 2.474e-08
ℹ t = 91, iter = 60: mean score = 1e-06, error = 2.803e-07
ℹ t = 91, iter = 70: mean score = 0, error = 3.055e-07
ℹ t = 91, iter = 80: mean score = 0, error = 3.071e-07
✔ t = 91: converged at iter = 88 with error = 3.072e-07
ℹ Solving time periods  92% (t = 92 / 100)
ℹ t = 92: starting iterations (max = 100)
ℹ t = 92, iter = 10: mean score = 0.02777, error = 1341
ℹ t = 92, iter = 20: mean score = 0.173271, error = 1.263
ℹ t = 92, iter = 30: mean score = 0.009877, error = 0.007791
ℹ t = 92, iter = 40: mean score = 0.000464, error = 3.122e-05
ℹ t = 92, iter = 50: mean score = 3.6e-05, error = 2.864e-08
ℹ t = 92, iter = 60: mean score = 2e-06, error = 2.931e-07
ℹ t = 92, iter = 70: mean score = 0, error = 3.189e-07
ℹ t = 92, iter = 80: mean score = 0, error = 3.205e-07
✔ t = 92: converged at iter = 86 with error = 3.206e-07
ℹ Solving time periods  93% (t = 93 / 100)
ℹ t = 93: starting iterations (max = 100)
ℹ t = 93, iter = 10: mean score = 0.027779, error = 1340
ℹ t = 93, iter = 20: mean score = 0.110913, error = 1.252
ℹ t = 93, iter = 30: mean score = 0.007607, error = 0.007787
ℹ t = 93, iter = 40: mean score = 0.00062, error = 3.108e-05
ℹ t = 93, iter = 50: mean score = 4.8e-05, error = 3.291e-08
ℹ t = 93, iter = 60: mean score = 2e-06, error = 3.064e-07
ℹ t = 93, iter = 70: mean score = 0, error = 3.327e-07
ℹ t = 93, iter = 80: mean score = 0, error = 3.344e-07
ℹ t = 93, iter = 90: mean score = 0, error = 3.345e-07
✔ t = 93: converged at iter = 90 with error = 3.345e-07
ℹ Solving time periods  94% (t = 94 / 100)
ℹ t = 94: starting iterations (max = 100)
ℹ t = 94, iter = 10: mean score = 0.027788, error = 1338
ℹ t = 94, iter = 20: mean score = 0.120271, error = 1.243
ℹ t = 94, iter = 30: mean score = 0.051989, error = 0.007784
ℹ t = 94, iter = 40: mean score = 0.000603, error = 3.093e-05
ℹ t = 94, iter = 50: mean score = 4.3e-05, error = 3.76e-08
ℹ t = 94, iter = 60: mean score = 2e-06, error = 3.204e-07
ℹ t = 94, iter = 70: mean score = 0, error = 3.473e-07
ℹ t = 94, iter = 80: mean score = 0, error = 3.49e-07
✔ t = 94: converged at iter = 86 with error = 3.491e-07
ℹ Solving time periods  95% (t = 95 / 100)
ℹ t = 95: starting iterations (max = 100)
ℹ t = 95, iter = 10: mean score = 0.027795, error = 1337
ℹ t = 95, iter = 20: mean score = 0.743095, error = 1.234
ℹ t = 95, iter = 30: mean score = 0.008798, error = 0.007781
ℹ t = 95, iter = 40: mean score = 0.001089, error = 3.079e-05
ℹ t = 95, iter = 50: mean score = 0.000192, error = 4.269e-08
ℹ t = 95, iter = 60: mean score = 1.7e-05, error = 3.349e-07
ℹ t = 95, iter = 70: mean score = 1e-06, error = 3.624e-07
ℹ t = 95, iter = 80: mean score = 0, error = 3.641e-07
ℹ t = 95, iter = 90: mean score = 0, error = 3.642e-07
ℹ t = 95, iter = 100: mean score = 0, error = 3.643e-07
ℹ Solving time periods  96% (t = 96 / 100)
ℹ t = 96: starting iterations (max = 100)
ℹ t = 96, iter = 10: mean score = 0.027801, error = 1336
ℹ t = 96, iter = 20: mean score = 0.107583, error = 1.23
ℹ t = 96, iter = 30: mean score = 0.104, error = 0.007777
ℹ t = 96, iter = 40: mean score = 0.004493, error = 3.064e-05
ℹ t = 96, iter = 50: mean score = 9.1e-05, error = 4.825e-08
ℹ t = 96, iter = 60: mean score = 5e-06, error = 3.501e-07
ℹ t = 96, iter = 70: mean score = 0, error = 3.783e-07
ℹ t = 96, iter = 80: mean score = 0, error = 3.8e-07
ℹ t = 96, iter = 90: mean score = 0, error = 3.801e-07
✔ t = 96: converged at iter = 94 with error = 3.802e-07
ℹ Solving time periods  97% (t = 97 / 100)
ℹ t = 97: starting iterations (max = 100)
ℹ t = 97, iter = 10: mean score = 0.027808, error = 1334
ℹ t = 97, iter = 20: mean score = 0.156944, error = 1.232
ℹ t = 97, iter = 30: mean score = 0.008289, error = 0.007774
ℹ t = 97, iter = 40: mean score = 0.000582, error = 3.049e-05
ℹ t = 97, iter = 50: mean score = 4.3e-05, error = 5.428e-08
ℹ t = 97, iter = 60: mean score = 2e-06, error = 3.661e-07
ℹ t = 97, iter = 70: mean score = 0, error = 3.948e-07
ℹ t = 97, iter = 80: mean score = 0, error = 3.966e-07
✔ t = 97: converged at iter = 87 with error = 3.968e-07
ℹ Solving time periods  98% (t = 98 / 100)
ℹ t = 98: starting iterations (max = 100)
ℹ t = 98, iter = 10: mean score = 0.027814, error = 1333
ℹ t = 98, iter = 20: mean score = 0.124942, error = 1.233
ℹ t = 98, iter = 30: mean score = 0.01124, error = 0.00777
ℹ t = 98, iter = 40: mean score = 0.000548, error = 3.034e-05
ℹ t = 98, iter = 50: mean score = 4.1e-05, error = 6.083e-08
ℹ t = 98, iter = 60: mean score = 2e-06, error = 3.828e-07
ℹ t = 98, iter = 70: mean score = 0, error = 4.121e-07
ℹ t = 98, iter = 80: mean score = 0, error = 4.14e-07
✔ t = 98: converged at iter = 86 with error = 4.141e-07
ℹ Solving time periods  99% (t = 99 / 100)
ℹ t = 99: starting iterations (max = 100)
ℹ t = 99, iter = 10: mean score = 0.02782, error = 1331
ℹ t = 99, iter = 20: mean score = 0.097773, error = 1.233
ℹ t = 99, iter = 30: mean score = 0.007518, error = 0.007767
ℹ t = 99, iter = 40: mean score = 0.000612, error = 3.019e-05
ℹ t = 99, iter = 50: mean score = 4.8e-05, error = 6.784e-08
ℹ t = 99, iter = 60: mean score = 2e-06, error = 4.001e-07
ℹ t = 99, iter = 70: mean score = 0, error = 4.301e-07
ℹ t = 99, iter = 80: mean score = 0, error = 4.32e-07
✔ t = 99: converged at iter = 88 with error = 4.321e-07
ℹ Solving time periods 100% (t = 100 / 100)
ℹ t = 100: starting iterations (max = 100)
ℹ t = 100, iter = 10: mean score = 0.027826, error = 1330
ℹ t = 100, iter = 20: mean score = 0.260696, error = 1.233
ℹ t = 100, iter = 30: mean score = 0.007492, error = 0.007764
ℹ t = 100, iter = 40: mean score = 0.002784, error = 3.003e-05
ℹ t = 100, iter = 50: mean score = 0.00011, error = 7.542e-08
ℹ t = 100, iter = 60: mean score = 6e-06, error = 4.182e-07
ℹ t = 100, iter = 70: mean score = 0, error = 4.489e-07
ℹ t = 100, iter = 80: mean score = 0, error = 4.508e-07
ℹ t = 100, iter = 90: mean score = 0, error = 4.509e-07
✔ t = 100: converged at iter = 95 with error = 4.509e-07

── Simulation completed ──
✔ Total execution time: 4.365 mins
ℹ Last non-NA simulated period: t = 100
────────────────────────────────────────── LEEDS_MODEL run finished ──────────────────────────────────────────
