───────────────────────────────────── LEEDS_MODEL :: New simulation run ──────────────────────────────────────

── Initialization ──
ℹ Parameters loaded: 128 total, nPeriods = 100, max.iterations = 100
ℹ Building A.t and B.t matrices…
ℹ State variable array 'sim' initialized: 6281 variables x 100 periods

── Markup calibration (t = 1) ──
✔ Markup vector 'mu' calibrated at t = 1

── Time loop ──
ℹ Starting Gauss–Seidel iterations across 99 additional periods
ℹ Logging to: /Users/parvulesco/Documents/R/LEEDS_MODEL/data/scenarios/logs/shock_1_run.log
ℹ Solving time periods   1% (t = 2 / 100)
ℹ t = 2: starting iterations (max = 100)
ℹ t = 2, iter = 10: mean score = 0.065781, error = 2512
ℹ t = 2, iter = 20: mean score = 0.003782, error = 13.07
ℹ t = 2, iter = 30: mean score = 0.000263, error = 0.09536
ℹ t = 2, iter = 40: mean score = 2e-05, error = 0.0007324
ℹ t = 2, iter = 50: mean score = 2e-06, error = 5.719e-06
ℹ t = 2, iter = 60: mean score = 0, error = 4.529e-08
ℹ t = 2, iter = 70: mean score = 0, error = 3.634e-10
✔ t = 2: converged at iter = 79 with error = 4.772e-12
ℹ Solving time periods   2% (t = 3 / 100)
ℹ t = 3: starting iterations (max = 100)
ℹ t = 3, iter = 10: mean score = 0.046831, error = 1627
ℹ t = 3, iter = 20: mean score = 0.002245, error = 4.67
ℹ t = 3, iter = 30: mean score = 0.000114, error = 0.01857
ℹ t = 3, iter = 40: mean score = 7e-06, error = 7.352e-05
ℹ t = 3, iter = 50: mean score = 0, error = 2.711e-07
ℹ t = 3, iter = 60: mean score = 0, error = 3.706e-10
ℹ t = 3, iter = 70: mean score = 0, error = 1.37e-10
✔ t = 3: converged at iter = 71 with error = 2.33e-10
ℹ Solving time periods   3% (t = 4 / 100)
ℹ t = 4: starting iterations (max = 100)
ℹ t = 4, iter = 10: mean score = 0.045803, error = 2337
ℹ t = 4, iter = 20: mean score = 0.002422, error = 6.844
ℹ t = 4, iter = 30: mean score = 0.000128, error = 0.02754
ℹ t = 4, iter = 40: mean score = 7e-06, error = 0.0001094
ℹ t = 4, iter = 50: mean score = 0, error = 3.972e-07
ℹ t = 4, iter = 60: mean score = 0, error = 3.06e-10
ℹ t = 4, iter = 70: mean score = 0, error = 4.149e-10
✔ t = 4: converged at iter = 71 with error = 6.114e-10
ℹ Solving time periods   4% (t = 5 / 100)
ℹ t = 5: starting iterations (max = 100)
ℹ t = 5, iter = 10: mean score = 0.038285, error = 2332
ℹ t = 5, iter = 20: mean score = 0.002724, error = 6.727
ℹ t = 5, iter = 30: mean score = 0.000118, error = 0.02738
ℹ t = 5, iter = 40: mean score = 6e-06, error = 0.0001092
ℹ t = 5, iter = 50: mean score = 0, error = 3.856e-07
ℹ t = 5, iter = 60: mean score = 0, error = 6.152e-11
ℹ t = 5, iter = 70: mean score = 0, error = 9.022e-10
✔ t = 5: converged at iter = 72 with error = 9.671e-10
ℹ Solving time periods   5% (t = 6 / 100)
ℹ t = 6: starting iterations (max = 100)
ℹ t = 6, iter = 10: mean score = 0.030095, error = 2222
ℹ t = 6, iter = 20: mean score = 0.003155, error = 6.298
ℹ t = 6, iter = 30: mean score = 0.000144, error = 0.02599
ℹ t = 6, iter = 40: mean score = 6e-06, error = 0.0001045
ℹ t = 6, iter = 50: mean score = 0, error = 3.759e-07
ℹ t = 6, iter = 60: mean score = 0, error = 1.604e-10
ℹ t = 6, iter = 70: mean score = 0, error = 5.981e-10
✔ t = 6: converged at iter = 72 with error = 6.5e-10
ℹ Solving time periods   6% (t = 7 / 100)
ℹ t = 7: starting iterations (max = 100)
ℹ t = 7, iter = 10: mean score = 0.022224, error = 2104
ℹ t = 7, iter = 20: mean score = 0.010159, error = 5.854
ℹ t = 7, iter = 30: mean score = 0.000349, error = 0.02447
ℹ t = 7, iter = 40: mean score = 9e-06, error = 9.921e-05
ℹ t = 7, iter = 50: mean score = 0, error = 3.631e-07
ℹ t = 7, iter = 60: mean score = 0, error = 2.892e-10
ℹ t = 7, iter = 70: mean score = 0, error = 3.692e-10
✔ t = 7: converged at iter = 73 with error = 5.114e-10
ℹ Solving time periods   7% (t = 8 / 100)
ℹ t = 8: starting iterations (max = 100)
ℹ t = 8, iter = 10: mean score = 0.02245, error = 1994
ℹ t = 8, iter = 20: mean score = 0.005328, error = 5.444
ℹ t = 8, iter = 30: mean score = 0.000261, error = 0.02306
ℹ t = 8, iter = 40: mean score = 9e-06, error = 9.403e-05
ℹ t = 8, iter = 50: mean score = 0, error = 3.394e-07
ℹ t = 8, iter = 60: mean score = 0, error = 1.306e-10
ℹ t = 8, iter = 70: mean score = 0, error = 5.721e-10
✔ t = 8: converged at iter = 73 with error = 7.419e-10
ℹ Solving time periods   8% (t = 9 / 100)
ℹ t = 9: starting iterations (max = 100)
ℹ t = 9, iter = 10: mean score = 0.019852, error = 1893
ℹ t = 9, iter = 20: mean score = 0.003127, error = 5.073
ℹ t = 9, iter = 30: mean score = 0.000283, error = 0.02176
ℹ t = 9, iter = 40: mean score = 1e-05, error = 8.928e-05
ℹ t = 9, iter = 50: mean score = 0, error = 3.176e-07
ℹ t = 9, iter = 60: mean score = 0, error = 3.61e-11
ℹ t = 9, iter = 70: mean score = 0, error = 8.133e-10
✔ t = 9: converged at iter = 74 with error = 9.024e-10
ℹ Solving time periods   9% (t = 10 / 100)
ℹ t = 10: starting iterations (max = 100)
ℹ t = 10, iter = 10: mean score = 0.017733, error = 1788
ℹ t = 10, iter = 20: mean score = 0.001642, error = 4.702
ℹ t = 10, iter = 30: mean score = 0.000235, error = 0.02046
ℹ t = 10, iter = 40: mean score = 1.1e-05, error = 8.459e-05
ℹ t = 10, iter = 50: mean score = 1e-06, error = 3.034e-07
ℹ t = 10, iter = 60: mean score = 0, error = 5.353e-11
ℹ t = 10, iter = 70: mean score = 0, error = 6.948e-10
✔ t = 10: converged at iter = 76 with error = 7.925e-10
ℹ Solving time periods  10% (t = 11 / 100)
ℹ t = 11: starting iterations (max = 100)
ℹ t = 11, iter = 10: mean score = 0.017232, error = 1702
ℹ t = 11, iter = 20: mean score = 0.001682, error = 4.394
ℹ t = 11, iter = 30: mean score = 0.015256, error = 0.01936
ℹ t = 11, iter = 40: mean score = 0.000228, error = 8.062e-05
ℹ t = 11, iter = 50: mean score = 1.3e-05, error = 2.902e-07
ℹ t = 11, iter = 60: mean score = 1e-06, error = 5.608e-11
ℹ t = 11, iter = 70: mean score = 0, error = 6.474e-10
ℹ t = 11, iter = 80: mean score = 0, error = 7.546e-10
✔ t = 11: converged at iter = 89 with error = 7.625e-10
ℹ Solving time periods  11% (t = 12 / 100)
ℹ t = 12: starting iterations (max = 100)
ℹ t = 12, iter = 10: mean score = 0.016386, error = 1625
ℹ t = 12, iter = 20: mean score = 0.002035, error = 4.119
ℹ t = 12, iter = 30: mean score = 0.000575, error = 0.01838
ℹ t = 12, iter = 40: mean score = 1.4e-05, error = 7.702e-05
ℹ t = 12, iter = 50: mean score = 1e-06, error = 2.767e-07
ℹ t = 12, iter = 60: mean score = 0, error = 3.75e-11
ℹ t = 12, iter = 70: mean score = 0, error = 6.825e-10
✔ t = 12: converged at iter = 77 with error = 8.144e-10
ℹ Solving time periods  12% (t = 13 / 100)
ℹ t = 13: starting iterations (max = 100)
ℹ t = 13, iter = 10: mean score = 0.020089, error = 1554
ℹ t = 13, iter = 20: mean score = 0.001512, error = 3.872
ℹ t = 13, iter = 30: mean score = 0.000584, error = 0.01749
ℹ t = 13, iter = 40: mean score = 1.2e-05, error = 7.372e-05
ℹ t = 13, iter = 50: mean score = 0, error = 2.633e-07
ℹ t = 13, iter = 60: mean score = 0, error = 1.381e-11
ℹ t = 13, iter = 70: mean score = 0, error = 7.781e-10
✔ t = 13: converged at iter = 74 with error = 8.578e-10
ℹ Solving time periods  13% (t = 14 / 100)
ℹ t = 14: starting iterations (max = 100)
ℹ t = 14, iter = 10: mean score = 0.016771, error = 1489
ℹ t = 14, iter = 20: mean score = 0.002046, error = 3.648
ℹ t = 14, iter = 30: mean score = 0.001107, error = 0.01668
ℹ t = 14, iter = 40: mean score = 1.2e-05, error = 7.076e-05
ℹ t = 14, iter = 50: mean score = 0, error = 2.546e-07
ℹ t = 14, iter = 60: mean score = 0, error = 2.464e-11
ℹ t = 14, iter = 70: mean score = 0, error = 6.787e-10
✔ t = 14: converged at iter = 73 with error = 8.391e-10
ℹ Solving time periods  14% (t = 15 / 100)
ℹ t = 15: starting iterations (max = 100)
ℹ t = 15, iter = 10: mean score = 0.034008, error = 1430
ℹ t = 15, iter = 20: mean score = 0.021695, error = 3.445
ℹ t = 15, iter = 30: mean score = 0.003871, error = 0.01594
ℹ t = 15, iter = 40: mean score = 1.1e-05, error = 6.797e-05
ℹ t = 15, iter = 50: mean score = 0, error = 2.411e-07
ℹ t = 15, iter = 60: mean score = 0, error = 2.531e-13
ℹ t = 15, iter = 70: mean score = 0, error = 8.976e-10
✔ t = 15: converged at iter = 72 with error = 9.495e-10
ℹ Solving time periods  15% (t = 16 / 100)
ℹ t = 16: starting iterations (max = 100)
ℹ t = 16, iter = 10: mean score = 0.015173, error = 1376
ℹ t = 16, iter = 20: mean score = 0.002034, error = 3.261
ℹ t = 16, iter = 30: mean score = 0.000786, error = 0.01527
ℹ t = 16, iter = 40: mean score = 1.2e-05, error = 6.553e-05
ℹ t = 16, iter = 50: mean score = 0, error = 2.357e-07
ℹ t = 16, iter = 60: mean score = 0, error = 1.215e-11
ℹ t = 16, iter = 70: mean score = 0, error = 7.002e-10
✔ t = 16: converged at iter = 71 with error = 8.949e-10
ℹ Solving time periods  16% (t = 17 / 100)
ℹ t = 17: starting iterations (max = 100)
ℹ t = 17, iter = 10: mean score = 0.015847, error = 1326
ℹ t = 17, iter = 20: mean score = 0.001493, error = 3.094
ℹ t = 17, iter = 30: mean score = 0.000493, error = 0.01465
ℹ t = 17, iter = 40: mean score = 1.3e-05, error = 6.315e-05
ℹ t = 17, iter = 50: mean score = 0, error = 2.218e-07
ℹ t = 17, iter = 60: mean score = 0, error = 9.7e-12
ℹ t = 17, iter = 70: mean score = 0, error = 1.062e-09
✔ t = 17: converged at iter = 70 with error = 1.062e-09
ℹ Solving time periods  17% (t = 18 / 100)
ℹ t = 18: starting iterations (max = 100)
ℹ t = 18, iter = 10: mean score = 0.014948, error = 1281
ℹ t = 18, iter = 20: mean score = 0.00122, error = 2.942
ℹ t = 18, iter = 30: mean score = 0.000377, error = 0.01409
ℹ t = 18, iter = 40: mean score = 1.3e-05, error = 6.116e-05
ℹ t = 18, iter = 50: mean score = 0, error = 2.203e-07
ℹ t = 18, iter = 60: mean score = 0, error = 7.646e-12
ℹ t = 18, iter = 70: mean score = 0, error = 6.892e-10
✔ t = 18: converged at iter = 70 with error = 6.892e-10
ℹ Solving time periods  18% (t = 19 / 100)
ℹ t = 19: starting iterations (max = 100)
ℹ t = 19, iter = 10: mean score = 0.01384, error = 1239
ℹ t = 19, iter = 20: mean score = 0.001081, error = 2.805
ℹ t = 19, iter = 30: mean score = 0.000316, error = 0.01358
ℹ t = 19, iter = 40: mean score = 1.4e-05, error = 5.934e-05
ℹ t = 19, iter = 50: mean score = 0, error = 2.194e-07
ℹ t = 19, iter = 60: mean score = 0, error = 7.542e-11
✔ t = 19: converged at iter = 69 with error = 5.896e-10
ℹ Solving time periods  19% (t = 20 / 100)
ℹ t = 20: starting iterations (max = 100)
ℹ t = 20, iter = 10: mean score = 0.013459, error = 1200
ℹ t = 20, iter = 20: mean score = 0.001012, error = 2.68
ℹ t = 20, iter = 30: mean score = 0.000278, error = 0.01311
ℹ t = 20, iter = 40: mean score = 1.5e-05, error = 5.743e-05
ℹ t = 20, iter = 50: mean score = 0, error = 2.043e-07
ℹ t = 20, iter = 60: mean score = 0, error = 1.638e-12
✔ t = 20: converged at iter = 69 with error = 1.142e-09
ℹ Solving time periods  20% (t = 21 / 100)
ℹ t = 21: starting iterations (max = 100)
ℹ t = 21, iter = 10: mean score = 0.013788, error = 1165
ℹ t = 21, iter = 20: mean score = 0.000992, error = 2.566
ℹ t = 21, iter = 30: mean score = 0.000255, error = 0.01268
ℹ t = 21, iter = 40: mean score = 1.7e-05, error = 5.568e-05
ℹ t = 21, iter = 50: mean score = 0, error = 1.902e-07
ℹ t = 21, iter = 60: mean score = 0, error = 1.272e-10
✔ t = 21: converged at iter = 69 with error = 1.882e-09
ℹ Solving time periods  21% (t = 22 / 100)
ℹ t = 22: starting iterations (max = 100)
ℹ t = 22, iter = 10: mean score = 0.024085, error = 1132
ℹ t = 22, iter = 20: mean score = 0.000996, error = 2.462
ℹ t = 22, iter = 30: mean score = 0.000237, error = 0.01228
ℹ t = 22, iter = 40: mean score = 1.9e-05, error = 5.406e-05
ℹ t = 22, iter = 50: mean score = 0, error = 1.768e-07
ℹ t = 22, iter = 60: mean score = 0, error = 4.546e-10
✔ t = 22: converged at iter = 69 with error = 2.813e-09
ℹ Solving time periods  22% (t = 23 / 100)
ℹ t = 23: starting iterations (max = 100)
ℹ t = 23, iter = 10: mean score = 0.020409, error = 1102
ℹ t = 23, iter = 20: mean score = 0.000941, error = 2.368
ℹ t = 23, iter = 30: mean score = 0.000222, error = 0.01192
ℹ t = 23, iter = 40: mean score = 2e-05, error = 5.256e-05
ℹ t = 23, iter = 50: mean score = 0, error = 1.642e-07
ℹ t = 23, iter = 60: mean score = 0, error = 9.879e-10
✔ t = 23: converged at iter = 69 with error = 3.942e-09
ℹ Solving time periods  23% (t = 24 / 100)
ℹ t = 24: starting iterations (max = 100)
ℹ t = 24, iter = 10: mean score = 0.014864, error = 1075
ℹ t = 24, iter = 20: mean score = 0.001005, error = 2.281
ℹ t = 24, iter = 30: mean score = 0.000217, error = 0.01159
ℹ t = 24, iter = 40: mean score = 2.3e-05, error = 5.118e-05
ℹ t = 24, iter = 50: mean score = 1e-06, error = 1.523e-07
ℹ t = 24, iter = 60: mean score = 0, error = 1.732e-09
ℹ t = 24, iter = 70: mean score = 0, error = 4.696e-09
✔ t = 24: converged at iter = 70 with error = 4.696e-09
ℹ Solving time periods  24% (t = 25 / 100)
ℹ t = 25: starting iterations (max = 100)
ℹ t = 25, iter = 10: mean score = 0.014563, error = 1050
ℹ t = 25, iter = 20: mean score = 0.001169, error = 2.203
ℹ t = 25, iter = 30: mean score = 0.000211, error = 0.01129
ℹ t = 25, iter = 40: mean score = 2.5e-05, error = 5.01e-05
ℹ t = 25, iter = 50: mean score = 1e-06, error = 1.523e-07
ℹ t = 25, iter = 60: mean score = 0, error = 1.371e-09
ℹ t = 25, iter = 70: mean score = 0, error = 4.054e-09
✔ t = 25: converged at iter = 70 with error = 4.054e-09
ℹ Solving time periods  25% (t = 26 / 100)
ℹ t = 26: starting iterations (max = 100)
ℹ t = 26, iter = 10: mean score = 0.015865, error = 1026
ℹ t = 26, iter = 20: mean score = 0.000924, error = 2.131
ℹ t = 26, iter = 30: mean score = 0.000196, error = 0.01101
ℹ t = 26, iter = 40: mean score = 2.8e-05, error = 4.912e-05
ℹ t = 26, iter = 50: mean score = 1e-06, error = 1.527e-07
ℹ t = 26, iter = 60: mean score = 0, error = 1.049e-09
ℹ t = 26, iter = 70: mean score = 0, error = 3.456e-09
✔ t = 26: converged at iter = 70 with error = 3.456e-09
ℹ Solving time periods  26% (t = 27 / 100)
ℹ t = 27: starting iterations (max = 100)
ℹ t = 27, iter = 10: mean score = 0.018019, error = 1005
ℹ t = 27, iter = 20: mean score = 0.000954, error = 2.066
ℹ t = 27, iter = 30: mean score = 0.000199, error = 0.01076
ℹ t = 27, iter = 40: mean score = 3.2e-05, error = 4.823e-05
ℹ t = 27, iter = 50: mean score = 1e-06, error = 1.534e-07
ℹ t = 27, iter = 60: mean score = 0, error = 7.673e-10
ℹ t = 27, iter = 70: mean score = 0, error = 2.901e-09
✔ t = 27: converged at iter = 71 with error = 3.235e-09
ℹ Solving time periods  27% (t = 28 / 100)
ℹ t = 28: starting iterations (max = 100)
ℹ t = 28, iter = 10: mean score = 0.013809, error = 985
ℹ t = 28, iter = 20: mean score = 0.000959, error = 2.006
ℹ t = 28, iter = 30: mean score = 0.000184, error = 0.01053
ℹ t = 28, iter = 40: mean score = 3.5e-05, error = 4.726e-05
ℹ t = 28, iter = 50: mean score = 1e-06, error = 1.459e-07
ℹ t = 28, iter = 60: mean score = 0, error = 1.143e-09
ℹ t = 28, iter = 70: mean score = 0, error = 3.57e-09
✔ t = 28: converged at iter = 71 with error = 3.937e-09
ℹ Solving time periods  28% (t = 29 / 100)
ℹ t = 29: starting iterations (max = 100)
ℹ t = 29, iter = 10: mean score = 0.013783, error = 955.8
ℹ t = 29, iter = 20: mean score = 0.00086, error = 1.951
ℹ t = 29, iter = 30: mean score = 0.000178, error = 0.01031
ℹ t = 29, iter = 40: mean score = 4e-05, error = 4.636e-05
ℹ t = 29, iter = 50: mean score = 1e-06, error = 1.387e-07
ℹ t = 29, iter = 60: mean score = 0, error = 1.599e-09
ℹ t = 29, iter = 70: mean score = 0, error = 4.32e-09
✔ t = 29: converged at iter = 71 with error = 4.719e-09
ℹ Solving time periods  29% (t = 30 / 100)
ℹ t = 30: starting iterations (max = 100)
ℹ t = 30, iter = 10: mean score = 0.014594, error = 882.3
ℹ t = 30, iter = 20: mean score = 0.000841, error = 1.901
ℹ t = 30, iter = 30: mean score = 0.000174, error = 0.01011
ℹ t = 30, iter = 40: mean score = 4.6e-05, error = 4.553e-05
ℹ t = 30, iter = 50: mean score = 1e-06, error = 1.318e-07
ℹ t = 30, iter = 60: mean score = 0, error = 2.138e-09
ℹ t = 30, iter = 70: mean score = 0, error = 5.153e-09
✔ t = 30: converged at iter = 71 with error = 5.586e-09
ℹ Solving time periods  30% (t = 31 / 100)
ℹ t = 31: starting iterations (max = 100)
ℹ t = 31, iter = 10: mean score = 0.043707, error = 817.2
ℹ t = 31, iter = 20: mean score = 0.00084, error = 1.855
ℹ t = 31, iter = 30: mean score = 0.000171, error = 0.009932
ℹ t = 31, iter = 40: mean score = 5.3e-05, error = 4.476e-05
ℹ t = 31, iter = 50: mean score = 1e-06, error = 1.253e-07
ℹ t = 31, iter = 60: mean score = 0, error = 2.763e-09
ℹ t = 31, iter = 70: mean score = 0, error = 6.075e-09
✔ t = 31: converged at iter = 71 with error = 6.541e-09
ℹ Solving time periods  31% (t = 32 / 100)
ℹ t = 32: starting iterations (max = 100)
ℹ t = 32, iter = 10: mean score = 0.014852, error = 759.5
ℹ t = 32, iter = 20: mean score = 0.000864, error = 1.813
ℹ t = 32, iter = 30: mean score = 0.000171, error = 0.009764
ℹ t = 32, iter = 40: mean score = 6.3e-05, error = 4.404e-05
ℹ t = 32, iter = 50: mean score = 1e-06, error = 1.189e-07
ℹ t = 32, iter = 60: mean score = 0, error = 3.479e-09
ℹ t = 32, iter = 70: mean score = 0, error = 7.09e-09
✔ t = 32: converged at iter = 72 with error = 7.209e-09
ℹ Solving time periods  32% (t = 33 / 100)
ℹ t = 33: starting iterations (max = 100)
ℹ t = 33, iter = 10: mean score = 0.013567, error = 708.3
ℹ t = 33, iter = 20: mean score = 0.000833, error = 1.774
ℹ t = 33, iter = 30: mean score = 0.000185, error = 0.009612
ℹ t = 33, iter = 40: mean score = 7.6e-05, error = 4.348e-05
ℹ t = 33, iter = 50: mean score = 1e-06, error = 1.182e-07
ℹ t = 33, iter = 60: mean score = 0, error = 3.318e-09
ℹ t = 33, iter = 70: mean score = 0, error = 6.834e-09
✔ t = 33: converged at iter = 72 with error = 6.951e-09
ℹ Solving time periods  33% (t = 34 / 100)
ℹ t = 34: starting iterations (max = 100)
ℹ t = 34, iter = 10: mean score = 0.013097, error = 662.8
ℹ t = 34, iter = 20: mean score = 0.000946, error = 1.739
ℹ t = 34, iter = 30: mean score = 0.000166, error = 0.009472
ℹ t = 34, iter = 40: mean score = 9.2e-05, error = 4.296e-05
ℹ t = 34, iter = 50: mean score = 1e-06, error = 1.176e-07
ℹ t = 34, iter = 60: mean score = 0, error = 3.158e-09
ℹ t = 34, iter = 70: mean score = 0, error = 6.582e-09
✔ t = 34: converged at iter = 72 with error = 6.696e-09
ℹ Solving time periods  34% (t = 35 / 100)
ℹ t = 35: starting iterations (max = 100)
ℹ t = 35, iter = 10: mean score = 0.012836, error = 622.3
ℹ t = 35, iter = 20: mean score = 0.000857, error = 1.707
ℹ t = 35, iter = 30: mean score = 0.000163, error = 0.009343
ℹ t = 35, iter = 40: mean score = 0.000117, error = 4.248e-05
ℹ t = 35, iter = 50: mean score = 1e-06, error = 1.171e-07
ℹ t = 35, iter = 60: mean score = 0, error = 3e-09
ℹ t = 35, iter = 70: mean score = 0, error = 6.332e-09
✔ t = 35: converged at iter = 73 with error = 6.71e-09
ℹ Solving time periods  35% (t = 36 / 100)
ℹ t = 36: starting iterations (max = 100)
ℹ t = 36, iter = 10: mean score = 0.012665, error = 586.2
ℹ t = 36, iter = 20: mean score = 0.00084, error = 1.677
ℹ t = 36, iter = 30: mean score = 0.000161, error = 0.009223
ℹ t = 36, iter = 40: mean score = 0.000156, error = 4.197e-05
ℹ t = 36, iter = 50: mean score = 1e-06, error = 1.128e-07
ℹ t = 36, iter = 60: mean score = 0, error = 3.501e-09
ℹ t = 36, iter = 70: mean score = 0, error = 7.032e-09
✔ t = 36: converged at iter = 73 with error = 7.427e-09
ℹ Solving time periods  36% (t = 37 / 100)
ℹ t = 37: starting iterations (max = 100)
ℹ t = 37, iter = 10: mean score = 0.012547, error = 565.8
ℹ t = 37, iter = 20: mean score = 0.000838, error = 1.65
ℹ t = 37, iter = 30: mean score = 0.00016, error = 0.009113
ℹ t = 37, iter = 40: mean score = 0.000227, error = 4.15e-05
ℹ t = 37, iter = 50: mean score = 1e-06, error = 1.086e-07
ℹ t = 37, iter = 60: mean score = 0, error = 4.05e-09
ℹ t = 37, iter = 70: mean score = 0, error = 7.781e-09
✔ t = 37: converged at iter = 73 with error = 8.196e-09
ℹ Solving time periods  37% (t = 38 / 100)
ℹ t = 38: starting iterations (max = 100)
ℹ t = 38, iter = 10: mean score = 0.012471, error = 626.7
ℹ t = 38, iter = 20: mean score = 0.000845, error = 1.625
ℹ t = 38, iter = 30: mean score = 0.00016, error = 0.009012
ℹ t = 38, iter = 40: mean score = 0.000397, error = 4.105e-05
ℹ t = 38, iter = 50: mean score = 1e-06, error = 1.045e-07
ℹ t = 38, iter = 60: mean score = 0, error = 4.648e-09
ℹ t = 38, iter = 70: mean score = 0, error = 8.584e-09
✔ t = 38: converged at iter = 73 with error = 9.017e-09
ℹ Solving time periods  38% (t = 39 / 100)
ℹ t = 39: starting iterations (max = 100)
ℹ t = 39, iter = 10: mean score = 0.012402, error = 685.1
ℹ t = 39, iter = 20: mean score = 0.000859, error = 1.602
ℹ t = 39, iter = 30: mean score = 0.00016, error = 0.008918
ℹ t = 39, iter = 40: mean score = 0.001358, error = 4.064e-05
ℹ t = 39, iter = 50: mean score = 1e-06, error = 1.006e-07
ℹ t = 39, iter = 60: mean score = 0, error = 5.299e-09
ℹ t = 39, iter = 70: mean score = 0, error = 9.443e-09
✔ t = 39: converged at iter = 73 with error = 9.895e-09
ℹ Solving time periods  39% (t = 40 / 100)
ℹ t = 40: starting iterations (max = 100)
ℹ t = 40, iter = 10: mean score = 0.012346, error = 740.8
ℹ t = 40, iter = 20: mean score = 0.000886, error = 1.58
ℹ t = 40, iter = 30: mean score = 0.000162, error = 0.008832
ℹ t = 40, iter = 40: mean score = 0.00107, error = 4.025e-05
ℹ t = 40, iter = 50: mean score = 2e-06, error = 9.672e-08
ℹ t = 40, iter = 60: mean score = 0, error = 6.006e-09
ℹ t = 40, iter = 70: mean score = 0, error = 1.036e-08
✔ t = 40: converged at iter = 74 with error = 1.058e-08
ℹ Solving time periods  40% (t = 41 / 100)
ℹ t = 41: starting iterations (max = 100)
ℹ t = 41, iter = 10: mean score = 0.012299, error = 793.5
ℹ t = 41, iter = 20: mean score = 0.000939, error = 1.561
ℹ t = 41, iter = 30: mean score = 0.000167, error = 0.008754
ℹ t = 41, iter = 40: mean score = 0.000416, error = 3.994e-05
ℹ t = 41, iter = 50: mean score = 2e-06, error = 9.561e-08
ℹ t = 41, iter = 60: mean score = 0, error = 6.077e-09
ℹ t = 41, iter = 70: mean score = 0, error = 1.044e-08
✔ t = 41: converged at iter = 74 with error = 1.066e-08
ℹ Solving time periods  41% (t = 42 / 100)
ℹ t = 42: starting iterations (max = 100)
ℹ t = 42, iter = 10: mean score = 0.012259, error = 843.2
ℹ t = 42, iter = 20: mean score = 0.001057, error = 1.543
ℹ t = 42, iter = 30: mean score = 0.000221, error = 0.008681
ℹ t = 42, iter = 40: mean score = 0.000275, error = 3.966e-05
ℹ t = 42, iter = 50: mean score = 2e-06, error = 9.456e-08
ℹ t = 42, iter = 60: mean score = 0, error = 6.15e-09
ℹ t = 42, iter = 70: mean score = 0, error = 1.052e-08
✔ t = 42: converged at iter = 75 with error = 1.093e-08
ℹ Solving time periods  42% (t = 43 / 100)
ℹ t = 43: starting iterations (max = 100)
ℹ t = 43, iter = 10: mean score = 0.012226, error = 889.9
ℹ t = 43, iter = 20: mean score = 0.003154, error = 1.527
ℹ t = 43, iter = 30: mean score = 0.000284, error = 0.008614
ℹ t = 43, iter = 40: mean score = 0.000217, error = 3.936e-05
ℹ t = 43, iter = 50: mean score = 2e-06, error = 9.16e-08
ℹ t = 43, iter = 60: mean score = 0, error = 6.747e-09
ℹ t = 43, iter = 70: mean score = 0, error = 1.128e-08
✔ t = 43: converged at iter = 79 with error = 1.165e-08
ℹ Solving time periods  43% (t = 44 / 100)
ℹ t = 44: starting iterations (max = 100)
ℹ t = 44, iter = 10: mean score = 0.012197, error = 933.5
ℹ t = 44, iter = 20: mean score = 0.001074, error = 1.512
ℹ t = 44, iter = 30: mean score = 0.000166, error = 0.008552
ℹ t = 44, iter = 40: mean score = 0.000176, error = 3.909e-05
ℹ t = 44, iter = 50: mean score = 2e-06, error = 8.925e-08
ℹ t = 44, iter = 60: mean score = 0, error = 7.223e-09
ℹ t = 44, iter = 70: mean score = 0, error = 1.188e-08
✔ t = 44: converged at iter = 75 with error = 1.231e-08
ℹ Solving time periods  44% (t = 45 / 100)
ℹ t = 45: starting iterations (max = 100)
ℹ t = 45, iter = 10: mean score = 0.012172, error = 974.1
ℹ t = 45, iter = 20: mean score = 0.000996, error = 1.498
ℹ t = 45, iter = 30: mean score = 0.000163, error = 0.008495
ℹ t = 45, iter = 40: mean score = 0.000155, error = 3.882e-05
ℹ t = 45, iter = 50: mean score = 2e-06, error = 8.639e-08
ℹ t = 45, iter = 60: mean score = 0, error = 7.89e-09
ℹ t = 45, iter = 70: mean score = 0, error = 1.272e-08
✔ t = 45: converged at iter = 75 with error = 1.316e-08
ℹ Solving time periods  45% (t = 46 / 100)
ℹ t = 46: starting iterations (max = 100)
ℹ t = 46, iter = 10: mean score = 0.01217, error = 1012
ℹ t = 46, iter = 20: mean score = 0.000985, error = 1.485
ℹ t = 46, iter = 30: mean score = 0.000163, error = 0.008442
ℹ t = 46, iter = 40: mean score = 0.000142, error = 3.857e-05
ℹ t = 46, iter = 50: mean score = 3e-06, error = 8.359e-08
ℹ t = 46, iter = 60: mean score = 0, error = 8.6e-09
ℹ t = 46, iter = 70: mean score = 0, error = 1.36e-08
✔ t = 46: converged at iter = 75 with error = 1.406e-08
ℹ Solving time periods  46% (t = 47 / 100)
ℹ t = 47: starting iterations (max = 100)
ℹ t = 47, iter = 10: mean score = 0.012173, error = 1047
ℹ t = 47, iter = 20: mean score = 0.000995, error = 1.473
ℹ t = 47, iter = 30: mean score = 0.000163, error = 0.008394
ℹ t = 47, iter = 40: mean score = 0.000133, error = 3.834e-05
ℹ t = 47, iter = 50: mean score = 3e-06, error = 8.082e-08
ℹ t = 47, iter = 60: mean score = 0, error = 9.355e-09
ℹ t = 47, iter = 70: mean score = 0, error = 1.454e-08
✔ t = 47: converged at iter = 75 with error = 1.501e-08
ℹ Solving time periods  47% (t = 48 / 100)
ℹ t = 48: starting iterations (max = 100)
ℹ t = 48, iter = 10: mean score = 0.012179, error = 1079
ℹ t = 48, iter = 20: mean score = 0.001018, error = 1.462
ℹ t = 48, iter = 30: mean score = 0.000164, error = 0.008349
ℹ t = 48, iter = 40: mean score = 0.000127, error = 3.812e-05
ℹ t = 48, iter = 50: mean score = 3e-06, error = 7.81e-08
ℹ t = 48, iter = 60: mean score = 0, error = 1.016e-08
ℹ t = 48, iter = 70: mean score = 0, error = 1.552e-08
✔ t = 48: converged at iter = 76 with error = 1.584e-08
ℹ Solving time periods  48% (t = 49 / 100)
ℹ t = 49: starting iterations (max = 100)
ℹ t = 49, iter = 10: mean score = 0.012185, error = 1109
ℹ t = 49, iter = 20: mean score = 0.001054, error = 1.452
ℹ t = 49, iter = 30: mean score = 0.000166, error = 0.008308
ℹ t = 49, iter = 40: mean score = 0.000124, error = 3.794e-05
ℹ t = 49, iter = 50: mean score = 3e-06, error = 7.674e-08
ℹ t = 49, iter = 60: mean score = 0, error = 1.051e-08
ℹ t = 49, iter = 70: mean score = 0, error = 1.594e-08
✔ t = 49: converged at iter = 77 with error = 1.64e-08
ℹ Solving time periods  49% (t = 50 / 100)
ℹ t = 50: starting iterations (max = 100)
ℹ t = 50, iter = 10: mean score = 0.012192, error = 1136
ℹ t = 50, iter = 20: mean score = 0.001102, error = 1.443
ℹ t = 50, iter = 30: mean score = 0.000168, error = 0.00827
ℹ t = 50, iter = 40: mean score = 0.000122, error = 3.775e-05
ℹ t = 50, iter = 50: mean score = 4e-06, error = 7.44e-08
ℹ t = 50, iter = 60: mean score = 0, error = 1.126e-08
ℹ t = 50, iter = 70: mean score = 0, error = 1.685e-08
✔ t = 50: converged at iter = 77 with error = 1.732e-08
ℹ Solving time periods  51% (t = 51 / 100)
ℹ t = 51: starting iterations (max = 100)
ℹ t = 51, iter = 10: mean score = 0.012199, error = 1161
ℹ t = 51, iter = 20: mean score = 0.001167, error = 1.434
ℹ t = 51, iter = 30: mean score = 0.00017, error = 0.008235
ℹ t = 51, iter = 40: mean score = 0.000123, error = 3.758e-05
ℹ t = 51, iter = 50: mean score = 4e-06, error = 7.21e-08
ℹ t = 51, iter = 60: mean score = 0, error = 1.205e-08
ℹ t = 51, iter = 70: mean score = 0, error = 1.78e-08
✔ t = 51: converged at iter = 77 with error = 1.828e-08
ℹ Solving time periods  52% (t = 52 / 100)
ℹ t = 52: starting iterations (max = 100)
ℹ t = 52, iter = 10: mean score = 0.012207, error = 1183
ℹ t = 52, iter = 20: mean score = 0.001255, error = 1.427
ℹ t = 52, iter = 30: mean score = 0.000174, error = 0.008202
ℹ t = 52, iter = 40: mean score = 0.000125, error = 3.741e-05
ℹ t = 52, iter = 50: mean score = 4e-06, error = 6.981e-08
ℹ t = 52, iter = 60: mean score = 0, error = 1.288e-08
ℹ t = 52, iter = 70: mean score = 0, error = 1.88e-08
✔ t = 52: converged at iter = 77 with error = 1.929e-08
ℹ Solving time periods  53% (t = 53 / 100)
ℹ t = 53: starting iterations (max = 100)
ℹ t = 53, iter = 10: mean score = 0.012215, error = 1204
ℹ t = 53, iter = 20: mean score = 0.001377, error = 1.419
ℹ t = 53, iter = 30: mean score = 0.000178, error = 0.008172
ℹ t = 53, iter = 40: mean score = 0.00013, error = 3.725e-05
ℹ t = 53, iter = 50: mean score = 5e-06, error = 6.754e-08
ℹ t = 53, iter = 60: mean score = 0, error = 1.376e-08
ℹ t = 53, iter = 70: mean score = 0, error = 1.985e-08
✔ t = 53: converged at iter = 77 with error = 2.036e-08
ℹ Solving time periods  54% (t = 54 / 100)
ℹ t = 54: starting iterations (max = 100)
ℹ t = 54, iter = 10: mean score = 0.012223, error = 1223
ℹ t = 54, iter = 20: mean score = 0.001556, error = 1.413
ℹ t = 54, iter = 30: mean score = 0.000183, error = 0.008145
ℹ t = 54, iter = 40: mean score = 0.000137, error = 3.71e-05
ℹ t = 54, iter = 50: mean score = 5e-06, error = 6.529e-08
ℹ t = 54, iter = 60: mean score = 0, error = 1.469e-08
ℹ t = 54, iter = 70: mean score = 0, error = 2.096e-08
✔ t = 54: converged at iter = 78 with error = 2.136e-08
ℹ Solving time periods  55% (t = 55 / 100)
ℹ t = 55: starting iterations (max = 100)
ℹ t = 55, iter = 10: mean score = 0.01223, error = 1240
ℹ t = 55, iter = 20: mean score = 0.00184, error = 1.407
ℹ t = 55, iter = 30: mean score = 0.000189, error = 0.008119
ℹ t = 55, iter = 40: mean score = 0.000147, error = 3.697e-05
ℹ t = 55, iter = 50: mean score = 6e-06, error = 6.375e-08
ℹ t = 55, iter = 60: mean score = 0, error = 1.532e-08
ℹ t = 55, iter = 70: mean score = 0, error = 2.171e-08
✔ t = 55: converged at iter = 78 with error = 2.212e-08
ℹ Solving time periods  56% (t = 56 / 100)
ℹ t = 56: starting iterations (max = 100)
ℹ t = 56, iter = 10: mean score = 0.012238, error = 1256
ℹ t = 56, iter = 20: mean score = 0.002356, error = 1.401
ℹ t = 56, iter = 30: mean score = 0.000196, error = 0.008096
ℹ t = 56, iter = 40: mean score = 0.000162, error = 3.685e-05
ℹ t = 56, iter = 50: mean score = 6e-06, error = 6.221e-08
ℹ t = 56, iter = 60: mean score = 0, error = 1.599e-08
ℹ t = 56, iter = 70: mean score = 0, error = 2.249e-08
✔ t = 56: converged at iter = 79 with error = 2.299e-08
ℹ Solving time periods  57% (t = 57 / 100)
ℹ t = 57: starting iterations (max = 100)
ℹ t = 57, iter = 10: mean score = 0.012245, error = 1270
ℹ t = 57, iter = 20: mean score = 0.00358, error = 1.396
ℹ t = 57, iter = 30: mean score = 0.000206, error = 0.008074
ℹ t = 57, iter = 40: mean score = 0.000184, error = 3.673e-05
ℹ t = 57, iter = 50: mean score = 7e-06, error = 6.018e-08
ℹ t = 57, iter = 60: mean score = 0, error = 1.695e-08
ℹ t = 57, iter = 70: mean score = 0, error = 2.362e-08
✔ t = 57: converged at iter = 79 with error = 2.413e-08
ℹ Solving time periods  58% (t = 58 / 100)
ℹ t = 58: starting iterations (max = 100)
ℹ t = 58, iter = 10: mean score = 0.012252, error = 1282
ℹ t = 58, iter = 20: mean score = 0.01014, error = 1.391
ℹ t = 58, iter = 30: mean score = 0.000217, error = 0.008054
ℹ t = 58, iter = 40: mean score = 0.000219, error = 3.66e-05
ℹ t = 58, iter = 50: mean score = 8e-06, error = 5.815e-08
ℹ t = 58, iter = 60: mean score = 0, error = 1.795e-08
ℹ t = 58, iter = 70: mean score = 0, error = 2.48e-08
✔ t = 58: converged at iter = 79 with error = 2.533e-08
ℹ Solving time periods  59% (t = 59 / 100)
ℹ t = 59: starting iterations (max = 100)
ℹ t = 59, iter = 10: mean score = 0.012259, error = 1293
ℹ t = 59, iter = 20: mean score = 0.009109, error = 1.386
ℹ t = 59, iter = 30: mean score = 0.000233, error = 0.008036
ℹ t = 59, iter = 40: mean score = 0.000281, error = 3.649e-05
ℹ t = 59, iter = 50: mean score = 8e-06, error = 5.614e-08
ℹ t = 59, iter = 60: mean score = 0, error = 1.901e-08
ℹ t = 59, iter = 70: mean score = 0, error = 2.603e-08
✔ t = 59: converged at iter = 79 with error = 2.658e-08
ℹ Solving time periods  60% (t = 60 / 100)
ℹ t = 60: starting iterations (max = 100)
ℹ t = 60, iter = 10: mean score = 0.012265, error = 1303
ℹ t = 60, iter = 20: mean score = 0.003904, error = 1.382
ℹ t = 60, iter = 30: mean score = 0.000253, error = 0.008018
ℹ t = 60, iter = 40: mean score = 0.000413, error = 3.638e-05
ℹ t = 60, iter = 50: mean score = 9e-06, error = 5.413e-08
ℹ t = 60, iter = 60: mean score = 0, error = 2.013e-08
ℹ t = 60, iter = 70: mean score = 0, error = 2.733e-08
ℹ t = 60, iter = 80: mean score = 0, error = 2.781e-08
✔ t = 60: converged at iter = 80 with error = 2.781e-08
ℹ Solving time periods  61% (t = 61 / 100)
ℹ t = 61: starting iterations (max = 100)
ℹ t = 61, iter = 10: mean score = 0.012271, error = 1312
ℹ t = 61, iter = 20: mean score = 0.002811, error = 1.378
ℹ t = 61, iter = 30: mean score = 0.000281, error = 0.008003
ℹ t = 61, iter = 40: mean score = 0.000879, error = 3.628e-05
ℹ t = 61, iter = 50: mean score = 1e-05, error = 5.249e-08
ℹ t = 61, iter = 60: mean score = 0, error = 2.107e-08
ℹ t = 61, iter = 70: mean score = 0, error = 2.842e-08
ℹ t = 61, iter = 80: mean score = 0, error = 2.891e-08
✔ t = 61: converged at iter = 80 with error = 2.891e-08
ℹ Solving time periods  62% (t = 62 / 100)
ℹ t = 62: starting iterations (max = 100)
ℹ t = 62, iter = 10: mean score = 0.012277, error = 1320
ℹ t = 62, iter = 20: mean score = 0.002349, error = 1.375
ℹ t = 62, iter = 30: mean score = 0.000321, error = 0.007988
ℹ t = 62, iter = 40: mean score = 0.003255, error = 3.619e-05
ℹ t = 62, iter = 50: mean score = 1.1e-05, error = 5.085e-08
ℹ t = 62, iter = 60: mean score = 0, error = 2.206e-08
ℹ t = 62, iter = 70: mean score = 0, error = 2.956e-08
ℹ t = 62, iter = 80: mean score = 0, error = 3.006e-08
✔ t = 62: converged at iter = 81 with error = 3.011e-08
ℹ Solving time periods  63% (t = 63 / 100)
ℹ t = 63: starting iterations (max = 100)
ℹ t = 63, iter = 10: mean score = 0.012282, error = 1328
ℹ t = 63, iter = 20: mean score = 0.002104, error = 1.372
ℹ t = 63, iter = 30: mean score = 0.000385, error = 0.007974
ℹ t = 63, iter = 40: mean score = 0.000651, error = 3.609e-05
ℹ t = 63, iter = 50: mean score = 1.3e-05, error = 4.895e-08
ℹ t = 63, iter = 60: mean score = 0, error = 2.326e-08
ℹ t = 63, iter = 70: mean score = 0, error = 3.095e-08
ℹ t = 63, iter = 80: mean score = 0, error = 3.146e-08
✔ t = 63: converged at iter = 81 with error = 3.152e-08
ℹ Solving time periods  64% (t = 64 / 100)
ℹ t = 64: starting iterations (max = 100)
ℹ t = 64, iter = 10: mean score = 0.012287, error = 1334
ℹ t = 64, iter = 20: mean score = 0.001962, error = 1.369
ℹ t = 64, iter = 30: mean score = 0.000498, error = 0.007962
ℹ t = 64, iter = 40: mean score = 0.000408, error = 3.599e-05
ℹ t = 64, iter = 50: mean score = 1.4e-05, error = 4.707e-08
ℹ t = 64, iter = 60: mean score = 0, error = 2.453e-08
ℹ t = 64, iter = 70: mean score = 0, error = 3.24e-08
ℹ t = 64, iter = 80: mean score = 0, error = 3.292e-08
✔ t = 64: converged at iter = 81 with error = 3.298e-08
ℹ Solving time periods  65% (t = 65 / 100)
ℹ t = 65: starting iterations (max = 100)
ℹ t = 65, iter = 10: mean score = 0.012291, error = 1339
ℹ t = 65, iter = 20: mean score = 0.001881, error = 1.366
ℹ t = 65, iter = 30: mean score = 0.000757, error = 0.00795
ℹ t = 65, iter = 40: mean score = 0.000321, error = 3.59e-05
ℹ t = 65, iter = 50: mean score = 1.6e-05, error = 4.518e-08
ℹ t = 65, iter = 60: mean score = 0, error = 2.586e-08
ℹ t = 65, iter = 70: mean score = 0, error = 3.392e-08
ℹ t = 65, iter = 80: mean score = 0, error = 3.445e-08
✔ t = 65: converged at iter = 82 with error = 3.447e-08
ℹ Solving time periods  66% (t = 66 / 100)
ℹ t = 66: starting iterations (max = 100)
ℹ t = 66, iter = 10: mean score = 0.012295, error = 1344
ℹ t = 66, iter = 20: mean score = 0.00184, error = 1.363
ℹ t = 66, iter = 30: mean score = 0.001906, error = 0.007939
ℹ t = 66, iter = 40: mean score = 0.000284, error = 3.582e-05
ℹ t = 66, iter = 50: mean score = 1.8e-05, error = 4.349e-08
ℹ t = 66, iter = 60: mean score = 0, error = 2.71e-08
ℹ t = 66, iter = 70: mean score = 0, error = 3.534e-08
ℹ t = 66, iter = 80: mean score = 0, error = 3.589e-08
✔ t = 66: converged at iter = 83 with error = 3.594e-08
ℹ Solving time periods  67% (t = 67 / 100)
ℹ t = 67: starting iterations (max = 100)
ℹ t = 67, iter = 10: mean score = 0.012299, error = 1348
ℹ t = 67, iter = 20: mean score = 0.001829, error = 1.361
ℹ t = 67, iter = 30: mean score = 0.002735, error = 0.007929
ℹ t = 67, iter = 40: mean score = 0.000283, error = 3.573e-05
ℹ t = 67, iter = 50: mean score = 2.2e-05, error = 4.167e-08
ℹ t = 67, iter = 60: mean score = 1e-06, error = 2.852e-08
ℹ t = 67, iter = 70: mean score = 0, error = 3.695e-08
ℹ t = 67, iter = 80: mean score = 0, error = 3.751e-08
✔ t = 67: converged at iter = 85 with error = 3.756e-08
ℹ Solving time periods  68% (t = 68 / 100)
ℹ t = 68: starting iterations (max = 100)
ℹ t = 68, iter = 10: mean score = 0.012302, error = 1352
ℹ t = 68, iter = 20: mean score = 0.001846, error = 1.358
ℹ t = 68, iter = 30: mean score = 0.000973, error = 0.00792
ℹ t = 68, iter = 40: mean score = 0.000419, error = 3.565e-05
ℹ t = 68, iter = 50: mean score = 3.1e-05, error = 3.989e-08
ℹ t = 68, iter = 60: mean score = 1e-06, error = 2.998e-08
ℹ t = 68, iter = 70: mean score = 0, error = 3.861e-08
ℹ t = 68, iter = 80: mean score = 0, error = 3.918e-08
✔ t = 68: converged at iter = 89 with error = 3.922e-08
ℹ Solving time periods  69% (t = 69 / 100)
ℹ t = 69: starting iterations (max = 100)
ℹ t = 69, iter = 10: mean score = 0.012305, error = 1355
ℹ t = 69, iter = 20: mean score = 0.001894, error = 1.356
ℹ t = 69, iter = 30: mean score = 0.000674, error = 0.007911
ℹ t = 69, iter = 40: mean score = 0.000378, error = 3.557e-05
ℹ t = 69, iter = 50: mean score = 4.2e-05, error = 3.813e-08
ℹ t = 69, iter = 60: mean score = 2e-06, error = 3.149e-08
ℹ t = 69, iter = 70: mean score = 0, error = 4.032e-08
ℹ t = 69, iter = 80: mean score = 0, error = 4.09e-08
ℹ t = 69, iter = 90: mean score = 0, error = 4.094e-08
✔ t = 69: converged at iter = 91 with error = 4.094e-08
ℹ Solving time periods  70% (t = 70 / 100)
ℹ t = 70: starting iterations (max = 100)
ℹ t = 70, iter = 10: mean score = 0.012318, error = 1361
ℹ t = 70, iter = 20: mean score = 0.001839, error = 1.352
ℹ t = 70, iter = 30: mean score = 0.000649, error = 0.007888
ℹ t = 70, iter = 40: mean score = 0.000237, error = 3.544e-05
ℹ t = 70, iter = 50: mean score = 2.3e-05, error = 3.632e-08
ℹ t = 70, iter = 60: mean score = 2e-06, error = 3.307e-08
ℹ t = 70, iter = 70: mean score = 0, error = 4.21e-08
ℹ t = 70, iter = 80: mean score = 0, error = 4.269e-08
ℹ t = 70, iter = 90: mean score = 0, error = 4.273e-08
✔ t = 70: converged at iter = 91 with error = 4.273e-08
ℹ Solving time periods  71% (t = 71 / 100)
ℹ t = 71: starting iterations (max = 100)
ℹ t = 71, iter = 10: mean score = 0.012317, error = 1374
ℹ t = 71, iter = 20: mean score = 0.0016, error = 1.35
ℹ t = 71, iter = 30: mean score = 0.000275, error = 0.007886
ℹ t = 71, iter = 40: mean score = 3.1e-05, error = 3.538e-05
ℹ t = 71, iter = 50: mean score = 2e-06, error = 3.463e-08
ℹ t = 71, iter = 60: mean score = 0, error = 3.472e-08
ℹ t = 71, iter = 70: mean score = 0, error = 4.396e-08
✔ t = 71: converged at iter = 78 with error = 4.454e-08
ℹ Solving time periods  72% (t = 72 / 100)
ℹ t = 72: starting iterations (max = 100)
ℹ t = 72, iter = 10: mean score = 0.012322, error = 1374
ℹ t = 72, iter = 20: mean score = 0.001624, error = 1.349
ℹ t = 72, iter = 30: mean score = 0.000275, error = 0.007879
ℹ t = 72, iter = 40: mean score = 0.001179, error = 3.531e-05
ℹ t = 72, iter = 50: mean score = 4.2e-05, error = 3.312e-08
ℹ t = 72, iter = 60: mean score = 1e-06, error = 3.622e-08
ℹ t = 72, iter = 70: mean score = 0, error = 4.564e-08
ℹ t = 72, iter = 80: mean score = 0, error = 4.626e-08
ℹ t = 72, iter = 90: mean score = 0, error = 4.63e-08
✔ t = 72: converged at iter = 91 with error = 4.63e-08
ℹ Solving time periods  73% (t = 73 / 100)
ℹ t = 73: starting iterations (max = 100)
ℹ t = 73, iter = 10: mean score = 0.012326, error = 1374
ℹ t = 73, iter = 20: mean score = 0.00165, error = 1.347
ℹ t = 73, iter = 30: mean score = 0.000282, error = 0.007873
ℹ t = 73, iter = 40: mean score = 0.000166, error = 3.524e-05
ℹ t = 73, iter = 50: mean score = 1.4e-05, error = 3.141e-08
ℹ t = 73, iter = 60: mean score = 0, error = 3.802e-08
ℹ t = 73, iter = 70: mean score = 0, error = 4.766e-08
ℹ t = 73, iter = 80: mean score = 0, error = 4.829e-08
✔ t = 73: converged at iter = 85 with error = 4.834e-08
ℹ Solving time periods  74% (t = 74 / 100)
ℹ t = 74: starting iterations (max = 100)
ℹ t = 74, iter = 10: mean score = 0.01233, error = 1374
ℹ t = 74, iter = 20: mean score = 0.001676, error = 1.346
ℹ t = 74, iter = 30: mean score = 0.00029, error = 0.007867
ℹ t = 74, iter = 40: mean score = 0.000162, error = 3.516e-05
ℹ t = 74, iter = 50: mean score = 1.6e-05, error = 2.968e-08
ℹ t = 74, iter = 60: mean score = 0, error = 3.993e-08
ℹ t = 74, iter = 70: mean score = 0, error = 4.979e-08
ℹ t = 74, iter = 80: mean score = 0, error = 5.043e-08
✔ t = 74: converged at iter = 85 with error = 5.049e-08
ℹ Solving time periods  75% (t = 75 / 100)
ℹ t = 75: starting iterations (max = 100)
ℹ t = 75, iter = 10: mean score = 0.012335, error = 1374
ℹ t = 75, iter = 20: mean score = 0.001699, error = 1.345
ℹ t = 75, iter = 30: mean score = 0.000298, error = 0.007862
ℹ t = 75, iter = 40: mean score = 0.000158, error = 3.508e-05
ℹ t = 75, iter = 50: mean score = 1.9e-05, error = 2.798e-08
ℹ t = 75, iter = 60: mean score = 0, error = 4.193e-08
ℹ t = 75, iter = 70: mean score = 0, error = 5.201e-08
ℹ t = 75, iter = 80: mean score = 0, error = 5.267e-08
✔ t = 75: converged at iter = 85 with error = 5.273e-08
ℹ Solving time periods  76% (t = 76 / 100)
ℹ t = 76: starting iterations (max = 100)
ℹ t = 76, iter = 10: mean score = 0.026691, error = 1373
ℹ t = 76, iter = 20: mean score = 0.479373, error = 1.344
ℹ t = 76, iter = 30: mean score = 0.020895, error = 0.007857
ℹ t = 76, iter = 40: mean score = 0.000948, error = 3.501e-05
ℹ t = 76, iter = 50: mean score = 6.8e-05, error = 2.629e-08
ℹ t = 76, iter = 60: mean score = 3e-06, error = 4.402e-08
ℹ t = 76, iter = 70: mean score = 0, error = 5.434e-08
ℹ t = 76, iter = 80: mean score = 0, error = 5.501e-08
✔ t = 76: converged at iter = 86 with error = 5.505e-08
ℹ Solving time periods  77% (t = 77 / 100)
ℹ t = 77: starting iterations (max = 100)
ℹ t = 77, iter = 10: mean score = 0.026762, error = 1373
ℹ t = 77, iter = 20: mean score = 0.587133, error = 1.343
ℹ t = 77, iter = 30: mean score = 0.009083, error = 0.007852
ℹ t = 77, iter = 40: mean score = 0.000515, error = 3.494e-05
ℹ t = 77, iter = 50: mean score = 3e-05, error = 2.467e-08
ℹ t = 77, iter = 60: mean score = 2e-06, error = 4.615e-08
ℹ t = 77, iter = 70: mean score = 0, error = 5.67e-08
ℹ t = 77, iter = 80: mean score = 0, error = 5.738e-08
✔ t = 77: converged at iter = 82 with error = 5.74e-08
ℹ Solving time periods  78% (t = 78 / 100)
ℹ t = 78: starting iterations (max = 100)
ℹ t = 78, iter = 10: mean score = 0.026825, error = 1372
ℹ t = 78, iter = 20: mean score = 0.656205, error = 1.342
ℹ t = 78, iter = 30: mean score = 0.006538, error = 0.007848
ℹ t = 78, iter = 40: mean score = 0.000411, error = 3.486e-05
ℹ t = 78, iter = 50: mean score = 2.4e-05, error = 2.311e-08
ℹ t = 78, iter = 60: mean score = 1e-06, error = 4.832e-08
ℹ t = 78, iter = 70: mean score = 0, error = 5.91e-08
ℹ t = 78, iter = 80: mean score = 0, error = 5.98e-08
✔ t = 78: converged at iter = 81 with error = 5.988e-08
ℹ Solving time periods  79% (t = 79 / 100)
ℹ t = 79: starting iterations (max = 100)
ℹ t = 79, iter = 10: mean score = 0.026882, error = 1372
ℹ t = 79, iter = 20: mean score = 0.293992, error = 1.341
ℹ t = 79, iter = 30: mean score = 0.005531, error = 0.007843
ℹ t = 79, iter = 40: mean score = 0.000369, error = 3.479e-05
ℹ t = 79, iter = 50: mean score = 2.2e-05, error = 2.144e-08
ℹ t = 79, iter = 60: mean score = 1e-06, error = 5.078e-08
ℹ t = 79, iter = 70: mean score = 0, error = 6.182e-08
ℹ t = 79, iter = 80: mean score = 0, error = 6.253e-08
✔ t = 79: converged at iter = 81 with error = 6.262e-08
ℹ Solving time periods  80% (t = 80 / 100)
ℹ t = 80: starting iterations (max = 100)
ℹ t = 80, iter = 10: mean score = 0.026933, error = 1371
ℹ t = 80, iter = 20: mean score = 0.677677, error = 1.34
ℹ t = 80, iter = 30: mean score = 0.005131, error = 0.00784
ℹ t = 80, iter = 40: mean score = 0.000353, error = 3.471e-05
ℹ t = 80, iter = 50: mean score = 2.2e-05, error = 1.981e-08
ℹ t = 80, iter = 60: mean score = 1e-06, error = 5.336e-08
ℹ t = 80, iter = 70: mean score = 0, error = 6.466e-08
ℹ t = 80, iter = 80: mean score = 0, error = 6.539e-08
✔ t = 80: converged at iter = 82 with error = 6.541e-08
ℹ Solving time periods  81% (t = 81 / 100)
ℹ t = 81: starting iterations (max = 100)
ℹ t = 81, iter = 10: mean score = 0.026978, error = 1370
ℹ t = 81, iter = 20: mean score = 0.225927, error = 1.339
ℹ t = 81, iter = 30: mean score = 0.005129, error = 0.007836
ℹ t = 81, iter = 40: mean score = 0.000355, error = 3.464e-05
ℹ t = 81, iter = 50: mean score = 2.3e-05, error = 1.832e-08
ℹ t = 81, iter = 60: mean score = 1e-06, error = 5.586e-08
ℹ t = 81, iter = 70: mean score = 0, error = 6.74e-08
ℹ t = 81, iter = 80: mean score = 0, error = 6.815e-08
✔ t = 81: converged at iter = 83 with error = 6.822e-08
ℹ Solving time periods  82% (t = 82 / 100)
ℹ t = 82: starting iterations (max = 100)
ℹ t = 82, iter = 10: mean score = 0.027017, error = 1369
ℹ t = 82, iter = 20: mean score = 0.204062, error = 1.338
ℹ t = 82, iter = 30: mean score = 0.005645, error = 0.007832
ℹ t = 82, iter = 40: mean score = 0.000375, error = 3.456e-05
ℹ t = 82, iter = 50: mean score = 2.5e-05, error = 1.678e-08
ℹ t = 82, iter = 60: mean score = 1e-06, error = 5.862e-08
ℹ t = 82, iter = 70: mean score = 0, error = 7.043e-08
ℹ t = 82, iter = 80: mean score = 0, error = 7.12e-08
✔ t = 82: converged at iter = 84 with error = 7.123e-08
ℹ Solving time periods  83% (t = 83 / 100)
ℹ t = 83: starting iterations (max = 100)
ℹ t = 83, iter = 10: mean score = 0.027052, error = 1368
ℹ t = 83, iter = 20: mean score = 0.272862, error = 1.337
ℹ t = 83, iter = 30: mean score = 0.008989, error = 0.007829
ℹ t = 83, iter = 40: mean score = 0.000427, error = 3.449e-05
ℹ t = 83, iter = 50: mean score = 3.1e-05, error = 1.533e-08
ℹ t = 83, iter = 60: mean score = 2e-06, error = 6.139e-08
ℹ t = 83, iter = 70: mean score = 0, error = 7.347e-08
ℹ t = 83, iter = 80: mean score = 0, error = 7.425e-08
✔ t = 83: converged at iter = 85 with error = 7.431e-08
ℹ Solving time periods  84% (t = 84 / 100)
ℹ t = 84: starting iterations (max = 100)
ℹ t = 84, iter = 10: mean score = 0.027082, error = 1367
ℹ t = 84, iter = 20: mean score = 0.368165, error = 1.326
ℹ t = 84, iter = 30: mean score = 0.011651, error = 0.007826
ℹ t = 84, iter = 40: mean score = 0.000942, error = 3.441e-05
ℹ t = 84, iter = 50: mean score = 5.2e-05, error = 1.388e-08
ℹ t = 84, iter = 60: mean score = 3e-06, error = 6.439e-08
ℹ t = 84, iter = 70: mean score = 0, error = 7.674e-08
ℹ t = 84, iter = 80: mean score = 0, error = 7.754e-08
ℹ t = 84, iter = 90: mean score = 0, error = 7.759e-08
✔ t = 84: converged at iter = 91 with error = 7.759e-08
ℹ Solving time periods  85% (t = 85 / 100)
ℹ t = 85: starting iterations (max = 100)
ℹ t = 85, iter = 10: mean score = 0.027107, error = 1366
ℹ t = 85, iter = 20: mean score = 0.146478, error = 1.303
ℹ t = 85, iter = 30: mean score = 0.013425, error = 0.007823
ℹ t = 85, iter = 40: mean score = 0.001105, error = 3.433e-05
ℹ t = 85, iter = 50: mean score = 0.00015, error = 1.249e-08
ℹ t = 85, iter = 60: mean score = 8e-06, error = 6.749e-08
ℹ t = 85, iter = 70: mean score = 0, error = 8.012e-08
ℹ t = 85, iter = 80: mean score = 0, error = 8.093e-08
ℹ t = 85, iter = 90: mean score = 0, error = 8.098e-08
✔ t = 85: converged at iter = 97 with error = 8.098e-08
ℹ Solving time periods  86% (t = 86 / 100)
ℹ t = 86: starting iterations (max = 100)
ℹ t = 86, iter = 10: mean score = 0.027129, error = 1365
ℹ t = 86, iter = 20: mean score = 0.157757, error = 1.283
ℹ t = 86, iter = 30: mean score = 0.012216, error = 0.00782
ℹ t = 86, iter = 40: mean score = 0.003342, error = 3.425e-05
ℹ t = 86, iter = 50: mean score = 0.000511, error = 1.115e-08
ℹ t = 86, iter = 60: mean score = 1.3e-05, error = 7.072e-08
ℹ t = 86, iter = 70: mean score = 1e-06, error = 8.363e-08
ℹ t = 86, iter = 80: mean score = 0, error = 8.447e-08
ℹ t = 86, iter = 90: mean score = 0, error = 8.452e-08
✔ t = 86: converged at iter = 97 with error = 8.452e-08
ℹ Solving time periods  87% (t = 87 / 100)
ℹ t = 87: starting iterations (max = 100)
ℹ t = 87, iter = 10: mean score = 0.027148, error = 1363
ℹ t = 87, iter = 20: mean score = 0.205188, error = 1.265
ℹ t = 87, iter = 30: mean score = 0.016846, error = 0.007817
ℹ t = 87, iter = 40: mean score = 0.001041, error = 3.418e-05
ℹ t = 87, iter = 50: mean score = 7.9e-05, error = 9.857e-09
ℹ t = 87, iter = 60: mean score = 4e-06, error = 7.41e-08
ℹ t = 87, iter = 70: mean score = 0, error = 8.73e-08
ℹ t = 87, iter = 80: mean score = 0, error = 8.816e-08
ℹ t = 87, iter = 90: mean score = 0, error = 8.821e-08
✔ t = 87: converged at iter = 90 with error = 8.821e-08
ℹ Solving time periods  88% (t = 88 / 100)
ℹ t = 88: starting iterations (max = 100)
ℹ t = 88, iter = 10: mean score = 0.027163, error = 1362
ℹ t = 88, iter = 20: mean score = 0.131738, error = 1.249
ℹ t = 88, iter = 30: mean score = 0.009616, error = 0.007815
ℹ t = 88, iter = 40: mean score = 0.000642, error = 3.41e-05
ℹ t = 88, iter = 50: mean score = 5.5e-05, error = 8.625e-09
ℹ t = 88, iter = 60: mean score = 3e-06, error = 7.762e-08
ℹ t = 88, iter = 70: mean score = 0, error = 9.112e-08
ℹ t = 88, iter = 80: mean score = 0, error = 9.199e-08
✔ t = 88: converged at iter = 88 with error = 9.204e-08
ℹ Solving time periods  89% (t = 89 / 100)
ℹ t = 89: starting iterations (max = 100)
ℹ t = 89, iter = 10: mean score = 0.027175, error = 1361
ℹ t = 89, iter = 20: mean score = 0.142598, error = 1.235
ℹ t = 89, iter = 30: mean score = 0.012358, error = 0.007812
ℹ t = 89, iter = 40: mean score = 0.000643, error = 3.402e-05
ℹ t = 89, iter = 50: mean score = 5.2e-05, error = 7.453e-09
ℹ t = 89, iter = 60: mean score = 3e-06, error = 8.129e-08
ℹ t = 89, iter = 70: mean score = 0, error = 9.51e-08
ℹ t = 89, iter = 80: mean score = 0, error = 9.599e-08
✔ t = 89: converged at iter = 87 with error = 9.605e-08
ℹ Solving time periods  90% (t = 90 / 100)
ℹ t = 90: starting iterations (max = 100)
ℹ t = 90, iter = 10: mean score = 0.027185, error = 1359
ℹ t = 90, iter = 20: mean score = 0.284906, error = 1.241
ℹ t = 90, iter = 30: mean score = 0.084699, error = 0.007809
ℹ t = 90, iter = 40: mean score = 0.000633, error = 3.393e-05
ℹ t = 90, iter = 50: mean score = 5.3e-05, error = 6.332e-09
ℹ t = 90, iter = 60: mean score = 3e-06, error = 8.518e-08
ℹ t = 90, iter = 70: mean score = 0, error = 9.93e-08
ℹ t = 90, iter = 80: mean score = 0, error = 1.002e-07
✔ t = 90: converged at iter = 86 with error = 1.003e-07
ℹ Solving time periods  91% (t = 91 / 100)
ℹ t = 91: starting iterations (max = 100)
ℹ t = 91, iter = 10: mean score = 0.027193, error = 1358
ℹ t = 91, iter = 20: mean score = 0.406328, error = 1.245
ℹ t = 91, iter = 30: mean score = 0.007141, error = 0.007807
ℹ t = 91, iter = 40: mean score = 0.000776, error = 3.385e-05
ℹ t = 91, iter = 50: mean score = 7.1e-05, error = 5.298e-09
ℹ t = 91, iter = 60: mean score = 4e-06, error = 8.918e-08
ℹ t = 91, iter = 70: mean score = 0, error = 1.036e-07
ℹ t = 91, iter = 80: mean score = 0, error = 1.045e-07
✔ t = 91: converged at iter = 89 with error = 1.046e-07
ℹ Solving time periods  92% (t = 92 / 100)
ℹ t = 92: starting iterations (max = 100)
ℹ t = 92, iter = 10: mean score = 0.027199, error = 1357
ℹ t = 92, iter = 20: mean score = 0.139387, error = 1.248
ℹ t = 92, iter = 30: mean score = 0.020838, error = 0.007805
ℹ t = 92, iter = 40: mean score = 0.000729, error = 3.377e-05
ℹ t = 92, iter = 50: mean score = 6.4e-05, error = 4.324e-09
ℹ t = 92, iter = 60: mean score = 3e-06, error = 9.342e-08
ℹ t = 92, iter = 70: mean score = 0, error = 1.082e-07
ℹ t = 92, iter = 80: mean score = 0, error = 1.091e-07
✔ t = 92: converged at iter = 88 with error = 1.092e-07
ℹ Solving time periods  93% (t = 93 / 100)
ℹ t = 93: starting iterations (max = 100)
ℹ t = 93, iter = 10: mean score = 0.027203, error = 1355
ℹ t = 93, iter = 20: mean score = 0.088108, error = 1.25
ℹ t = 93, iter = 30: mean score = 0.006547, error = 0.007802
ℹ t = 93, iter = 40: mean score = 0.001212, error = 3.368e-05
ℹ t = 93, iter = 50: mean score = 0.000127, error = 3.44e-09
ℹ t = 93, iter = 60: mean score = 7e-06, error = 9.781e-08
ℹ t = 93, iter = 70: mean score = 0, error = 1.129e-07
ℹ t = 93, iter = 80: mean score = 0, error = 1.139e-07
ℹ t = 93, iter = 90: mean score = 0, error = 1.139e-07
✔ t = 93: converged at iter = 96 with error = 1.139e-07
ℹ Solving time periods  94% (t = 94 / 100)
ℹ t = 94: starting iterations (max = 100)
ℹ t = 94, iter = 10: mean score = 0.027206, error = 1354
ℹ t = 94, iter = 20: mean score = 0.106594, error = 1.252
ℹ t = 94, iter = 30: mean score = 0.011792, error = 0.0078
ℹ t = 94, iter = 40: mean score = 0.000634, error = 3.359e-05
ℹ t = 94, iter = 50: mean score = 9.5e-05, error = 2.637e-09
ℹ t = 94, iter = 60: mean score = 1e-05, error = 1.024e-07
ℹ t = 94, iter = 70: mean score = 0, error = 1.178e-07
ℹ t = 94, iter = 80: mean score = 0, error = 1.188e-07
✔ t = 94: converged at iter = 88 with error = 1.189e-07
ℹ Solving time periods  95% (t = 95 / 100)
ℹ t = 95: starting iterations (max = 100)
ℹ t = 95, iter = 10: mean score = 0.027208, error = 1352
ℹ t = 95, iter = 20: mean score = 0.076089, error = 1.252
ℹ t = 95, iter = 30: mean score = 0.015886, error = 0.007798
ℹ t = 95, iter = 40: mean score = 0.000984, error = 3.351e-05
ℹ t = 95, iter = 50: mean score = 0.000241, error = 1.93e-09
ℹ t = 95, iter = 60: mean score = 7e-06, error = 1.072e-07
ℹ t = 95, iter = 70: mean score = 0, error = 1.23e-07
ℹ t = 95, iter = 80: mean score = 0, error = 1.24e-07
ℹ t = 95, iter = 90: mean score = 0, error = 1.241e-07
✔ t = 95: converged at iter = 94 with error = 1.241e-07
ℹ Solving time periods  96% (t = 96 / 100)
ℹ t = 96: starting iterations (max = 100)
ℹ t = 96, iter = 10: mean score = 0.027209, error = 1351
ℹ t = 96, iter = 20: mean score = 0.080187, error = 1.251
ℹ t = 96, iter = 30: mean score = 0.00792, error = 0.007796
ℹ t = 96, iter = 40: mean score = 0.001166, error = 3.342e-05
ℹ t = 96, iter = 50: mean score = 0.00053, error = 1.32e-09
ℹ t = 96, iter = 60: mean score = 1e-05, error = 1.123e-07
ℹ t = 96, iter = 70: mean score = 1e-06, error = 1.284e-07
ℹ t = 96, iter = 80: mean score = 0, error = 1.294e-07
ℹ t = 96, iter = 90: mean score = 0, error = 1.295e-07
✔ t = 96: converged at iter = 97 with error = 1.295e-07
ℹ Solving time periods  97% (t = 97 / 100)
ℹ t = 97: starting iterations (max = 100)
ℹ t = 97, iter = 10: mean score = 0.027209, error = 1349
ℹ t = 97, iter = 20: mean score = 0.463267, error = 1.25
ℹ t = 97, iter = 30: mean score = 0.004852, error = 0.007793
ℹ t = 97, iter = 40: mean score = 0.000494, error = 3.332e-05
ℹ t = 97, iter = 50: mean score = 0.000122, error = 8.149e-10
ℹ t = 97, iter = 60: mean score = 2e-06, error = 1.175e-07
ℹ t = 97, iter = 70: mean score = 0, error = 1.34e-07
ℹ t = 97, iter = 80: mean score = 0, error = 1.351e-07
✔ t = 97: converged at iter = 84 with error = 1.351e-07
ℹ Solving time periods  98% (t = 98 / 100)
ℹ t = 98: starting iterations (max = 100)
ℹ t = 98, iter = 10: mean score = 0.027209, error = 1348
ℹ t = 98, iter = 20: mean score = 0.174519, error = 1.249
ℹ t = 98, iter = 30: mean score = 0.004391, error = 0.007791
ℹ t = 98, iter = 40: mean score = 0.000724, error = 3.323e-05
ℹ t = 98, iter = 50: mean score = 0.000168, error = 4.289e-10
ℹ t = 98, iter = 60: mean score = 9e-06, error = 1.23e-07
ℹ t = 98, iter = 70: mean score = 1e-06, error = 1.398e-07
ℹ t = 98, iter = 80: mean score = 0, error = 1.409e-07
ℹ t = 98, iter = 90: mean score = 0, error = 1.409e-07
✔ t = 98: converged at iter = 99 with error = 1.409e-07
ℹ Solving time periods  99% (t = 99 / 100)
ℹ t = 99: starting iterations (max = 100)
ℹ t = 99, iter = 10: mean score = 0.027209, error = 1346
ℹ t = 99, iter = 20: mean score = 0.482015, error = 1.246
ℹ t = 99, iter = 30: mean score = 0.003862, error = 0.007789
ℹ t = 99, iter = 40: mean score = 0.00042, error = 3.314e-05
ℹ t = 99, iter = 50: mean score = 6.2e-05, error = 1.587e-10
ℹ t = 99, iter = 60: mean score = 2e-06, error = 1.287e-07
ℹ t = 99, iter = 70: mean score = 0, error = 1.459e-07
ℹ t = 99, iter = 80: mean score = 0, error = 1.47e-07
✔ t = 99: converged at iter = 83 with error = 1.471e-07
ℹ Solving time periods 100% (t = 100 / 100)
ℹ t = 100: starting iterations (max = 100)
ℹ t = 100, iter = 10: mean score = 0.027208, error = 1345
ℹ t = 100, iter = 20: mean score = 0.161713, error = 1.244
ℹ t = 100, iter = 30: mean score = 0.004648, error = 0.007787
ℹ t = 100, iter = 40: mean score = 0.000432, error = 3.304e-05
ℹ t = 100, iter = 50: mean score = 5.5e-05, error = 1.737e-11
ℹ t = 100, iter = 60: mean score = 2e-06, error = 1.348e-07
ℹ t = 100, iter = 70: mean score = 0, error = 1.524e-07
ℹ t = 100, iter = 80: mean score = 0, error = 1.536e-07
✔ t = 100: converged at iter = 83 with error = 1.537e-07

── Simulation completed ──
✔ Total execution time: 3.887 mins
ℹ Last non-NA simulated period: t = 100
────────────────────────────────────────── LEEDS_MODEL run finished ──────────────────────────────────────────
