[sc14 ρ:] ───────────────────────────────────── LEEDS_MODEL :: New simulation run ──────────────────────────────────────
[sc14 ρ:] 
[sc14 ρ:] ── Initialization ──
[sc14 ρ:] ℹ Parameters ready
[sc14 ρ:] 
[sc14 ρ:] ── Production scenarios ──
[sc14 ρ:] ──────────────────────────────────────── Production Scenarios Loaded ─────────────────────────────────────────
[sc14 ρ:] ℹ Parameters ready: nPeriods = 100, max.iterations = 100
[sc14 ρ:] ℹ Scenario sanity: shock = 14, rho = 0.25, t.shock = 70, Z1_ce = 1, Z2_ce = 0
[sc14 ρ:] ℹ Building A0/B0/A.t/B.t after production scenarios…
[sc14 ρ:] ℹ max |B0 - A0| at init = 0.0382875
[sc14 ρ:] 
[sc14 ρ:] ── Markup calibration (t = 1) ──
[sc14 ρ:] ✔ Markup vector 'mu' calibrated at t = 1
[sc14 ρ:] 
[sc14 ρ:] ── Time loop ──
[sc14 ρ:] ℹ Starting Gauss–Seidel iterations across 99 additional periods
[sc14 ρ:] ℹ Logging to: /Users/parvulesco/Documents/R/LEEDS_MODEL/output/scenarios/logs/shock_14_run.log
[sc14 ρ:] ℹ Solving time periods   1% (t = 2 / 100)
[sc14 ρ:] ℹ t = 2: starting iterations (max = 100)
[sc14 ρ:] ℹ t = 2, iter = 25: mean score = 0.000929, error = 0.9963
[sc14 ρ:] ℹ t = 2, iter = 50: mean score = 2e-06, error = 3.955e-06
[sc14 ρ:] ℹ t = 2, iter = 75: mean score = 0, error = 1.591e-11
[sc14 ρ:] ✔ t = 2: converged at iter = 77 with error = 5.889e-12
[sc14 ρ:] ℹ Solving time periods   2% (t = 3 / 100)
[sc14 ρ:] ℹ t = 3: starting iterations (max = 100)
[sc14 ρ:] ℹ t = 3, iter = 25: mean score = 0.000452, error = 0.301
[sc14 ρ:] ℹ t = 3, iter = 50: mean score = 0, error = 2.084e-07
[sc14 ρ:] ✔ t = 3: converged at iter = 70 with error = 3.008e-10
[sc14 ρ:] ℹ Solving time periods   3% (t = 4 / 100)
[sc14 ρ:] ℹ t = 4: starting iterations (max = 100)
[sc14 ρ:] ℹ t = 4, iter = 25: mean score = 0.000533, error = 0.4458
[sc14 ρ:] ℹ t = 4, iter = 50: mean score = 0, error = 3.176e-07
[sc14 ρ:] ✔ t = 4: converged at iter = 72 with error = 5.637e-11
[sc14 ρ:] ℹ Solving time periods   4% (t = 5 / 100)
[sc14 ρ:] ℹ t = 5: starting iterations (max = 100)
[sc14 ρ:] ℹ t = 5, iter = 25: mean score = 0.006435, error = 0.4551
[sc14 ρ:] ℹ t = 5, iter = 50: mean score = 1e-06, error = 3.246e-07
[sc14 ρ:] ℹ t = 5, iter = 75: mean score = 0, error = 9.445e-12
[sc14 ρ:] ✔ t = 5: converged at iter = 76 with error = 4.89e-12
[sc14 ρ:] ℹ Solving time periods   5% (t = 6 / 100)
[sc14 ρ:] ℹ t = 6: starting iterations (max = 100)
[sc14 ρ:] ℹ t = 6, iter = 25: mean score = 0.001441, error = 0.4432
[sc14 ρ:] ℹ t = 6, iter = 50: mean score = 1e-06, error = 3.129e-07
[sc14 ρ:] ℹ t = 6, iter = 75: mean score = 0, error = 1.641e-12
[sc14 ρ:] ✔ t = 6: converged at iter = 75 with error = 1.641e-12
[sc14 ρ:] ℹ Solving time periods   6% (t = 7 / 100)
[sc14 ρ:] ℹ t = 7: starting iterations (max = 100)
[sc14 ρ:] ℹ t = 7, iter = 25: mean score = 0.00048, error = 0.4284
[sc14 ρ:] ℹ t = 7, iter = 50: mean score = 0, error = 2.952e-07
[sc14 ρ:] ✔ t = 7: converged at iter = 72 with error = 3.923e-12
[sc14 ρ:] ℹ Solving time periods   7% (t = 8 / 100)
[sc14 ρ:] ℹ t = 8: starting iterations (max = 100)
[sc14 ρ:] ℹ t = 8, iter = 25: mean score = 0.000412, error = 0.4144
[sc14 ρ:] ℹ t = 8, iter = 50: mean score = 0, error = 2.861e-07
[sc14 ρ:] ✔ t = 8: converged at iter = 70 with error = 1.38e-11
[sc14 ρ:] ℹ Solving time periods   8% (t = 9 / 100)
[sc14 ρ:] ℹ t = 9: starting iterations (max = 100)
[sc14 ρ:] ℹ t = 9, iter = 25: mean score = 0.000377, error = 0.4014
[sc14 ρ:] ℹ t = 9, iter = 50: mean score = 0, error = 2.819e-07
[sc14 ρ:] ✔ t = 9: converged at iter = 69 with error = 6.011e-11
[sc14 ρ:] ℹ Solving time periods   9% (t = 10 / 100)
[sc14 ρ:] ℹ t = 10: starting iterations (max = 100)
[sc14 ρ:] ℹ t = 10, iter = 25: mean score = 0.000338, error = 0.3885
[sc14 ρ:] ℹ t = 10, iter = 50: mean score = 0, error = 2.587e-07
[sc14 ρ:] ✔ t = 10: converged at iter = 69 with error = 6.64e-12
[sc14 ρ:] ℹ Solving time periods  10% (t = 11 / 100)
[sc14 ρ:] ℹ t = 11: starting iterations (max = 100)
[sc14 ρ:] ℹ t = 11, iter = 25: mean score = 0.000309, error = 0.3772
[sc14 ρ:] ℹ t = 11, iter = 50: mean score = 0, error = 2.376e-07
[sc14 ρ:] ✔ t = 11: converged at iter = 67 with error = 2.111e-10
[sc14 ρ:] ℹ Solving time periods  11% (t = 12 / 100)
[sc14 ρ:] ℹ t = 12: starting iterations (max = 100)
[sc14 ρ:] ℹ t = 12, iter = 25: mean score = 0.000295, error = 0.367
[sc14 ρ:] ℹ t = 12, iter = 50: mean score = 0, error = 2.112e-07
[sc14 ρ:] ✔ t = 12: converged at iter = 67 with error = 1.03e-09
[sc14 ρ:] ℹ Solving time periods  12% (t = 13 / 100)
[sc14 ρ:] ℹ t = 13: starting iterations (max = 100)
[sc14 ρ:] ℹ t = 13, iter = 25: mean score = 0.000303, error = 0.3575
[sc14 ρ:] ℹ t = 13, iter = 50: mean score = 0, error = 1.872e-07
[sc14 ρ:] ✔ t = 13: converged at iter = 67 with error = 2.452e-09
[sc14 ρ:] ℹ Solving time periods  13% (t = 14 / 100)
[sc14 ρ:] ℹ t = 14: starting iterations (max = 100)
[sc14 ρ:] ℹ t = 14, iter = 25: mean score = 0.00033, error = 0.3489
[sc14 ρ:] ℹ t = 14, iter = 50: mean score = 0, error = 1.652e-07
[sc14 ρ:] ✔ t = 14: converged at iter = 69 with error = 4.251e-09
[sc14 ρ:] ℹ Solving time periods  14% (t = 15 / 100)
[sc14 ρ:] ℹ t = 15: starting iterations (max = 100)
[sc14 ρ:] ℹ t = 15, iter = 25: mean score = 0.000269, error = 0.3409
[sc14 ρ:] ℹ t = 15, iter = 50: mean score = 0, error = 1.505e-07
[sc14 ρ:] ✔ t = 15: converged at iter = 67 with error = 5.974e-09
[sc14 ρ:] ℹ Solving time periods  15% (t = 16 / 100)
[sc14 ρ:] ℹ t = 16: starting iterations (max = 100)
[sc14 ρ:] ℹ t = 16, iter = 25: mean score = 0.000261, error = 0.3336
[sc14 ρ:] ℹ t = 16, iter = 50: mean score = 0, error = 1.319e-07
[sc14 ρ:] ✔ t = 16: converged at iter = 67 with error = 8.933e-09
[sc14 ρ:] ℹ Solving time periods  16% (t = 17 / 100)
[sc14 ρ:] ℹ t = 17: starting iterations (max = 100)
[sc14 ρ:] ℹ t = 17, iter = 25: mean score = 0.000256, error = 0.3268
[sc14 ρ:] ℹ t = 17, iter = 50: mean score = 0, error = 1.148e-07
[sc14 ρ:] ✔ t = 17: converged at iter = 67 with error = 1.25e-08
[sc14 ρ:] ℹ Solving time periods  17% (t = 18 / 100)
[sc14 ρ:] ℹ t = 18: starting iterations (max = 100)
[sc14 ρ:] ℹ t = 18, iter = 25: mean score = 0.000255, error = 0.3206
[sc14 ρ:] ℹ t = 18, iter = 50: mean score = 0, error = 9.92e-08
[sc14 ρ:] ✔ t = 18: converged at iter = 67 with error = 1.668e-08
[sc14 ρ:] ℹ Solving time periods  18% (t = 19 / 100)
[sc14 ρ:] ℹ t = 19: starting iterations (max = 100)
[sc14 ρ:] ℹ t = 19, iter = 25: mean score = 0.000266, error = 0.3149
[sc14 ρ:] ℹ t = 19, iter = 50: mean score = 0, error = 8.494e-08
[sc14 ρ:] ✔ t = 19: converged at iter = 67 with error = 2.15e-08
[sc14 ρ:] ℹ Solving time periods  19% (t = 20 / 100)
[sc14 ρ:] ℹ t = 20: starting iterations (max = 100)
[sc14 ρ:] ℹ t = 20, iter = 25: mean score = 0.000296, error = 0.3097
[sc14 ρ:] ℹ t = 20, iter = 50: mean score = 0, error = 7.195e-08
[sc14 ρ:] ✔ t = 20: converged at iter = 69 with error = 2.648e-08
[sc14 ρ:] ℹ Solving time periods  20% (t = 21 / 100)
[sc14 ρ:] ℹ t = 21: starting iterations (max = 100)
[sc14 ρ:] ℹ t = 21, iter = 25: mean score = 0.000275, error = 0.3049
[sc14 ρ:] ℹ t = 21, iter = 50: mean score = 0, error = 6.324e-08
[sc14 ρ:] ✔ t = 21: converged at iter = 69 with error = 3.038e-08
[sc14 ρ:] ℹ Solving time periods  21% (t = 22 / 100)
[sc14 ρ:] ℹ t = 22: starting iterations (max = 100)
[sc14 ρ:] ℹ t = 22, iter = 25: mean score = 0.000259, error = 0.3004
[sc14 ρ:] ℹ t = 22, iter = 50: mean score = 0, error = 5.521e-08
[sc14 ρ:] ✔ t = 22: converged at iter = 69 with error = 3.461e-08
[sc14 ρ:] ℹ Solving time periods  22% (t = 23 / 100)
[sc14 ρ:] ℹ t = 23: starting iterations (max = 100)
[sc14 ρ:] ℹ t = 23, iter = 25: mean score = 0.000271, error = 0.2963
[sc14 ρ:] ℹ t = 23, iter = 50: mean score = 0, error = 4.781e-08
[sc14 ρ:] ✔ t = 23: converged at iter = 69 with error = 3.917e-08
[sc14 ρ:] ℹ Solving time periods  23% (t = 24 / 100)
[sc14 ρ:] ℹ t = 24: starting iterations (max = 100)
[sc14 ρ:] ℹ t = 24, iter = 25: mean score = 0.000339, error = 0.2925
[sc14 ρ:] ℹ t = 24, iter = 50: mean score = 0, error = 4.101e-08
[sc14 ρ:] ✔ t = 24: converged at iter = 69 with error = 4.408e-08
[sc14 ρ:] ℹ Solving time periods  24% (t = 25 / 100)
[sc14 ρ:] ℹ t = 25: starting iterations (max = 100)
[sc14 ρ:] ℹ t = 25, iter = 25: mean score = 0.000273, error = 0.2891
[sc14 ρ:] ℹ t = 25, iter = 50: mean score = 0, error = 3.478e-08
[sc14 ρ:] ✔ t = 25: converged at iter = 69 with error = 4.936e-08
[sc14 ρ:] ℹ Solving time periods  25% (t = 26 / 100)
[sc14 ρ:] ℹ t = 26: starting iterations (max = 100)
[sc14 ρ:] ℹ t = 26, iter = 25: mean score = 0.00028, error = 0.2858
[sc14 ρ:] ℹ t = 26, iter = 50: mean score = 0, error = 2.91e-08
[sc14 ρ:] ✔ t = 26: converged at iter = 71 with error = 5.463e-08
[sc14 ρ:] ℹ Solving time periods  26% (t = 27 / 100)
[sc14 ρ:] ℹ t = 27: starting iterations (max = 100)
[sc14 ρ:] ℹ t = 27, iter = 25: mean score = 0.000313, error = 0.2829
[sc14 ρ:] ℹ t = 27, iter = 50: mean score = 1e-06, error = 2.497e-08
[sc14 ρ:] ✔ t = 27: converged at iter = 72 with error = 5.816e-08
[sc14 ρ:] ℹ Solving time periods  27% (t = 28 / 100)
[sc14 ρ:] ℹ t = 28: starting iterations (max = 100)
[sc14 ρ:] ℹ t = 28, iter = 25: mean score = 0.000485, error = 0.2802
[sc14 ρ:] ℹ t = 28, iter = 50: mean score = 1e-06, error = 2.342e-08
[sc14 ρ:] ✔ t = 28: converged at iter = 74 with error = 5.931e-08
[sc14 ρ:] ℹ Solving time periods  28% (t = 29 / 100)
[sc14 ρ:] ℹ t = 29: starting iterations (max = 100)
[sc14 ρ:] ℹ t = 29, iter = 25: mean score = 0.000503, error = 0.2777
[sc14 ρ:] ℹ t = 29, iter = 50: mean score = 6e-06, error = 2.155e-08
[sc14 ρ:] ℹ t = 29, iter = 75: mean score = 0, error = 6.14e-08
[sc14 ρ:] ✔ t = 29: converged at iter = 88 with error = 6.123e-08
[sc14 ρ:] ℹ Solving time periods  29% (t = 30 / 100)
[sc14 ρ:] ℹ t = 30: starting iterations (max = 100)
[sc14 ρ:] ℹ t = 30, iter = 25: mean score = 0.000312, error = 0.2753
[sc14 ρ:] ℹ t = 30, iter = 50: mean score = 1e-06, error = 1.93e-08
[sc14 ρ:] ✔ t = 30: converged at iter = 74 with error = 6.366e-08
[sc14 ρ:] ℹ Solving time periods  30% (t = 31 / 100)
[sc14 ρ:] ℹ t = 31: starting iterations (max = 100)
[sc14 ρ:] ℹ t = 31, iter = 25: mean score = 0.000284, error = 0.2732
[sc14 ρ:] ℹ t = 31, iter = 50: mean score = 1e-06, error = 1.766e-08
[sc14 ρ:] ✔ t = 31: converged at iter = 72 with error = 6.536e-08
[sc14 ρ:] ℹ Solving time periods  31% (t = 32 / 100)
[sc14 ρ:] ℹ t = 32: starting iterations (max = 100)
[sc14 ρ:] ℹ t = 32, iter = 25: mean score = 0.000282, error = 0.2713
[sc14 ρ:] ℹ t = 32, iter = 50: mean score = 1e-06, error = 1.646e-08
[sc14 ρ:] ✔ t = 32: converged at iter = 71 with error = 6.755e-08
[sc14 ρ:] ℹ Solving time periods  32% (t = 33 / 100)
[sc14 ρ:] ℹ t = 33: starting iterations (max = 100)
[sc14 ρ:] ℹ t = 33, iter = 25: mean score = 0.000254, error = 0.2695
[sc14 ρ:] ℹ t = 33, iter = 50: mean score = 1e-06, error = 1.359e-08
[sc14 ρ:] ✔ t = 33: converged at iter = 71 with error = 7.269e-08
[sc14 ρ:] ℹ Solving time periods  33% (t = 34 / 100)
[sc14 ρ:] ℹ t = 34: starting iterations (max = 100)
[sc14 ρ:] ℹ t = 34, iter = 25: mean score = 0.000247, error = 0.2678
[sc14 ρ:] ℹ t = 34, iter = 50: mean score = 1e-06, error = 1.099e-08
[sc14 ρ:] ✔ t = 34: converged at iter = 71 with error = 7.812e-08
[sc14 ρ:] ℹ Solving time periods  34% (t = 35 / 100)
[sc14 ρ:] ℹ t = 35: starting iterations (max = 100)
[sc14 ρ:] ℹ t = 35, iter = 25: mean score = 0.000244, error = 0.2663
[sc14 ρ:] ℹ t = 35, iter = 50: mean score = 1e-06, error = 8.657e-09
[sc14 ρ:] ✔ t = 35: converged at iter = 71 with error = 8.385e-08
[sc14 ρ:] ℹ Solving time periods  35% (t = 36 / 100)
[sc14 ρ:] ℹ t = 36: starting iterations (max = 100)
[sc14 ρ:] ℹ t = 36, iter = 25: mean score = 0.000244, error = 0.2649
[sc14 ρ:] ℹ t = 36, iter = 50: mean score = 1e-06, error = 6.591e-09
[sc14 ρ:] ✔ t = 36: converged at iter = 73 with error = 8.964e-08
[sc14 ρ:] ℹ Solving time periods  36% (t = 37 / 100)
[sc14 ρ:] ℹ t = 37: starting iterations (max = 100)
[sc14 ρ:] ℹ t = 37, iter = 25: mean score = 0.000248, error = 0.2636
[sc14 ρ:] ℹ t = 37, iter = 50: mean score = 1e-06, error = 5.04e-09
[sc14 ρ:] ✔ t = 37: converged at iter = 73 with error = 9.495e-08
[sc14 ρ:] ℹ Solving time periods  37% (t = 38 / 100)
[sc14 ρ:] ℹ t = 38: starting iterations (max = 100)
[sc14 ρ:] ℹ t = 38, iter = 25: mean score = 0.000265, error = 0.2624
[sc14 ρ:] ℹ t = 38, iter = 50: mean score = 1e-06, error = 3.689e-09
[sc14 ρ:] ✔ t = 38: converged at iter = 73 with error = 1.005e-07
[sc14 ρ:] ℹ Solving time periods  38% (t = 39 / 100)
[sc14 ρ:] ℹ t = 39: starting iterations (max = 100)
[sc14 ρ:] ℹ t = 39, iter = 25: mean score = 0.000314, error = 0.2613
[sc14 ρ:] ℹ t = 39, iter = 50: mean score = 1e-06, error = 2.54e-09
[sc14 ρ:] ✔ t = 39: converged at iter = 73 with error = 1.064e-07
[sc14 ρ:] ℹ Solving time periods  39% (t = 40 / 100)
[sc14 ρ:] ℹ t = 40: starting iterations (max = 100)
[sc14 ρ:] ℹ t = 40, iter = 25: mean score = 0.000292, error = 0.2603
[sc14 ρ:] ℹ t = 40, iter = 50: mean score = 1e-06, error = 1.597e-09
[sc14 ρ:] ✔ t = 40: converged at iter = 73 with error = 1.125e-07
[sc14 ρ:] ℹ Solving time periods  40% (t = 41 / 100)
[sc14 ρ:] ℹ t = 41: starting iterations (max = 100)
[sc14 ρ:] ℹ t = 41, iter = 25: mean score = 3e-04, error = 0.2594
[sc14 ρ:] ℹ t = 41, iter = 50: mean score = 1e-06, error = 8.665e-10
[sc14 ρ:] ✔ t = 41: converged at iter = 73 with error = 1.19e-07
[sc14 ρ:] ℹ Solving time periods  41% (t = 42 / 100)
[sc14 ρ:] ℹ t = 42: starting iterations (max = 100)
[sc14 ρ:] ℹ t = 42, iter = 25: mean score = 0.000278, error = 0.2586
[sc14 ρ:] ℹ t = 42, iter = 50: mean score = 2e-06, error = 3.531e-10
[sc14 ρ:] ✔ t = 42: converged at iter = 73 with error = 1.257e-07
[sc14 ρ:] ℹ Solving time periods  42% (t = 43 / 100)
[sc14 ρ:] ℹ t = 43: starting iterations (max = 100)
[sc14 ρ:] ℹ t = 43, iter = 25: mean score = 0.000323, error = 0.2578
[sc14 ρ:] ℹ t = 43, iter = 50: mean score = 2e-06, error = 6.431e-11
[sc14 ρ:] ℹ t = 43, iter = 75: mean score = 0, error = 1.327e-07
[sc14 ρ:] ✔ t = 43: converged at iter = 75 with error = 1.327e-07
[sc14 ρ:] ℹ Solving time periods  43% (t = 44 / 100)
[sc14 ρ:] ℹ t = 44: starting iterations (max = 100)
[sc14 ρ:] ℹ t = 44, iter = 25: mean score = 0.000575, error = 0.2571
[sc14 ρ:] ℹ t = 44, iter = 50: mean score = 2e-06, error = 3.693e-12
[sc14 ρ:] ℹ t = 44, iter = 75: mean score = 0, error = 1.394e-07
[sc14 ρ:] ✔ t = 44: converged at iter = 75 with error = 1.394e-07
[sc14 ρ:] ℹ Solving time periods  44% (t = 45 / 100)
[sc14 ρ:] ℹ t = 45: starting iterations (max = 100)
[sc14 ρ:] ℹ t = 45, iter = 25: mean score = 0.000292, error = 0.2565
[sc14 ρ:] ℹ t = 45, iter = 50: mean score = 2e-06, error = 1.438e-10
[sc14 ρ:] ℹ t = 45, iter = 75: mean score = 0, error = 1.464e-07
[sc14 ρ:] ✔ t = 45: converged at iter = 75 with error = 1.464e-07
[sc14 ρ:] ℹ Solving time periods  45% (t = 46 / 100)
[sc14 ρ:] ℹ t = 46: starting iterations (max = 100)
[sc14 ρ:] ℹ t = 46, iter = 25: mean score = 0.000268, error = 0.2559
[sc14 ρ:] ℹ t = 46, iter = 50: mean score = 2e-06, error = 4.928e-10
[sc14 ρ:] ℹ t = 46, iter = 75: mean score = 0, error = 1.538e-07
[sc14 ρ:] ✔ t = 46: converged at iter = 75 with error = 1.538e-07
[sc14 ρ:] ℹ Solving time periods  46% (t = 47 / 100)
[sc14 ρ:] ℹ t = 47: starting iterations (max = 100)
[sc14 ρ:] ℹ t = 47, iter = 25: mean score = 0.000261, error = 0.2553
[sc14 ρ:] ℹ t = 47, iter = 50: mean score = 2e-06, error = 1.06e-09
[sc14 ρ:] ℹ t = 47, iter = 75: mean score = 0, error = 1.615e-07
[sc14 ρ:] ✔ t = 47: converged at iter = 75 with error = 1.615e-07
[sc14 ρ:] ℹ Solving time periods  47% (t = 48 / 100)
[sc14 ρ:] ℹ t = 48: starting iterations (max = 100)
[sc14 ρ:] ℹ t = 48, iter = 25: mean score = 0.000258, error = 0.2548
[sc14 ρ:] ℹ t = 48, iter = 50: mean score = 3e-06, error = 1.854e-09
[sc14 ρ:] ℹ t = 48, iter = 75: mean score = 0, error = 1.696e-07
[sc14 ρ:] ✔ t = 48: converged at iter = 75 with error = 1.696e-07
[sc14 ρ:] ℹ Solving time periods  48% (t = 49 / 100)
[sc14 ρ:] ℹ t = 49: starting iterations (max = 100)
[sc14 ρ:] ℹ t = 49, iter = 25: mean score = 0.000258, error = 0.2544
[sc14 ρ:] ℹ t = 49, iter = 50: mean score = 3e-06, error = 2.888e-09
[sc14 ρ:] ℹ t = 49, iter = 75: mean score = 0, error = 1.781e-07
[sc14 ρ:] ✔ t = 49: converged at iter = 77 with error = 1.78e-07
[sc14 ρ:] ℹ Solving time periods  49% (t = 50 / 100)
[sc14 ρ:] ℹ t = 50: starting iterations (max = 100)
[sc14 ρ:] ℹ t = 50, iter = 25: mean score = 0.000259, error = 0.254
[sc14 ρ:] ℹ t = 50, iter = 50: mean score = 3e-06, error = 4.101e-09
[sc14 ρ:] ℹ t = 50, iter = 75: mean score = 0, error = 1.865e-07
[sc14 ρ:] ✔ t = 50: converged at iter = 77 with error = 1.863e-07
[sc14 ρ:] ℹ Solving time periods  51% (t = 51 / 100)
[sc14 ρ:] ℹ t = 51: starting iterations (max = 100)
[sc14 ρ:] ℹ t = 51, iter = 25: mean score = 0.00026, error = 0.2536
[sc14 ρ:] ℹ t = 51, iter = 50: mean score = 3e-06, error = 5.553e-09
[sc14 ρ:] ℹ t = 51, iter = 75: mean score = 0, error = 1.952e-07
[sc14 ρ:] ✔ t = 51: converged at iter = 77 with error = 1.951e-07
[sc14 ρ:] ℹ Solving time periods  52% (t = 52 / 100)
[sc14 ρ:] ℹ t = 52: starting iterations (max = 100)
[sc14 ρ:] ℹ t = 52, iter = 25: mean score = 0.000263, error = 0.2533
[sc14 ρ:] ℹ t = 52, iter = 50: mean score = 4e-06, error = 7.254e-09
[sc14 ρ:] ℹ t = 52, iter = 75: mean score = 0, error = 2.044e-07
[sc14 ρ:] ✔ t = 52: converged at iter = 77 with error = 2.042e-07
[sc14 ρ:] ℹ Solving time periods  53% (t = 53 / 100)
[sc14 ρ:] ℹ t = 53: starting iterations (max = 100)
[sc14 ρ:] ℹ t = 53, iter = 25: mean score = 0.000266, error = 0.253
[sc14 ρ:] ℹ t = 53, iter = 50: mean score = 4e-06, error = 9.218e-09
[sc14 ρ:] ℹ t = 53, iter = 75: mean score = 0, error = 2.139e-07
[sc14 ρ:] ✔ t = 53: converged at iter = 77 with error = 2.138e-07
[sc14 ρ:] ℹ Solving time periods  54% (t = 54 / 100)
[sc14 ρ:] ℹ t = 54: starting iterations (max = 100)
[sc14 ρ:] ℹ t = 54, iter = 25: mean score = 0.000269, error = 0.2527
[sc14 ρ:] ℹ t = 54, iter = 50: mean score = 4e-06, error = 1.146e-08
[sc14 ρ:] ℹ t = 54, iter = 75: mean score = 0, error = 2.239e-07
[sc14 ρ:] ✔ t = 54: converged at iter = 77 with error = 2.238e-07
[sc14 ρ:] ℹ Solving time periods  55% (t = 55 / 100)
[sc14 ρ:] ℹ t = 55: starting iterations (max = 100)
[sc14 ρ:] ℹ t = 55, iter = 25: mean score = 0.000273, error = 0.2524
[sc14 ρ:] ℹ t = 55, iter = 50: mean score = 5e-06, error = 1.399e-08
[sc14 ρ:] ℹ t = 55, iter = 75: mean score = 0, error = 2.344e-07
[sc14 ρ:] ✔ t = 55: converged at iter = 77 with error = 2.343e-07
[sc14 ρ:] ℹ Solving time periods  56% (t = 56 / 100)
[sc14 ρ:] ℹ t = 56: starting iterations (max = 100)
[sc14 ρ:] ℹ t = 56, iter = 25: mean score = 0.000277, error = 0.2522
[sc14 ρ:] ℹ t = 56, iter = 50: mean score = 5e-06, error = 1.683e-08
[sc14 ρ:] ℹ t = 56, iter = 75: mean score = 0, error = 2.453e-07
[sc14 ρ:] ✔ t = 56: converged at iter = 79 with error = 2.451e-07
[sc14 ρ:] ℹ Solving time periods  57% (t = 57 / 100)
[sc14 ρ:] ℹ t = 57: starting iterations (max = 100)
[sc14 ρ:] ℹ t = 57, iter = 25: mean score = 0.000282, error = 0.252
[sc14 ρ:] ℹ t = 57, iter = 50: mean score = 6e-06, error = 1.99e-08
[sc14 ρ:] ℹ t = 57, iter = 75: mean score = 0, error = 2.564e-07
[sc14 ρ:] ✔ t = 57: converged at iter = 79 with error = 2.562e-07
[sc14 ρ:] ℹ Solving time periods  58% (t = 58 / 100)
[sc14 ρ:] ℹ t = 58: starting iterations (max = 100)
[sc14 ρ:] ℹ t = 58, iter = 25: mean score = 0.000288, error = 0.2518
[sc14 ρ:] ℹ t = 58, iter = 50: mean score = 7e-06, error = 2.33e-08
[sc14 ρ:] ℹ t = 58, iter = 75: mean score = 0, error = 2.68e-07
[sc14 ρ:] ✔ t = 58: converged at iter = 79 with error = 2.678e-07
[sc14 ρ:] ℹ Solving time periods  59% (t = 59 / 100)
[sc14 ρ:] ℹ t = 59: starting iterations (max = 100)
[sc14 ρ:] ℹ t = 59, iter = 25: mean score = 0.000293, error = 0.2516
[sc14 ρ:] ℹ t = 59, iter = 50: mean score = 7e-06, error = 2.704e-08
[sc14 ρ:] ℹ t = 59, iter = 75: mean score = 0, error = 2.801e-07
[sc14 ρ:] ✔ t = 59: converged at iter = 79 with error = 2.799e-07
[sc14 ρ:] ℹ Solving time periods  60% (t = 60 / 100)
[sc14 ρ:] ℹ t = 60: starting iterations (max = 100)
[sc14 ρ:] ℹ t = 60, iter = 25: mean score = 3e-04, error = 0.2515
[sc14 ρ:] ℹ t = 60, iter = 50: mean score = 8e-06, error = 3.114e-08
[sc14 ρ:] ℹ t = 60, iter = 75: mean score = 0, error = 2.928e-07
[sc14 ρ:] ✔ t = 60: converged at iter = 79 with error = 2.925e-07
[sc14 ρ:] ℹ Solving time periods  61% (t = 61 / 100)
[sc14 ρ:] ℹ t = 61: starting iterations (max = 100)
[sc14 ρ:] ℹ t = 61, iter = 25: mean score = 0.000306, error = 0.2514
[sc14 ρ:] ℹ t = 61, iter = 50: mean score = 9e-06, error = 3.562e-08
[sc14 ρ:] ℹ t = 61, iter = 75: mean score = 0, error = 3.06e-07
[sc14 ρ:] ✔ t = 61: converged at iter = 79 with error = 3.057e-07
[sc14 ρ:] ℹ Solving time periods  62% (t = 62 / 100)
[sc14 ρ:] ℹ t = 62: starting iterations (max = 100)
[sc14 ρ:] ℹ t = 62, iter = 25: mean score = 0.000313, error = 0.2512
[sc14 ρ:] ℹ t = 62, iter = 50: mean score = 1e-05, error = 4.049e-08
[sc14 ρ:] ℹ t = 62, iter = 75: mean score = 0, error = 3.198e-07
[sc14 ρ:] ✔ t = 62: converged at iter = 80 with error = 3.193e-07
[sc14 ρ:] ℹ Solving time periods  63% (t = 63 / 100)
[sc14 ρ:] ℹ t = 63: starting iterations (max = 100)
[sc14 ρ:] ℹ t = 63, iter = 25: mean score = 0.000321, error = 0.2511
[sc14 ρ:] ℹ t = 63, iter = 50: mean score = 1.1e-05, error = 4.549e-08
[sc14 ρ:] ℹ t = 63, iter = 75: mean score = 0, error = 3.334e-07
[sc14 ρ:] ✔ t = 63: converged at iter = 81 with error = 3.331e-07
[sc14 ρ:] ℹ Solving time periods  64% (t = 64 / 100)
[sc14 ρ:] ℹ t = 64: starting iterations (max = 100)
[sc14 ρ:] ℹ t = 64, iter = 25: mean score = 0.000329, error = 0.251
[sc14 ρ:] ℹ t = 64, iter = 50: mean score = 1.2e-05, error = 5.113e-08
[sc14 ρ:] ℹ t = 64, iter = 75: mean score = 0, error = 3.482e-07
[sc14 ρ:] ✔ t = 64: converged at iter = 81 with error = 3.479e-07
[sc14 ρ:] ℹ Solving time periods  65% (t = 65 / 100)
[sc14 ρ:] ℹ t = 65: starting iterations (max = 100)
[sc14 ρ:] ℹ t = 65, iter = 25: mean score = 0.000337, error = 0.251
[sc14 ρ:] ℹ t = 65, iter = 50: mean score = 1.4e-05, error = 5.722e-08
[sc14 ρ:] ℹ t = 65, iter = 75: mean score = 0, error = 3.637e-07
[sc14 ρ:] ✔ t = 65: converged at iter = 81 with error = 3.634e-07
[sc14 ρ:] ℹ Solving time periods  66% (t = 66 / 100)
[sc14 ρ:] ℹ t = 66: starting iterations (max = 100)
[sc14 ρ:] ℹ t = 66, iter = 25: mean score = 0.000346, error = 0.2509
[sc14 ρ:] ℹ t = 66, iter = 50: mean score = 1.6e-05, error = 6.378e-08
[sc14 ρ:] ℹ t = 66, iter = 75: mean score = 0, error = 3.798e-07
[sc14 ρ:] ✔ t = 66: converged at iter = 81 with error = 3.795e-07
[sc14 ρ:] ℹ Solving time periods  67% (t = 67 / 100)
[sc14 ρ:] ℹ t = 67: starting iterations (max = 100)
[sc14 ρ:] ℹ t = 67, iter = 25: mean score = 0.000355, error = 0.2508
[sc14 ρ:] ℹ t = 67, iter = 50: mean score = 1.8e-05, error = 7.086e-08
[sc14 ρ:] ℹ t = 67, iter = 75: mean score = 0, error = 3.967e-07
[sc14 ρ:] ✔ t = 67: converged at iter = 81 with error = 3.963e-07
[sc14 ρ:] ℹ Solving time periods  68% (t = 68 / 100)
[sc14 ρ:] ℹ t = 68: starting iterations (max = 100)
[sc14 ρ:] ℹ t = 68, iter = 25: mean score = 0.000365, error = 0.2508
[sc14 ρ:] ℹ t = 68, iter = 50: mean score = 2e-05, error = 7.846e-08
[sc14 ρ:] ℹ t = 68, iter = 75: mean score = 0, error = 4.143e-07
[sc14 ρ:] ✔ t = 68: converged at iter = 83 with error = 4.139e-07
[sc14 ρ:] ℹ Solving time periods  69% (t = 69 / 100)
[sc14 ρ:] ℹ t = 69: starting iterations (max = 100)
[sc14 ρ:] ℹ t = 69, iter = 25: mean score = 0.000375, error = 0.2507
[sc14 ρ:] ℹ t = 69, iter = 50: mean score = 2.3e-05, error = 8.656e-08
[sc14 ρ:] ℹ t = 69, iter = 75: mean score = 0, error = 4.325e-07
[sc14 ρ:] ✔ t = 69: converged at iter = 83 with error = 4.321e-07
[sc14 ρ:] ℹ Solving time periods  70% (t = 70 / 100)
[sc14 ρ:] ℹ t = 70: starting iterations (max = 100)
[sc14 ρ:] ℹ t = 70, iter = 25: mean score = 0.000442, error = 0.2507
[sc14 ρ:] ℹ t = 70, iter = 50: mean score = 1e-06, error = 9.518e-08
[sc14 ρ:] ℹ t = 70, iter = 75: mean score = 0, error = 4.515e-07
[sc14 ρ:] ✔ t = 70: converged at iter = 78 with error = 4.509e-07
[sc14 ρ:] ℹ Solving time periods  71% (t = 71 / 100)
[sc14 ρ:] ℹ t = 71: starting iterations (max = 100)
[sc14 ρ:] ℹ t = 71, iter = 25: mean score = 0.000477, error = 0.2506
[sc14 ρ:] ℹ t = 71, iter = 50: mean score = 1e-06, error = 1.04e-07
[sc14 ρ:] ℹ t = 71, iter = 75: mean score = 0, error = 4.705e-07
[sc14 ρ:] ✔ t = 71: converged at iter = 79 with error = 4.702e-07
[sc14 ρ:] ℹ Solving time periods  72% (t = 72 / 100)
[sc14 ρ:] ℹ t = 72: starting iterations (max = 100)
[sc14 ρ:] ℹ t = 72, iter = 25: mean score = 0.000529, error = 0.2505
[sc14 ρ:] ℹ t = 72, iter = 50: mean score = 2e-06, error = 1.141e-07
[sc14 ρ:] ℹ t = 72, iter = 75: mean score = 0, error = 4.916e-07
[sc14 ρ:] ✔ t = 72: converged at iter = 81 with error = 4.912e-07
[sc14 ρ:] ℹ Solving time periods  73% (t = 73 / 100)
[sc14 ρ:] ℹ t = 73: starting iterations (max = 100)
[sc14 ρ:] ℹ t = 73, iter = 25: mean score = 0.000602, error = 0.2505
[sc14 ρ:] ℹ t = 73, iter = 50: mean score = 4e-06, error = 1.248e-07
[sc14 ρ:] ℹ t = 73, iter = 75: mean score = 0, error = 5.134e-07
[sc14 ρ:] ✔ t = 73: converged at iter = 85 with error = 5.129e-07
[sc14 ρ:] ℹ Solving time periods  74% (t = 74 / 100)
[sc14 ρ:] ℹ t = 74: starting iterations (max = 100)
[sc14 ρ:] ℹ t = 74, iter = 25: mean score = 0.000705, error = 0.2504
[sc14 ρ:] ℹ t = 74, iter = 50: mean score = 7e-06, error = 1.36e-07
[sc14 ρ:] ℹ t = 74, iter = 75: mean score = 0, error = 5.359e-07
[sc14 ρ:] ✔ t = 74: converged at iter = 86 with error = 5.354e-07
[sc14 ρ:] ℹ Solving time periods  75% (t = 75 / 100)
[sc14 ρ:] ℹ t = 75: starting iterations (max = 100)
[sc14 ρ:] ℹ t = 75, iter = 25: mean score = 0.000863, error = 0.2504
[sc14 ρ:] ℹ t = 75, iter = 50: mean score = 2e-06, error = 1.479e-07
[sc14 ρ:] ℹ t = 75, iter = 75: mean score = 0, error = 5.592e-07
[sc14 ρ:] ✔ t = 75: converged at iter = 82 with error = 5.586e-07
[sc14 ρ:] ℹ Solving time periods  76% (t = 76 / 100)
[sc14 ρ:] ℹ t = 76: starting iterations (max = 100)
[sc14 ρ:] ℹ t = 76, iter = 25: mean score = 0.027151, error = 0.2503
[sc14 ρ:] ℹ t = 76, iter = 50: mean score = 0.000112, error = 1.605e-07
[sc14 ρ:] ℹ t = 76, iter = 75: mean score = 0, error = 5.833e-07
[sc14 ρ:] ✔ t = 76: converged at iter = 91 with error = 5.828e-07
[sc14 ρ:] ℹ Solving time periods  77% (t = 77 / 100)
[sc14 ρ:] ℹ t = 77: starting iterations (max = 100)
[sc14 ρ:] ℹ t = 77, iter = 25: mean score = 0.033647, error = 0.2503
[sc14 ρ:] ℹ t = 77, iter = 50: mean score = 6e-05, error = 1.74e-07
[sc14 ρ:] ℹ t = 77, iter = 75: mean score = 0, error = 6.088e-07
[sc14 ρ:] ✔ t = 77: converged at iter = 86 with error = 6.083e-07
[sc14 ρ:] ℹ Solving time periods  78% (t = 78 / 100)
[sc14 ρ:] ℹ t = 78: starting iterations (max = 100)
[sc14 ρ:] ℹ t = 78, iter = 25: mean score = 0.015788, error = 0.2503
[sc14 ρ:] ℹ t = 78, iter = 50: mean score = 5.4e-05, error = 1.883e-07
[sc14 ρ:] ℹ t = 78, iter = 75: mean score = 0, error = 6.353e-07
[sc14 ρ:] ✔ t = 78: converged at iter = 89 with error = 6.348e-07
[sc14 ρ:] ℹ Solving time periods  79% (t = 79 / 100)
[sc14 ρ:] ℹ t = 79: starting iterations (max = 100)
[sc14 ρ:] ℹ t = 79, iter = 25: mean score = 0.035014, error = 0.2502
[sc14 ρ:] ℹ t = 79, iter = 50: mean score = 4.2e-05, error = 2.036e-07
[sc14 ρ:] ℹ t = 79, iter = 75: mean score = 0, error = 6.63e-07
[sc14 ρ:] ✔ t = 79: converged at iter = 87 with error = 6.625e-07
[sc14 ρ:] ℹ Solving time periods  80% (t = 80 / 100)
[sc14 ρ:] ℹ t = 80: starting iterations (max = 100)
[sc14 ρ:] ℹ t = 80, iter = 25: mean score = 0.01544, error = 0.2502
[sc14 ρ:] ℹ t = 80, iter = 50: mean score = 4.2e-05, error = 2.198e-07
[sc14 ρ:] ℹ t = 80, iter = 75: mean score = 0, error = 6.92e-07
[sc14 ρ:] ✔ t = 80: converged at iter = 89 with error = 6.915e-07
[sc14 ρ:] ℹ Solving time periods  81% (t = 81 / 100)
[sc14 ρ:] ℹ t = 81: starting iterations (max = 100)
[sc14 ρ:] ℹ t = 81, iter = 25: mean score = 0.013202, error = 0.2502
[sc14 ρ:] ℹ t = 81, iter = 50: mean score = 4.5e-05, error = 2.37e-07
[sc14 ρ:] ℹ t = 81, iter = 75: mean score = 0, error = 7.222e-07
[sc14 ρ:] ✔ t = 81: converged at iter = 89 with error = 7.217e-07
[sc14 ρ:] ℹ Solving time periods  82% (t = 82 / 100)
[sc14 ρ:] ℹ t = 82: starting iterations (max = 100)
[sc14 ρ:] ℹ t = 82, iter = 25: mean score = 0.013092, error = 0.2502
[sc14 ρ:] ℹ t = 82, iter = 50: mean score = 0.000122, error = 2.553e-07
[sc14 ρ:] ℹ t = 82, iter = 75: mean score = 0, error = 7.538e-07
[sc14 ρ:] ✔ t = 82: converged at iter = 98 with error = 7.532e-07
[sc14 ρ:] ℹ Solving time periods  83% (t = 83 / 100)
[sc14 ρ:] ℹ t = 83: starting iterations (max = 100)
[sc14 ρ:] ℹ t = 83, iter = 25: mean score = 0.030254, error = 0.2502
[sc14 ρ:] ℹ t = 83, iter = 50: mean score = 6.4e-05, error = 2.746e-07
[sc14 ρ:] ℹ t = 83, iter = 75: mean score = 0, error = 7.867e-07
[sc14 ρ:] ✔ t = 83: converged at iter = 90 with error = 7.861e-07
[sc14 ρ:] ℹ Solving time periods  84% (t = 84 / 100)
[sc14 ρ:] ℹ t = 84: starting iterations (max = 100)
[sc14 ρ:] ℹ t = 84, iter = 25: mean score = 0.013716, error = 0.2502
[sc14 ρ:] ℹ t = 84, iter = 50: mean score = 0.000108, error = 2.95e-07
[sc14 ρ:] ℹ t = 84, iter = 75: mean score = 0, error = 8.21e-07
[sc14 ρ:] ✔ t = 84: converged at iter = 95 with error = 8.204e-07
[sc14 ρ:] ℹ Solving time periods  85% (t = 85 / 100)
[sc14 ρ:] ℹ t = 85: starting iterations (max = 100)
[sc14 ρ:] ℹ t = 85, iter = 25: mean score = 0.014343, error = 0.2502
[sc14 ρ:] ℹ t = 85, iter = 50: mean score = 0.000353, error = 3.167e-07
[sc14 ρ:] ℹ t = 85, iter = 75: mean score = 0, error = 8.568e-07
[sc14 ρ:] ✔ t = 85: converged at iter = 99 with error = 8.562e-07
[sc14 ρ:] ℹ Solving time periods  86% (t = 86 / 100)
[sc14 ρ:] ℹ t = 86: starting iterations (max = 100)
[sc14 ρ:] ℹ t = 86, iter = 25: mean score = 0.017334, error = 0.2502
[sc14 ρ:] ℹ t = 86, iter = 50: mean score = 0.000213, error = 3.396e-07
[sc14 ρ:] ℹ t = 86, iter = 75: mean score = 0, error = 8.942e-07
[sc14 ρ:] ✔ t = 86: converged at iter = 95 with error = 8.936e-07
[sc14 ρ:] ℹ Solving time periods  87% (t = 87 / 100)
[sc14 ρ:] ℹ t = 87: starting iterations (max = 100)
[sc14 ρ:] ℹ t = 87, iter = 25: mean score = 0.02939, error = 0.2502
[sc14 ρ:] ℹ t = 87, iter = 50: mean score = 0.000238, error = 3.639e-07
[sc14 ρ:] ℹ t = 87, iter = 75: mean score = 0, error = 9.332e-07
[sc14 ρ:] ✔ t = 87: converged at iter = 98 with error = 9.326e-07
[sc14 ρ:] ℹ Solving time periods  88% (t = 88 / 100)
[sc14 ρ:] ℹ t = 88: starting iterations (max = 100)
[sc14 ρ:] ℹ t = 88, iter = 25: mean score = 0.627917, error = 0.2502
[sc14 ρ:] ℹ t = 88, iter = 50: mean score = 0.000124, error = 3.895e-07
[sc14 ρ:] ℹ t = 88, iter = 75: mean score = 0, error = 9.739e-07
[sc14 ρ:] ✔ t = 88: converged at iter = 97 with error = 9.733e-07
[sc14 ρ:] ℹ Solving time periods  89% (t = 89 / 100)
[sc14 ρ:] ℹ t = 89: starting iterations (max = 100)
[sc14 ρ:] ℹ t = 89, iter = 25: mean score = 0.043119, error = 0.2502
[sc14 ρ:] ℹ t = 89, iter = 50: mean score = 4.2e-05, error = 4.166e-07
[sc14 ρ:] ℹ t = 89, iter = 75: mean score = 0, error = 1.016e-06
[sc14 ρ:] ✔ t = 89: converged at iter = 87 with error = 1.016e-06
[sc14 ρ:] ℹ Solving time periods  90% (t = 90 / 100)
[sc14 ρ:] ℹ t = 90: starting iterations (max = 100)
[sc14 ρ:] ℹ t = 90, iter = 25: mean score = 0.020767, error = 0.2502
[sc14 ρ:] ℹ t = 90, iter = 50: mean score = 3.8e-05, error = 4.452e-07
[sc14 ρ:] ℹ t = 90, iter = 75: mean score = 0, error = 1.061e-06
[sc14 ρ:] ✔ t = 90: converged at iter = 87 with error = 1.06e-06
[sc14 ρ:] ℹ Solving time periods  91% (t = 91 / 100)
[sc14 ρ:] ℹ t = 91: starting iterations (max = 100)
[sc14 ρ:] ℹ t = 91, iter = 25: mean score = 0.115999, error = 0.2502
[sc14 ρ:] ℹ t = 91, iter = 50: mean score = 1e-04, error = 4.755e-07
[sc14 ρ:] ℹ t = 91, iter = 75: mean score = 0, error = 1.107e-06
[sc14 ρ:] ✔ t = 91: converged at iter = 96 with error = 1.107e-06
[sc14 ρ:] ℹ Solving time periods  92% (t = 92 / 100)
[sc14 ρ:] ℹ t = 92: starting iterations (max = 100)
[sc14 ρ:] ℹ t = 92, iter = 25: mean score = 0.020141, error = 0.2502
[sc14 ρ:] ℹ t = 92, iter = 50: mean score = 3.3e-05, error = 5.073e-07
[sc14 ρ:] ℹ t = 92, iter = 75: mean score = 0, error = 1.156e-06
[sc14 ρ:] ✔ t = 92: converged at iter = 90 with error = 1.155e-06
[sc14 ρ:] ℹ Solving time periods  93% (t = 93 / 100)
[sc14 ρ:] ℹ t = 93: starting iterations (max = 100)
[sc14 ρ:] ℹ t = 93, iter = 25: mean score = 0.018486, error = 0.2502
[sc14 ρ:] ℹ t = 93, iter = 50: mean score = 1.9e-05, error = 5.409e-07
[sc14 ρ:] ℹ t = 93, iter = 75: mean score = 0, error = 1.206e-06
[sc14 ρ:] ✔ t = 93: converged at iter = 84 with error = 1.205e-06
[sc14 ρ:] ℹ Solving time periods  94% (t = 94 / 100)
[sc14 ρ:] ℹ t = 94: starting iterations (max = 100)
[sc14 ρ:] ℹ t = 94, iter = 25: mean score = 0.023205, error = 0.2503
[sc14 ρ:] ℹ t = 94, iter = 50: mean score = 1.7e-05, error = 5.763e-07
[sc14 ρ:] ℹ t = 94, iter = 75: mean score = 0, error = 1.258e-06
[sc14 ρ:] ✔ t = 94: converged at iter = 84 with error = 1.258e-06
[sc14 ρ:] ℹ Solving time periods  95% (t = 95 / 100)
[sc14 ρ:] ℹ t = 95: starting iterations (max = 100)
[sc14 ρ:] ℹ t = 95, iter = 25: mean score = 0.021301, error = 0.2503
[sc14 ρ:] ℹ t = 95, iter = 50: mean score = 1.7e-05, error = 6.135e-07
[sc14 ρ:] ℹ t = 95, iter = 75: mean score = 0, error = 1.313e-06
[sc14 ρ:] ✔ t = 95: converged at iter = 85 with error = 1.312e-06
[sc14 ρ:] ℹ Solving time periods  96% (t = 96 / 100)
[sc14 ρ:] ℹ t = 96: starting iterations (max = 100)
[sc14 ρ:] ℹ t = 96, iter = 25: mean score = 0.024108, error = 0.2503
[sc14 ρ:] ℹ t = 96, iter = 50: mean score = 2.4e-05, error = 6.53e-07
[sc14 ρ:] ℹ t = 96, iter = 75: mean score = 0, error = 1.371e-06
[sc14 ρ:] ✔ t = 96: converged at iter = 88 with error = 1.37e-06
[sc14 ρ:] ℹ Solving time periods  97% (t = 97 / 100)
[sc14 ρ:] ℹ t = 97: starting iterations (max = 100)
[sc14 ρ:] ℹ t = 97, iter = 25: mean score = 0.060986, error = 0.2503
[sc14 ρ:] ℹ t = 97, iter = 50: mean score = 1.7e-05, error = 6.945e-07
[sc14 ρ:] ℹ t = 97, iter = 75: mean score = 0, error = 1.43e-06
[sc14 ρ:] ✔ t = 97: converged at iter = 87 with error = 1.429e-06
[sc14 ρ:] ℹ Solving time periods  98% (t = 98 / 100)
[sc14 ρ:] ℹ t = 98: starting iterations (max = 100)
[sc14 ρ:] ℹ t = 98, iter = 25: mean score = 0.191489, error = 0.2504
[sc14 ρ:] ℹ t = 98, iter = 50: mean score = 1.1e-05, error = 7.383e-07
[sc14 ρ:] ℹ t = 98, iter = 75: mean score = 0, error = 1.493e-06
[sc14 ρ:] ✔ t = 98: converged at iter = 81 with error = 1.492e-06
[sc14 ρ:] ℹ Solving time periods  99% (t = 99 / 100)
[sc14 ρ:] ℹ t = 99: starting iterations (max = 100)
[sc14 ρ:] ℹ t = 99, iter = 25: mean score = 0.0767, error = 0.2504
[sc14 ρ:] ℹ t = 99, iter = 50: mean score = 1e-05, error = 7.847e-07
[sc14 ρ:] ℹ t = 99, iter = 75: mean score = 0, error = 1.558e-06
[sc14 ρ:] ✔ t = 99: converged at iter = 80 with error = 1.557e-06
[sc14 ρ:] ℹ Solving time periods 100% (t = 100 / 100)
[sc14 ρ:] ℹ t = 100: starting iterations (max = 100)
[sc14 ρ:] ℹ t = 100, iter = 25: mean score = 0.12059, error = 0.2504
[sc14 ρ:] ℹ t = 100, iter = 50: mean score = 9e-06, error = 8.327e-07
[sc14 ρ:] ℹ t = 100, iter = 75: mean score = 0, error = 1.626e-06
[sc14 ρ:] ✔ t = 100: converged at iter = 79 with error = 1.625e-06
[sc14 ρ:] 
[sc14 ρ:] ── Simulation completed ──
[sc14 ρ:] ✔ Total execution time: 3.891 mins
[sc14 ρ:] ℹ Last non-NA simulated period: t = 100
[sc14 ρ:] ────────────────────────────────────────── LEEDS_MODEL run finished ──────────────────────────────────────────
