[sc2 ρ:] ───────────────────────────────────── LEEDS_MODEL :: New simulation run ──────────────────────────────────────
[sc2 ρ:] 
[sc2 ρ:] ── Initialization ──
[sc2 ρ:] ℹ Parameters ready
[sc2 ρ:] 
[sc2 ρ:] ── Production scenarios ──
[sc2 ρ:] ──────────────────────────────────────── Production Scenarios Loaded ─────────────────────────────────────────
[sc2 ρ:] ℹ Parameters ready: nPeriods = 100, max.iterations = 100
[sc2 ρ:] ℹ Scenario sanity: shock = 2, rho = 0.9, t.shock = 70, Z1_ce = 0, Z2_ce = 0
[sc2 ρ:] ℹ Building A0/B0/A.t/B.t after production scenarios…
[sc2 ρ:] ℹ max |B0 - A0| at init = 0
[sc2 ρ:] 
[sc2 ρ:] ── Markup calibration (t = 1) ──
[sc2 ρ:] ✔ Markup vector 'mu' calibrated at t = 1
[sc2 ρ:] 
[sc2 ρ:] ── Time loop ──
[sc2 ρ:] ℹ Starting Gauss–Seidel iterations across 99 additional periods
[sc2 ρ:] ℹ Logging to: /Users/parvulesco/Documents/R/LEEDS_MODEL/output/scenarios/logs/shock_2_run.log
[sc2 ρ:] ℹ Solving time periods   1% (t = 2 / 100)
[sc2 ρ:] ℹ t = 2: starting iterations (max = 100)
[sc2 ρ:] ℹ t = 2, iter = 25: mean score = 0.000929, error = 0.9963
[sc2 ρ:] ℹ t = 2, iter = 50: mean score = 2e-06, error = 3.955e-06
[sc2 ρ:] ℹ t = 2, iter = 75: mean score = 0, error = 1.591e-11
[sc2 ρ:] ✔ t = 2: converged at iter = 77 with error = 5.889e-12
[sc2 ρ:] ℹ Solving time periods   2% (t = 3 / 100)
[sc2 ρ:] ℹ t = 3: starting iterations (max = 100)
[sc2 ρ:] ℹ t = 3, iter = 25: mean score = 0.000452, error = 0.301
[sc2 ρ:] ℹ t = 3, iter = 50: mean score = 0, error = 2.084e-07
[sc2 ρ:] ✔ t = 3: converged at iter = 70 with error = 3.008e-10
[sc2 ρ:] ℹ Solving time periods   3% (t = 4 / 100)
[sc2 ρ:] ℹ t = 4: starting iterations (max = 100)
[sc2 ρ:] ℹ t = 4, iter = 25: mean score = 0.000533, error = 0.4458
[sc2 ρ:] ℹ t = 4, iter = 50: mean score = 0, error = 3.176e-07
[sc2 ρ:] ✔ t = 4: converged at iter = 72 with error = 5.637e-11
[sc2 ρ:] ℹ Solving time periods   4% (t = 5 / 100)
[sc2 ρ:] ℹ t = 5: starting iterations (max = 100)
[sc2 ρ:] ℹ t = 5, iter = 25: mean score = 0.006435, error = 0.4551
[sc2 ρ:] ℹ t = 5, iter = 50: mean score = 1e-06, error = 3.246e-07
[sc2 ρ:] ℹ t = 5, iter = 75: mean score = 0, error = 9.445e-12
[sc2 ρ:] ✔ t = 5: converged at iter = 76 with error = 4.89e-12
[sc2 ρ:] ℹ Solving time periods   5% (t = 6 / 100)
[sc2 ρ:] ℹ t = 6: starting iterations (max = 100)
[sc2 ρ:] ℹ t = 6, iter = 25: mean score = 0.001441, error = 0.4432
[sc2 ρ:] ℹ t = 6, iter = 50: mean score = 1e-06, error = 3.129e-07
[sc2 ρ:] ℹ t = 6, iter = 75: mean score = 0, error = 1.641e-12
[sc2 ρ:] ✔ t = 6: converged at iter = 75 with error = 1.641e-12
[sc2 ρ:] ℹ Solving time periods   6% (t = 7 / 100)
[sc2 ρ:] ℹ t = 7: starting iterations (max = 100)
[sc2 ρ:] ℹ t = 7, iter = 25: mean score = 0.00048, error = 0.4284
[sc2 ρ:] ℹ t = 7, iter = 50: mean score = 0, error = 2.952e-07
[sc2 ρ:] ✔ t = 7: converged at iter = 72 with error = 3.923e-12
[sc2 ρ:] ℹ Solving time periods   7% (t = 8 / 100)
[sc2 ρ:] ℹ t = 8: starting iterations (max = 100)
[sc2 ρ:] ℹ t = 8, iter = 25: mean score = 0.000412, error = 0.4144
[sc2 ρ:] ℹ t = 8, iter = 50: mean score = 0, error = 2.861e-07
[sc2 ρ:] ✔ t = 8: converged at iter = 70 with error = 1.38e-11
[sc2 ρ:] ℹ Solving time periods   8% (t = 9 / 100)
[sc2 ρ:] ℹ t = 9: starting iterations (max = 100)
[sc2 ρ:] ℹ t = 9, iter = 25: mean score = 0.000377, error = 0.4014
[sc2 ρ:] ℹ t = 9, iter = 50: mean score = 0, error = 2.819e-07
[sc2 ρ:] ✔ t = 9: converged at iter = 69 with error = 6.011e-11
[sc2 ρ:] ℹ Solving time periods   9% (t = 10 / 100)
[sc2 ρ:] ℹ t = 10: starting iterations (max = 100)
[sc2 ρ:] ℹ t = 10, iter = 25: mean score = 0.000338, error = 0.3885
[sc2 ρ:] ℹ t = 10, iter = 50: mean score = 0, error = 2.587e-07
[sc2 ρ:] ✔ t = 10: converged at iter = 69 with error = 6.64e-12
[sc2 ρ:] ℹ Solving time periods  10% (t = 11 / 100)
[sc2 ρ:] ℹ t = 11: starting iterations (max = 100)
[sc2 ρ:] ℹ t = 11, iter = 25: mean score = 0.000309, error = 0.3772
[sc2 ρ:] ℹ t = 11, iter = 50: mean score = 0, error = 2.376e-07
[sc2 ρ:] ✔ t = 11: converged at iter = 67 with error = 2.111e-10
[sc2 ρ:] ℹ Solving time periods  11% (t = 12 / 100)
[sc2 ρ:] ℹ t = 12: starting iterations (max = 100)
[sc2 ρ:] ℹ t = 12, iter = 25: mean score = 0.000295, error = 0.367
[sc2 ρ:] ℹ t = 12, iter = 50: mean score = 0, error = 2.112e-07
[sc2 ρ:] ✔ t = 12: converged at iter = 67 with error = 1.03e-09
[sc2 ρ:] ℹ Solving time periods  12% (t = 13 / 100)
[sc2 ρ:] ℹ t = 13: starting iterations (max = 100)
[sc2 ρ:] ℹ t = 13, iter = 25: mean score = 0.000303, error = 0.3575
[sc2 ρ:] ℹ t = 13, iter = 50: mean score = 0, error = 1.872e-07
[sc2 ρ:] ✔ t = 13: converged at iter = 67 with error = 2.452e-09
[sc2 ρ:] ℹ Solving time periods  13% (t = 14 / 100)
[sc2 ρ:] ℹ t = 14: starting iterations (max = 100)
[sc2 ρ:] ℹ t = 14, iter = 25: mean score = 0.00033, error = 0.3489
[sc2 ρ:] ℹ t = 14, iter = 50: mean score = 0, error = 1.652e-07
[sc2 ρ:] ✔ t = 14: converged at iter = 69 with error = 4.251e-09
[sc2 ρ:] ℹ Solving time periods  14% (t = 15 / 100)
[sc2 ρ:] ℹ t = 15: starting iterations (max = 100)
[sc2 ρ:] ℹ t = 15, iter = 25: mean score = 0.000269, error = 0.3409
[sc2 ρ:] ℹ t = 15, iter = 50: mean score = 0, error = 1.505e-07
[sc2 ρ:] ✔ t = 15: converged at iter = 67 with error = 5.974e-09
[sc2 ρ:] ℹ Solving time periods  15% (t = 16 / 100)
[sc2 ρ:] ℹ t = 16: starting iterations (max = 100)
[sc2 ρ:] ℹ t = 16, iter = 25: mean score = 0.000261, error = 0.3336
[sc2 ρ:] ℹ t = 16, iter = 50: mean score = 0, error = 1.319e-07
[sc2 ρ:] ✔ t = 16: converged at iter = 67 with error = 8.933e-09
[sc2 ρ:] ℹ Solving time periods  16% (t = 17 / 100)
[sc2 ρ:] ℹ t = 17: starting iterations (max = 100)
[sc2 ρ:] ℹ t = 17, iter = 25: mean score = 0.000256, error = 0.3268
[sc2 ρ:] ℹ t = 17, iter = 50: mean score = 0, error = 1.148e-07
[sc2 ρ:] ✔ t = 17: converged at iter = 67 with error = 1.25e-08
[sc2 ρ:] ℹ Solving time periods  17% (t = 18 / 100)
[sc2 ρ:] ℹ t = 18: starting iterations (max = 100)
[sc2 ρ:] ℹ t = 18, iter = 25: mean score = 0.000255, error = 0.3206
[sc2 ρ:] ℹ t = 18, iter = 50: mean score = 0, error = 9.92e-08
[sc2 ρ:] ✔ t = 18: converged at iter = 67 with error = 1.668e-08
[sc2 ρ:] ℹ Solving time periods  18% (t = 19 / 100)
[sc2 ρ:] ℹ t = 19: starting iterations (max = 100)
[sc2 ρ:] ℹ t = 19, iter = 25: mean score = 0.000266, error = 0.3149
[sc2 ρ:] ℹ t = 19, iter = 50: mean score = 0, error = 8.494e-08
[sc2 ρ:] ✔ t = 19: converged at iter = 67 with error = 2.15e-08
[sc2 ρ:] ℹ Solving time periods  19% (t = 20 / 100)
[sc2 ρ:] ℹ t = 20: starting iterations (max = 100)
[sc2 ρ:] ℹ t = 20, iter = 25: mean score = 0.000296, error = 0.3097
[sc2 ρ:] ℹ t = 20, iter = 50: mean score = 0, error = 7.195e-08
[sc2 ρ:] ✔ t = 20: converged at iter = 69 with error = 2.648e-08
[sc2 ρ:] ℹ Solving time periods  20% (t = 21 / 100)
[sc2 ρ:] ℹ t = 21: starting iterations (max = 100)
[sc2 ρ:] ℹ t = 21, iter = 25: mean score = 0.000275, error = 0.3049
[sc2 ρ:] ℹ t = 21, iter = 50: mean score = 0, error = 6.324e-08
[sc2 ρ:] ✔ t = 21: converged at iter = 69 with error = 3.038e-08
[sc2 ρ:] ℹ Solving time periods  21% (t = 22 / 100)
[sc2 ρ:] ℹ t = 22: starting iterations (max = 100)
