───────────────────────────────────── LEEDS_MODEL :: New simulation run ──────────────────────────────────────

── Initialization ──
ℹ Parameters ready

── Initialization ──

── Production scenarios ──
──────────────────────────────────────── Production Scenarios Loaded ─────────────────────────────────────────
ℹ Parameters ready: nPeriods = 100, max.iterations = 100
ℹ Scenario sanity: shock = 11, rho = 0.9, t.shock = 70, Z1_ce = 1, Z2_ce = 0
ℹ Building A0/B0/A.t/B.t after production scenarios…
ℹ max |B0 - A0| at init = 0.0314482

── Markup calibration (t = 1) ──
✔ Markup vector 'mu' calibrated at t = 1

── Time loop ──
ℹ Starting Gauss–Seidel iterations across 99 additional periods
ℹ Logging to: /Users/parvulesco/Documents/R/LEEDS_MODEL/output/scenarios/logs/shock_11_run.log
ℹ Solving time periods   1% (t = 2 / 100)
ℹ t = 2: starting iterations (max = 100)
ℹ t = 2, iter = 10: mean score = 0.065781, error = 2512
ℹ t = 2, iter = 20: mean score = 0.003782, error = 13.07
ℹ t = 2, iter = 30: mean score = 0.000263, error = 0.09536
ℹ t = 2, iter = 40: mean score = 2e-05, error = 0.0007324
ℹ t = 2, iter = 50: mean score = 2e-06, error = 5.719e-06
ℹ t = 2, iter = 60: mean score = 0, error = 4.529e-08
ℹ t = 2, iter = 70: mean score = 0, error = 3.634e-10
✔ t = 2: converged at iter = 79 with error = 4.772e-12
ℹ Solving time periods   2% (t = 3 / 100)
ℹ t = 3: starting iterations (max = 100)
ℹ t = 3, iter = 10: mean score = 0.046831, error = 1627
ℹ t = 3, iter = 20: mean score = 0.002245, error = 4.67
ℹ t = 3, iter = 30: mean score = 0.000114, error = 0.01857
ℹ t = 3, iter = 40: mean score = 7e-06, error = 7.352e-05
ℹ t = 3, iter = 50: mean score = 0, error = 2.711e-07
ℹ t = 3, iter = 60: mean score = 0, error = 3.706e-10
ℹ t = 3, iter = 70: mean score = 0, error = 1.37e-10
✔ t = 3: converged at iter = 71 with error = 2.33e-10
ℹ Solving time periods   3% (t = 4 / 100)
ℹ t = 4: starting iterations (max = 100)
ℹ t = 4, iter = 10: mean score = 0.045803, error = 2337
ℹ t = 4, iter = 20: mean score = 0.002422, error = 6.844
ℹ t = 4, iter = 30: mean score = 0.000128, error = 0.02754
ℹ t = 4, iter = 40: mean score = 7e-06, error = 0.0001094
ℹ t = 4, iter = 50: mean score = 0, error = 3.972e-07
ℹ t = 4, iter = 60: mean score = 0, error = 3.06e-10
ℹ t = 4, iter = 70: mean score = 0, error = 4.149e-10
✔ t = 4: converged at iter = 71 with error = 6.114e-10
ℹ Solving time periods   4% (t = 5 / 100)
ℹ t = 5: starting iterations (max = 100)
ℹ t = 5, iter = 10: mean score = 0.038285, error = 2332
ℹ t = 5, iter = 20: mean score = 0.002724, error = 6.727
ℹ t = 5, iter = 30: mean score = 0.000118, error = 0.02738
ℹ t = 5, iter = 40: mean score = 6e-06, error = 0.0001092
ℹ t = 5, iter = 50: mean score = 0, error = 3.856e-07
ℹ t = 5, iter = 60: mean score = 0, error = 6.152e-11
ℹ t = 5, iter = 70: mean score = 0, error = 9.022e-10
✔ t = 5: converged at iter = 72 with error = 9.671e-10
ℹ Solving time periods   5% (t = 6 / 100)
ℹ t = 6: starting iterations (max = 100)
ℹ t = 6, iter = 10: mean score = 0.030095, error = 2222
ℹ t = 6, iter = 20: mean score = 0.003155, error = 6.298
ℹ t = 6, iter = 30: mean score = 0.000144, error = 0.02599
ℹ t = 6, iter = 40: mean score = 6e-06, error = 0.0001045
ℹ t = 6, iter = 50: mean score = 0, error = 3.759e-07
ℹ t = 6, iter = 60: mean score = 0, error = 1.604e-10
ℹ t = 6, iter = 70: mean score = 0, error = 5.981e-10
✔ t = 6: converged at iter = 72 with error = 6.5e-10
ℹ Solving time periods   6% (t = 7 / 100)
ℹ t = 7: starting iterations (max = 100)
ℹ t = 7, iter = 10: mean score = 0.022224, error = 2104
ℹ t = 7, iter = 20: mean score = 0.010159, error = 5.854
ℹ t = 7, iter = 30: mean score = 0.000349, error = 0.02447
ℹ t = 7, iter = 40: mean score = 9e-06, error = 9.921e-05
ℹ t = 7, iter = 50: mean score = 0, error = 3.631e-07
ℹ t = 7, iter = 60: mean score = 0, error = 2.892e-10
ℹ t = 7, iter = 70: mean score = 0, error = 3.692e-10
✔ t = 7: converged at iter = 73 with error = 5.114e-10
ℹ Solving time periods   7% (t = 8 / 100)
ℹ t = 8: starting iterations (max = 100)
ℹ t = 8, iter = 10: mean score = 0.02245, error = 1994
ℹ t = 8, iter = 20: mean score = 0.005328, error = 5.444
ℹ t = 8, iter = 30: mean score = 0.000261, error = 0.02306
ℹ t = 8, iter = 40: mean score = 9e-06, error = 9.403e-05
ℹ t = 8, iter = 50: mean score = 0, error = 3.394e-07
ℹ t = 8, iter = 60: mean score = 0, error = 1.306e-10
ℹ t = 8, iter = 70: mean score = 0, error = 5.721e-10
✔ t = 8: converged at iter = 73 with error = 7.419e-10
ℹ Solving time periods   8% (t = 9 / 100)
ℹ t = 9: starting iterations (max = 100)
ℹ t = 9, iter = 10: mean score = 0.019852, error = 1893
ℹ t = 9, iter = 20: mean score = 0.003127, error = 5.073
ℹ t = 9, iter = 30: mean score = 0.000283, error = 0.02176
ℹ t = 9, iter = 40: mean score = 1e-05, error = 8.928e-05
ℹ t = 9, iter = 50: mean score = 0, error = 3.176e-07
ℹ t = 9, iter = 60: mean score = 0, error = 3.61e-11
ℹ t = 9, iter = 70: mean score = 0, error = 8.133e-10
✔ t = 9: converged at iter = 74 with error = 9.024e-10
ℹ Solving time periods   9% (t = 10 / 100)
ℹ t = 10: starting iterations (max = 100)
ℹ t = 10, iter = 10: mean score = 0.017733, error = 1788
ℹ t = 10, iter = 20: mean score = 0.001642, error = 4.702
ℹ t = 10, iter = 30: mean score = 0.000235, error = 0.02046
ℹ t = 10, iter = 40: mean score = 1.1e-05, error = 8.459e-05
ℹ t = 10, iter = 50: mean score = 1e-06, error = 3.034e-07
ℹ t = 10, iter = 60: mean score = 0, error = 5.353e-11
ℹ t = 10, iter = 70: mean score = 0, error = 6.948e-10
✔ t = 10: converged at iter = 76 with error = 7.925e-10
ℹ Solving time periods  10% (t = 11 / 100)
ℹ t = 11: starting iterations (max = 100)
ℹ t = 11, iter = 10: mean score = 0.017232, error = 1702
ℹ t = 11, iter = 20: mean score = 0.001682, error = 4.394
ℹ t = 11, iter = 30: mean score = 0.015256, error = 0.01936
ℹ t = 11, iter = 40: mean score = 0.000228, error = 8.062e-05
ℹ t = 11, iter = 50: mean score = 1.3e-05, error = 2.902e-07
ℹ t = 11, iter = 60: mean score = 1e-06, error = 5.608e-11
ℹ t = 11, iter = 70: mean score = 0, error = 6.474e-10
ℹ t = 11, iter = 80: mean score = 0, error = 7.546e-10
✔ t = 11: converged at iter = 89 with error = 7.625e-10
ℹ Solving time periods  11% (t = 12 / 100)
ℹ t = 12: starting iterations (max = 100)
ℹ t = 12, iter = 10: mean score = 0.016386, error = 1625
ℹ t = 12, iter = 20: mean score = 0.002035, error = 4.119
ℹ t = 12, iter = 30: mean score = 0.000575, error = 0.01838
ℹ t = 12, iter = 40: mean score = 1.4e-05, error = 7.702e-05
ℹ t = 12, iter = 50: mean score = 1e-06, error = 2.767e-07
ℹ t = 12, iter = 60: mean score = 0, error = 3.75e-11
ℹ t = 12, iter = 70: mean score = 0, error = 6.825e-10
✔ t = 12: converged at iter = 77 with error = 8.144e-10
ℹ Solving time periods  12% (t = 13 / 100)
ℹ t = 13: starting iterations (max = 100)
ℹ t = 13, iter = 10: mean score = 0.020089, error = 1554
ℹ t = 13, iter = 20: mean score = 0.001512, error = 3.872
ℹ t = 13, iter = 30: mean score = 0.000584, error = 0.01749
ℹ t = 13, iter = 40: mean score = 1.2e-05, error = 7.372e-05
ℹ t = 13, iter = 50: mean score = 0, error = 2.633e-07
ℹ t = 13, iter = 60: mean score = 0, error = 1.381e-11
ℹ t = 13, iter = 70: mean score = 0, error = 7.781e-10
✔ t = 13: converged at iter = 74 with error = 8.578e-10
ℹ Solving time periods  13% (t = 14 / 100)
ℹ t = 14: starting iterations (max = 100)
ℹ t = 14, iter = 10: mean score = 0.016771, error = 1489
ℹ t = 14, iter = 20: mean score = 0.002046, error = 3.648
ℹ t = 14, iter = 30: mean score = 0.001107, error = 0.01668
ℹ t = 14, iter = 40: mean score = 1.2e-05, error = 7.076e-05
ℹ t = 14, iter = 50: mean score = 0, error = 2.546e-07
ℹ t = 14, iter = 60: mean score = 0, error = 2.464e-11
ℹ t = 14, iter = 70: mean score = 0, error = 6.787e-10
✔ t = 14: converged at iter = 73 with error = 8.391e-10
ℹ Solving time periods  14% (t = 15 / 100)
ℹ t = 15: starting iterations (max = 100)
ℹ t = 15, iter = 10: mean score = 0.034008, error = 1430
ℹ t = 15, iter = 20: mean score = 0.021695, error = 3.445
ℹ t = 15, iter = 30: mean score = 0.003871, error = 0.01594
ℹ t = 15, iter = 40: mean score = 1.1e-05, error = 6.797e-05
ℹ t = 15, iter = 50: mean score = 0, error = 2.411e-07
ℹ t = 15, iter = 60: mean score = 0, error = 2.531e-13
ℹ t = 15, iter = 70: mean score = 0, error = 8.976e-10
✔ t = 15: converged at iter = 72 with error = 9.495e-10
ℹ Solving time periods  15% (t = 16 / 100)
ℹ t = 16: starting iterations (max = 100)
ℹ t = 16, iter = 10: mean score = 0.015173, error = 1376
ℹ t = 16, iter = 20: mean score = 0.002034, error = 3.261
ℹ t = 16, iter = 30: mean score = 0.000786, error = 0.01527
ℹ t = 16, iter = 40: mean score = 1.2e-05, error = 6.553e-05
ℹ t = 16, iter = 50: mean score = 0, error = 2.357e-07
ℹ t = 16, iter = 60: mean score = 0, error = 1.215e-11
ℹ t = 16, iter = 70: mean score = 0, error = 7.002e-10
✔ t = 16: converged at iter = 71 with error = 8.949e-10
ℹ Solving time periods  16% (t = 17 / 100)
ℹ t = 17: starting iterations (max = 100)
ℹ t = 17, iter = 10: mean score = 0.015847, error = 1326
ℹ t = 17, iter = 20: mean score = 0.001493, error = 3.094
ℹ t = 17, iter = 30: mean score = 0.000493, error = 0.01465
ℹ t = 17, iter = 40: mean score = 1.3e-05, error = 6.315e-05
ℹ t = 17, iter = 50: mean score = 0, error = 2.218e-07
ℹ t = 17, iter = 60: mean score = 0, error = 9.7e-12
ℹ t = 17, iter = 70: mean score = 0, error = 1.062e-09
✔ t = 17: converged at iter = 70 with error = 1.062e-09
ℹ Solving time periods  17% (t = 18 / 100)
ℹ t = 18: starting iterations (max = 100)
ℹ t = 18, iter = 10: mean score = 0.014948, error = 1281
ℹ t = 18, iter = 20: mean score = 0.00122, error = 2.942
ℹ t = 18, iter = 30: mean score = 0.000377, error = 0.01409
ℹ t = 18, iter = 40: mean score = 1.3e-05, error = 6.116e-05
ℹ t = 18, iter = 50: mean score = 0, error = 2.203e-07
ℹ t = 18, iter = 60: mean score = 0, error = 7.646e-12
ℹ t = 18, iter = 70: mean score = 0, error = 6.892e-10
✔ t = 18: converged at iter = 70 with error = 6.892e-10
ℹ Solving time periods  18% (t = 19 / 100)
ℹ t = 19: starting iterations (max = 100)
ℹ t = 19, iter = 10: mean score = 0.01384, error = 1239
ℹ t = 19, iter = 20: mean score = 0.001081, error = 2.805
ℹ t = 19, iter = 30: mean score = 0.000316, error = 0.01358
ℹ t = 19, iter = 40: mean score = 1.4e-05, error = 5.934e-05
ℹ t = 19, iter = 50: mean score = 0, error = 2.194e-07
ℹ t = 19, iter = 60: mean score = 0, error = 7.542e-11
✔ t = 19: converged at iter = 69 with error = 5.896e-10
ℹ Solving time periods  19% (t = 20 / 100)
ℹ t = 20: starting iterations (max = 100)
ℹ t = 20, iter = 10: mean score = 0.013459, error = 1200
ℹ t = 20, iter = 20: mean score = 0.001012, error = 2.68
ℹ t = 20, iter = 30: mean score = 0.000278, error = 0.01311
ℹ t = 20, iter = 40: mean score = 1.5e-05, error = 5.743e-05
ℹ t = 20, iter = 50: mean score = 0, error = 2.043e-07
ℹ t = 20, iter = 60: mean score = 0, error = 1.638e-12
✔ t = 20: converged at iter = 69 with error = 1.142e-09
ℹ Solving time periods  20% (t = 21 / 100)
ℹ t = 21: starting iterations (max = 100)
ℹ t = 21, iter = 10: mean score = 0.013788, error = 1165
ℹ t = 21, iter = 20: mean score = 0.000992, error = 2.566
ℹ t = 21, iter = 30: mean score = 0.000255, error = 0.01268
ℹ t = 21, iter = 40: mean score = 1.7e-05, error = 5.568e-05
ℹ t = 21, iter = 50: mean score = 0, error = 1.902e-07
ℹ t = 21, iter = 60: mean score = 0, error = 1.272e-10
✔ t = 21: converged at iter = 69 with error = 1.882e-09
ℹ Solving time periods  21% (t = 22 / 100)
ℹ t = 22: starting iterations (max = 100)
ℹ t = 22, iter = 10: mean score = 0.024085, error = 1132
ℹ t = 22, iter = 20: mean score = 0.000996, error = 2.462
ℹ t = 22, iter = 30: mean score = 0.000237, error = 0.01228
ℹ t = 22, iter = 40: mean score = 1.9e-05, error = 5.406e-05
ℹ t = 22, iter = 50: mean score = 0, error = 1.768e-07
ℹ t = 22, iter = 60: mean score = 0, error = 4.546e-10
✔ t = 22: converged at iter = 69 with error = 2.813e-09
ℹ Solving time periods  22% (t = 23 / 100)
ℹ t = 23: starting iterations (max = 100)
ℹ t = 23, iter = 10: mean score = 0.020409, error = 1102
ℹ t = 23, iter = 20: mean score = 0.000941, error = 2.368
ℹ t = 23, iter = 30: mean score = 0.000222, error = 0.01192
ℹ t = 23, iter = 40: mean score = 2e-05, error = 5.256e-05
ℹ t = 23, iter = 50: mean score = 0, error = 1.642e-07
ℹ t = 23, iter = 60: mean score = 0, error = 9.879e-10
✔ t = 23: converged at iter = 69 with error = 3.942e-09
ℹ Solving time periods  23% (t = 24 / 100)
ℹ t = 24: starting iterations (max = 100)
ℹ t = 24, iter = 10: mean score = 0.014864, error = 1075
ℹ t = 24, iter = 20: mean score = 0.001005, error = 2.281
ℹ t = 24, iter = 30: mean score = 0.000217, error = 0.01159
ℹ t = 24, iter = 40: mean score = 2.3e-05, error = 5.118e-05
ℹ t = 24, iter = 50: mean score = 1e-06, error = 1.523e-07
ℹ t = 24, iter = 60: mean score = 0, error = 1.732e-09
ℹ t = 24, iter = 70: mean score = 0, error = 4.696e-09
✔ t = 24: converged at iter = 70 with error = 4.696e-09
ℹ Solving time periods  24% (t = 25 / 100)
ℹ t = 25: starting iterations (max = 100)
ℹ t = 25, iter = 10: mean score = 0.014563, error = 1050
ℹ t = 25, iter = 20: mean score = 0.001169, error = 2.203
ℹ t = 25, iter = 30: mean score = 0.000211, error = 0.01129
ℹ t = 25, iter = 40: mean score = 2.5e-05, error = 5.01e-05
ℹ t = 25, iter = 50: mean score = 1e-06, error = 1.523e-07
ℹ t = 25, iter = 60: mean score = 0, error = 1.371e-09
ℹ t = 25, iter = 70: mean score = 0, error = 4.054e-09
✔ t = 25: converged at iter = 70 with error = 4.054e-09
ℹ Solving time periods  25% (t = 26 / 100)
ℹ t = 26: starting iterations (max = 100)
ℹ t = 26, iter = 10: mean score = 0.015865, error = 1026
ℹ t = 26, iter = 20: mean score = 0.000924, error = 2.131
ℹ t = 26, iter = 30: mean score = 0.000196, error = 0.01101
ℹ t = 26, iter = 40: mean score = 2.8e-05, error = 4.912e-05
ℹ t = 26, iter = 50: mean score = 1e-06, error = 1.527e-07
ℹ t = 26, iter = 60: mean score = 0, error = 1.049e-09
ℹ t = 26, iter = 70: mean score = 0, error = 3.456e-09
✔ t = 26: converged at iter = 70 with error = 3.456e-09
ℹ Solving time periods  26% (t = 27 / 100)
ℹ t = 27: starting iterations (max = 100)
ℹ t = 27, iter = 10: mean score = 0.018019, error = 1005
ℹ t = 27, iter = 20: mean score = 0.000954, error = 2.066
ℹ t = 27, iter = 30: mean score = 0.000199, error = 0.01076
ℹ t = 27, iter = 40: mean score = 3.2e-05, error = 4.823e-05
ℹ t = 27, iter = 50: mean score = 1e-06, error = 1.534e-07
ℹ t = 27, iter = 60: mean score = 0, error = 7.673e-10
ℹ t = 27, iter = 70: mean score = 0, error = 2.901e-09
✔ t = 27: converged at iter = 71 with error = 3.235e-09
ℹ Solving time periods  27% (t = 28 / 100)
ℹ t = 28: starting iterations (max = 100)
ℹ t = 28, iter = 10: mean score = 0.013809, error = 985
ℹ t = 28, iter = 20: mean score = 0.000959, error = 2.006
ℹ t = 28, iter = 30: mean score = 0.000184, error = 0.01053
ℹ t = 28, iter = 40: mean score = 3.5e-05, error = 4.726e-05
ℹ t = 28, iter = 50: mean score = 1e-06, error = 1.459e-07
ℹ t = 28, iter = 60: mean score = 0, error = 1.143e-09
ℹ t = 28, iter = 70: mean score = 0, error = 3.57e-09
✔ t = 28: converged at iter = 71 with error = 3.937e-09
ℹ Solving time periods  28% (t = 29 / 100)
ℹ t = 29: starting iterations (max = 100)
ℹ t = 29, iter = 10: mean score = 0.013783, error = 955.8
ℹ t = 29, iter = 20: mean score = 0.00086, error = 1.951
ℹ t = 29, iter = 30: mean score = 0.000178, error = 0.01031
ℹ t = 29, iter = 40: mean score = 4e-05, error = 4.636e-05
ℹ t = 29, iter = 50: mean score = 1e-06, error = 1.387e-07
ℹ t = 29, iter = 60: mean score = 0, error = 1.599e-09
ℹ t = 29, iter = 70: mean score = 0, error = 4.32e-09
✔ t = 29: converged at iter = 71 with error = 4.719e-09
ℹ Solving time periods  29% (t = 30 / 100)
ℹ t = 30: starting iterations (max = 100)
ℹ t = 30, iter = 10: mean score = 0.014594, error = 882.3
ℹ t = 30, iter = 20: mean score = 0.000841, error = 1.901
ℹ t = 30, iter = 30: mean score = 0.000174, error = 0.01011
ℹ t = 30, iter = 40: mean score = 4.6e-05, error = 4.553e-05
ℹ t = 30, iter = 50: mean score = 1e-06, error = 1.318e-07
ℹ t = 30, iter = 60: mean score = 0, error = 2.138e-09
ℹ t = 30, iter = 70: mean score = 0, error = 5.153e-09
✔ t = 30: converged at iter = 71 with error = 5.586e-09
ℹ Solving time periods  30% (t = 31 / 100)
ℹ t = 31: starting iterations (max = 100)
ℹ t = 31, iter = 10: mean score = 0.043707, error = 817.2
ℹ t = 31, iter = 20: mean score = 0.00084, error = 1.855
ℹ t = 31, iter = 30: mean score = 0.000171, error = 0.009932
ℹ t = 31, iter = 40: mean score = 5.3e-05, error = 4.476e-05
ℹ t = 31, iter = 50: mean score = 1e-06, error = 1.253e-07
ℹ t = 31, iter = 60: mean score = 0, error = 2.763e-09
ℹ t = 31, iter = 70: mean score = 0, error = 6.075e-09
✔ t = 31: converged at iter = 71 with error = 6.541e-09
ℹ Solving time periods  31% (t = 32 / 100)
ℹ t = 32: starting iterations (max = 100)
ℹ t = 32, iter = 10: mean score = 0.014852, error = 759.5
ℹ t = 32, iter = 20: mean score = 0.000864, error = 1.813
ℹ t = 32, iter = 30: mean score = 0.000171, error = 0.009764
ℹ t = 32, iter = 40: mean score = 6.3e-05, error = 4.404e-05
ℹ t = 32, iter = 50: mean score = 1e-06, error = 1.189e-07
ℹ t = 32, iter = 60: mean score = 0, error = 3.479e-09
ℹ t = 32, iter = 70: mean score = 0, error = 7.09e-09
✔ t = 32: converged at iter = 72 with error = 7.209e-09
ℹ Solving time periods  32% (t = 33 / 100)
ℹ t = 33: starting iterations (max = 100)
ℹ t = 33, iter = 10: mean score = 0.013567, error = 708.3
ℹ t = 33, iter = 20: mean score = 0.000833, error = 1.774
ℹ t = 33, iter = 30: mean score = 0.000185, error = 0.009612
ℹ t = 33, iter = 40: mean score = 7.6e-05, error = 4.348e-05
ℹ t = 33, iter = 50: mean score = 1e-06, error = 1.182e-07
ℹ t = 33, iter = 60: mean score = 0, error = 3.318e-09
ℹ t = 33, iter = 70: mean score = 0, error = 6.834e-09
✔ t = 33: converged at iter = 72 with error = 6.951e-09
ℹ Solving time periods  33% (t = 34 / 100)
ℹ t = 34: starting iterations (max = 100)
ℹ t = 34, iter = 10: mean score = 0.013097, error = 662.8
ℹ t = 34, iter = 20: mean score = 0.000946, error = 1.739
ℹ t = 34, iter = 30: mean score = 0.000166, error = 0.009472
ℹ t = 34, iter = 40: mean score = 9.2e-05, error = 4.296e-05
ℹ t = 34, iter = 50: mean score = 1e-06, error = 1.176e-07
ℹ t = 34, iter = 60: mean score = 0, error = 3.158e-09
ℹ t = 34, iter = 70: mean score = 0, error = 6.582e-09
✔ t = 34: converged at iter = 72 with error = 6.696e-09
ℹ Solving time periods  34% (t = 35 / 100)
ℹ t = 35: starting iterations (max = 100)
ℹ t = 35, iter = 10: mean score = 0.012836, error = 622.3
ℹ t = 35, iter = 20: mean score = 0.000857, error = 1.707
ℹ t = 35, iter = 30: mean score = 0.000163, error = 0.009343
ℹ t = 35, iter = 40: mean score = 0.000117, error = 4.248e-05
ℹ t = 35, iter = 50: mean score = 1e-06, error = 1.171e-07
ℹ t = 35, iter = 60: mean score = 0, error = 3e-09
ℹ t = 35, iter = 70: mean score = 0, error = 6.332e-09
✔ t = 35: converged at iter = 73 with error = 6.71e-09
ℹ Solving time periods  35% (t = 36 / 100)
ℹ t = 36: starting iterations (max = 100)
ℹ t = 36, iter = 10: mean score = 0.012665, error = 586.2
ℹ t = 36, iter = 20: mean score = 0.00084, error = 1.677
ℹ t = 36, iter = 30: mean score = 0.000161, error = 0.009223
ℹ t = 36, iter = 40: mean score = 0.000156, error = 4.197e-05
ℹ t = 36, iter = 50: mean score = 1e-06, error = 1.128e-07
ℹ t = 36, iter = 60: mean score = 0, error = 3.501e-09
ℹ t = 36, iter = 70: mean score = 0, error = 7.032e-09
✔ t = 36: converged at iter = 73 with error = 7.427e-09
ℹ Solving time periods  36% (t = 37 / 100)
ℹ t = 37: starting iterations (max = 100)
ℹ t = 37, iter = 10: mean score = 0.012547, error = 565.8
ℹ t = 37, iter = 20: mean score = 0.000838, error = 1.65
ℹ t = 37, iter = 30: mean score = 0.00016, error = 0.009113
ℹ t = 37, iter = 40: mean score = 0.000227, error = 4.15e-05
ℹ t = 37, iter = 50: mean score = 1e-06, error = 1.086e-07
ℹ t = 37, iter = 60: mean score = 0, error = 4.05e-09
ℹ t = 37, iter = 70: mean score = 0, error = 7.781e-09
✔ t = 37: converged at iter = 73 with error = 8.196e-09
ℹ Solving time periods  37% (t = 38 / 100)
ℹ t = 38: starting iterations (max = 100)
ℹ t = 38, iter = 10: mean score = 0.012471, error = 626.7
ℹ t = 38, iter = 20: mean score = 0.000845, error = 1.625
ℹ t = 38, iter = 30: mean score = 0.00016, error = 0.009012
ℹ t = 38, iter = 40: mean score = 0.000397, error = 4.105e-05
ℹ t = 38, iter = 50: mean score = 1e-06, error = 1.045e-07
ℹ t = 38, iter = 60: mean score = 0, error = 4.648e-09
ℹ t = 38, iter = 70: mean score = 0, error = 8.584e-09
✔ t = 38: converged at iter = 73 with error = 9.017e-09
ℹ Solving time periods  38% (t = 39 / 100)
ℹ t = 39: starting iterations (max = 100)
ℹ t = 39, iter = 10: mean score = 0.012402, error = 685.1
ℹ t = 39, iter = 20: mean score = 0.000859, error = 1.602
ℹ t = 39, iter = 30: mean score = 0.00016, error = 0.008918
ℹ t = 39, iter = 40: mean score = 0.001358, error = 4.064e-05
ℹ t = 39, iter = 50: mean score = 1e-06, error = 1.006e-07
ℹ t = 39, iter = 60: mean score = 0, error = 5.299e-09
ℹ t = 39, iter = 70: mean score = 0, error = 9.443e-09
✔ t = 39: converged at iter = 73 with error = 9.895e-09
ℹ Solving time periods  39% (t = 40 / 100)
ℹ t = 40: starting iterations (max = 100)
ℹ t = 40, iter = 10: mean score = 0.012346, error = 740.8
ℹ t = 40, iter = 20: mean score = 0.000886, error = 1.58
ℹ t = 40, iter = 30: mean score = 0.000162, error = 0.008832
ℹ t = 40, iter = 40: mean score = 0.00107, error = 4.025e-05
ℹ t = 40, iter = 50: mean score = 2e-06, error = 9.672e-08
ℹ t = 40, iter = 60: mean score = 0, error = 6.006e-09
ℹ t = 40, iter = 70: mean score = 0, error = 1.036e-08
✔ t = 40: converged at iter = 74 with error = 1.058e-08
ℹ Solving time periods  40% (t = 41 / 100)
ℹ t = 41: starting iterations (max = 100)
ℹ t = 41, iter = 10: mean score = 0.012299, error = 793.5
ℹ t = 41, iter = 20: mean score = 0.000939, error = 1.561
ℹ t = 41, iter = 30: mean score = 0.000167, error = 0.008754
ℹ t = 41, iter = 40: mean score = 0.000416, error = 3.994e-05
ℹ t = 41, iter = 50: mean score = 2e-06, error = 9.561e-08
ℹ t = 41, iter = 60: mean score = 0, error = 6.077e-09
ℹ t = 41, iter = 70: mean score = 0, error = 1.044e-08
✔ t = 41: converged at iter = 74 with error = 1.066e-08
ℹ Solving time periods  41% (t = 42 / 100)
ℹ t = 42: starting iterations (max = 100)
ℹ t = 42, iter = 10: mean score = 0.012259, error = 843.2
ℹ t = 42, iter = 20: mean score = 0.001057, error = 1.543
ℹ t = 42, iter = 30: mean score = 0.000221, error = 0.008681
ℹ t = 42, iter = 40: mean score = 0.000275, error = 3.966e-05
ℹ t = 42, iter = 50: mean score = 2e-06, error = 9.456e-08
ℹ t = 42, iter = 60: mean score = 0, error = 6.15e-09
ℹ t = 42, iter = 70: mean score = 0, error = 1.052e-08
✔ t = 42: converged at iter = 75 with error = 1.093e-08
ℹ Solving time periods  42% (t = 43 / 100)
ℹ t = 43: starting iterations (max = 100)
ℹ t = 43, iter = 10: mean score = 0.012226, error = 889.9
ℹ t = 43, iter = 20: mean score = 0.003154, error = 1.527
ℹ t = 43, iter = 30: mean score = 0.000284, error = 0.008614
ℹ t = 43, iter = 40: mean score = 0.000217, error = 3.936e-05
ℹ t = 43, iter = 50: mean score = 2e-06, error = 9.16e-08
ℹ t = 43, iter = 60: mean score = 0, error = 6.747e-09
ℹ t = 43, iter = 70: mean score = 0, error = 1.128e-08
✔ t = 43: converged at iter = 79 with error = 1.165e-08
ℹ Solving time periods  43% (t = 44 / 100)
ℹ t = 44: starting iterations (max = 100)
ℹ t = 44, iter = 10: mean score = 0.012197, error = 933.5
ℹ t = 44, iter = 20: mean score = 0.001074, error = 1.512
ℹ t = 44, iter = 30: mean score = 0.000166, error = 0.008552
ℹ t = 44, iter = 40: mean score = 0.000176, error = 3.909e-05
ℹ t = 44, iter = 50: mean score = 2e-06, error = 8.925e-08
ℹ t = 44, iter = 60: mean score = 0, error = 7.223e-09
ℹ t = 44, iter = 70: mean score = 0, error = 1.188e-08
✔ t = 44: converged at iter = 75 with error = 1.231e-08
ℹ Solving time periods  44% (t = 45 / 100)
ℹ t = 45: starting iterations (max = 100)
ℹ t = 45, iter = 10: mean score = 0.012172, error = 974.1
ℹ t = 45, iter = 20: mean score = 0.000996, error = 1.498
ℹ t = 45, iter = 30: mean score = 0.000163, error = 0.008495
ℹ t = 45, iter = 40: mean score = 0.000155, error = 3.882e-05
ℹ t = 45, iter = 50: mean score = 2e-06, error = 8.639e-08
ℹ t = 45, iter = 60: mean score = 0, error = 7.89e-09
ℹ t = 45, iter = 70: mean score = 0, error = 1.272e-08
✔ t = 45: converged at iter = 75 with error = 1.316e-08
ℹ Solving time periods  45% (t = 46 / 100)
ℹ t = 46: starting iterations (max = 100)
ℹ t = 46, iter = 10: mean score = 0.01217, error = 1012
ℹ t = 46, iter = 20: mean score = 0.000985, error = 1.485
ℹ t = 46, iter = 30: mean score = 0.000163, error = 0.008442
ℹ t = 46, iter = 40: mean score = 0.000142, error = 3.857e-05
ℹ t = 46, iter = 50: mean score = 3e-06, error = 8.359e-08
ℹ t = 46, iter = 60: mean score = 0, error = 8.6e-09
ℹ t = 46, iter = 70: mean score = 0, error = 1.36e-08
✔ t = 46: converged at iter = 75 with error = 1.406e-08
ℹ Solving time periods  46% (t = 47 / 100)
ℹ t = 47: starting iterations (max = 100)
ℹ t = 47, iter = 10: mean score = 0.012173, error = 1047
ℹ t = 47, iter = 20: mean score = 0.000995, error = 1.473
ℹ t = 47, iter = 30: mean score = 0.000163, error = 0.008394
ℹ t = 47, iter = 40: mean score = 0.000133, error = 3.834e-05
ℹ t = 47, iter = 50: mean score = 3e-06, error = 8.082e-08
ℹ t = 47, iter = 60: mean score = 0, error = 9.355e-09
ℹ t = 47, iter = 70: mean score = 0, error = 1.454e-08
✔ t = 47: converged at iter = 75 with error = 1.501e-08
ℹ Solving time periods  47% (t = 48 / 100)
ℹ t = 48: starting iterations (max = 100)
ℹ t = 48, iter = 10: mean score = 0.012179, error = 1079
ℹ t = 48, iter = 20: mean score = 0.001018, error = 1.462
ℹ t = 48, iter = 30: mean score = 0.000164, error = 0.008349
ℹ t = 48, iter = 40: mean score = 0.000127, error = 3.812e-05
ℹ t = 48, iter = 50: mean score = 3e-06, error = 7.81e-08
ℹ t = 48, iter = 60: mean score = 0, error = 1.016e-08
ℹ t = 48, iter = 70: mean score = 0, error = 1.552e-08
✔ t = 48: converged at iter = 76 with error = 1.584e-08
ℹ Solving time periods  48% (t = 49 / 100)
ℹ t = 49: starting iterations (max = 100)
ℹ t = 49, iter = 10: mean score = 0.012185, error = 1109
ℹ t = 49, iter = 20: mean score = 0.001054, error = 1.452
ℹ t = 49, iter = 30: mean score = 0.000166, error = 0.008308
ℹ t = 49, iter = 40: mean score = 0.000124, error = 3.794e-05
ℹ t = 49, iter = 50: mean score = 3e-06, error = 7.674e-08
ℹ t = 49, iter = 60: mean score = 0, error = 1.051e-08
ℹ t = 49, iter = 70: mean score = 0, error = 1.594e-08
✔ t = 49: converged at iter = 77 with error = 1.64e-08
ℹ Solving time periods  49% (t = 50 / 100)
ℹ t = 50: starting iterations (max = 100)
ℹ t = 50, iter = 10: mean score = 0.012192, error = 1136
ℹ t = 50, iter = 20: mean score = 0.001102, error = 1.443
ℹ t = 50, iter = 30: mean score = 0.000168, error = 0.00827
ℹ t = 50, iter = 40: mean score = 0.000122, error = 3.775e-05
ℹ t = 50, iter = 50: mean score = 4e-06, error = 7.44e-08
ℹ t = 50, iter = 60: mean score = 0, error = 1.126e-08
ℹ t = 50, iter = 70: mean score = 0, error = 1.685e-08
✔ t = 50: converged at iter = 77 with error = 1.732e-08
ℹ Solving time periods  51% (t = 51 / 100)
ℹ t = 51: starting iterations (max = 100)
ℹ t = 51, iter = 10: mean score = 0.012199, error = 1161
ℹ t = 51, iter = 20: mean score = 0.001167, error = 1.434
ℹ t = 51, iter = 30: mean score = 0.00017, error = 0.008235
ℹ t = 51, iter = 40: mean score = 0.000123, error = 3.758e-05
ℹ t = 51, iter = 50: mean score = 4e-06, error = 7.21e-08
ℹ t = 51, iter = 60: mean score = 0, error = 1.205e-08
ℹ t = 51, iter = 70: mean score = 0, error = 1.78e-08
✔ t = 51: converged at iter = 77 with error = 1.828e-08
ℹ Solving time periods  52% (t = 52 / 100)
ℹ t = 52: starting iterations (max = 100)
ℹ t = 52, iter = 10: mean score = 0.012207, error = 1183
ℹ t = 52, iter = 20: mean score = 0.001255, error = 1.427
ℹ t = 52, iter = 30: mean score = 0.000174, error = 0.008202
ℹ t = 52, iter = 40: mean score = 0.000125, error = 3.741e-05
ℹ t = 52, iter = 50: mean score = 4e-06, error = 6.981e-08
ℹ t = 52, iter = 60: mean score = 0, error = 1.288e-08
ℹ t = 52, iter = 70: mean score = 0, error = 1.88e-08
✔ t = 52: converged at iter = 77 with error = 1.929e-08
ℹ Solving time periods  53% (t = 53 / 100)
ℹ t = 53: starting iterations (max = 100)
ℹ t = 53, iter = 10: mean score = 0.012215, error = 1204
ℹ t = 53, iter = 20: mean score = 0.001377, error = 1.419
ℹ t = 53, iter = 30: mean score = 0.000178, error = 0.008172
ℹ t = 53, iter = 40: mean score = 0.00013, error = 3.725e-05
ℹ t = 53, iter = 50: mean score = 5e-06, error = 6.754e-08
ℹ t = 53, iter = 60: mean score = 0, error = 1.376e-08
ℹ t = 53, iter = 70: mean score = 0, error = 1.985e-08
✔ t = 53: converged at iter = 77 with error = 2.036e-08
ℹ Solving time periods  54% (t = 54 / 100)
ℹ t = 54: starting iterations (max = 100)
ℹ t = 54, iter = 10: mean score = 0.012223, error = 1223
ℹ t = 54, iter = 20: mean score = 0.001556, error = 1.413
ℹ t = 54, iter = 30: mean score = 0.000183, error = 0.008145
ℹ t = 54, iter = 40: mean score = 0.000137, error = 3.71e-05
ℹ t = 54, iter = 50: mean score = 5e-06, error = 6.529e-08
ℹ t = 54, iter = 60: mean score = 0, error = 1.469e-08
ℹ t = 54, iter = 70: mean score = 0, error = 2.096e-08
✔ t = 54: converged at iter = 78 with error = 2.136e-08
ℹ Solving time periods  55% (t = 55 / 100)
ℹ t = 55: starting iterations (max = 100)
ℹ t = 55, iter = 10: mean score = 0.01223, error = 1240
ℹ t = 55, iter = 20: mean score = 0.00184, error = 1.407
ℹ t = 55, iter = 30: mean score = 0.000189, error = 0.008119
ℹ t = 55, iter = 40: mean score = 0.000147, error = 3.697e-05
ℹ t = 55, iter = 50: mean score = 6e-06, error = 6.375e-08
ℹ t = 55, iter = 60: mean score = 0, error = 1.532e-08
ℹ t = 55, iter = 70: mean score = 0, error = 2.171e-08
✔ t = 55: converged at iter = 78 with error = 2.212e-08
ℹ Solving time periods  56% (t = 56 / 100)
ℹ t = 56: starting iterations (max = 100)
ℹ t = 56, iter = 10: mean score = 0.012238, error = 1256
ℹ t = 56, iter = 20: mean score = 0.002356, error = 1.401
ℹ t = 56, iter = 30: mean score = 0.000196, error = 0.008096
ℹ t = 56, iter = 40: mean score = 0.000162, error = 3.685e-05
ℹ t = 56, iter = 50: mean score = 6e-06, error = 6.221e-08
ℹ t = 56, iter = 60: mean score = 0, error = 1.599e-08
ℹ t = 56, iter = 70: mean score = 0, error = 2.249e-08
✔ t = 56: converged at iter = 79 with error = 2.299e-08
ℹ Solving time periods  57% (t = 57 / 100)
ℹ t = 57: starting iterations (max = 100)
ℹ t = 57, iter = 10: mean score = 0.012245, error = 1270
ℹ t = 57, iter = 20: mean score = 0.00358, error = 1.396
ℹ t = 57, iter = 30: mean score = 0.000206, error = 0.008074
ℹ t = 57, iter = 40: mean score = 0.000184, error = 3.673e-05
ℹ t = 57, iter = 50: mean score = 7e-06, error = 6.018e-08
ℹ t = 57, iter = 60: mean score = 0, error = 1.695e-08
ℹ t = 57, iter = 70: mean score = 0, error = 2.362e-08
✔ t = 57: converged at iter = 79 with error = 2.413e-08
ℹ Solving time periods  58% (t = 58 / 100)
ℹ t = 58: starting iterations (max = 100)
ℹ t = 58, iter = 10: mean score = 0.012252, error = 1282
ℹ t = 58, iter = 20: mean score = 0.01014, error = 1.391
ℹ t = 58, iter = 30: mean score = 0.000217, error = 0.008054
ℹ t = 58, iter = 40: mean score = 0.000219, error = 3.66e-05
ℹ t = 58, iter = 50: mean score = 8e-06, error = 5.815e-08
ℹ t = 58, iter = 60: mean score = 0, error = 1.795e-08
ℹ t = 58, iter = 70: mean score = 0, error = 2.48e-08
✔ t = 58: converged at iter = 79 with error = 2.533e-08
ℹ Solving time periods  59% (t = 59 / 100)
ℹ t = 59: starting iterations (max = 100)
ℹ t = 59, iter = 10: mean score = 0.012259, error = 1293
ℹ t = 59, iter = 20: mean score = 0.009109, error = 1.386
ℹ t = 59, iter = 30: mean score = 0.000233, error = 0.008036
ℹ t = 59, iter = 40: mean score = 0.000281, error = 3.649e-05
ℹ t = 59, iter = 50: mean score = 8e-06, error = 5.614e-08
ℹ t = 59, iter = 60: mean score = 0, error = 1.901e-08
ℹ t = 59, iter = 70: mean score = 0, error = 2.603e-08
✔ t = 59: converged at iter = 79 with error = 2.658e-08
ℹ Solving time periods  60% (t = 60 / 100)
ℹ t = 60: starting iterations (max = 100)
ℹ t = 60, iter = 10: mean score = 0.012265, error = 1303
ℹ t = 60, iter = 20: mean score = 0.003904, error = 1.382
ℹ t = 60, iter = 30: mean score = 0.000253, error = 0.008018
ℹ t = 60, iter = 40: mean score = 0.000413, error = 3.638e-05
ℹ t = 60, iter = 50: mean score = 9e-06, error = 5.413e-08
ℹ t = 60, iter = 60: mean score = 0, error = 2.013e-08
ℹ t = 60, iter = 70: mean score = 0, error = 2.733e-08
ℹ t = 60, iter = 80: mean score = 0, error = 2.781e-08
✔ t = 60: converged at iter = 80 with error = 2.781e-08
ℹ Solving time periods  61% (t = 61 / 100)
ℹ t = 61: starting iterations (max = 100)
ℹ t = 61, iter = 10: mean score = 0.012271, error = 1312
ℹ t = 61, iter = 20: mean score = 0.002811, error = 1.378
ℹ t = 61, iter = 30: mean score = 0.000281, error = 0.008003
ℹ t = 61, iter = 40: mean score = 0.000879, error = 3.628e-05
ℹ t = 61, iter = 50: mean score = 1e-05, error = 5.249e-08
ℹ t = 61, iter = 60: mean score = 0, error = 2.107e-08
ℹ t = 61, iter = 70: mean score = 0, error = 2.842e-08
ℹ t = 61, iter = 80: mean score = 0, error = 2.891e-08
✔ t = 61: converged at iter = 80 with error = 2.891e-08
ℹ Solving time periods  62% (t = 62 / 100)
ℹ t = 62: starting iterations (max = 100)
ℹ t = 62, iter = 10: mean score = 0.012277, error = 1320
ℹ t = 62, iter = 20: mean score = 0.002349, error = 1.375
ℹ t = 62, iter = 30: mean score = 0.000321, error = 0.007988
ℹ t = 62, iter = 40: mean score = 0.003255, error = 3.619e-05
ℹ t = 62, iter = 50: mean score = 1.1e-05, error = 5.085e-08
ℹ t = 62, iter = 60: mean score = 0, error = 2.206e-08
ℹ t = 62, iter = 70: mean score = 0, error = 2.956e-08
ℹ t = 62, iter = 80: mean score = 0, error = 3.006e-08
✔ t = 62: converged at iter = 81 with error = 3.011e-08
ℹ Solving time periods  63% (t = 63 / 100)
ℹ t = 63: starting iterations (max = 100)
ℹ t = 63, iter = 10: mean score = 0.012282, error = 1328
ℹ t = 63, iter = 20: mean score = 0.002104, error = 1.372
ℹ t = 63, iter = 30: mean score = 0.000385, error = 0.007974
ℹ t = 63, iter = 40: mean score = 0.000651, error = 3.609e-05
ℹ t = 63, iter = 50: mean score = 1.3e-05, error = 4.895e-08
ℹ t = 63, iter = 60: mean score = 0, error = 2.326e-08
ℹ t = 63, iter = 70: mean score = 0, error = 3.095e-08
ℹ t = 63, iter = 80: mean score = 0, error = 3.146e-08
✔ t = 63: converged at iter = 81 with error = 3.152e-08
ℹ Solving time periods  64% (t = 64 / 100)
ℹ t = 64: starting iterations (max = 100)
ℹ t = 64, iter = 10: mean score = 0.012287, error = 1334
ℹ t = 64, iter = 20: mean score = 0.001962, error = 1.369
ℹ t = 64, iter = 30: mean score = 0.000498, error = 0.007962
ℹ t = 64, iter = 40: mean score = 0.000408, error = 3.599e-05
ℹ t = 64, iter = 50: mean score = 1.4e-05, error = 4.707e-08
ℹ t = 64, iter = 60: mean score = 0, error = 2.453e-08
ℹ t = 64, iter = 70: mean score = 0, error = 3.24e-08
ℹ t = 64, iter = 80: mean score = 0, error = 3.292e-08
✔ t = 64: converged at iter = 81 with error = 3.298e-08
ℹ Solving time periods  65% (t = 65 / 100)
ℹ t = 65: starting iterations (max = 100)
ℹ t = 65, iter = 10: mean score = 0.012291, error = 1339
ℹ t = 65, iter = 20: mean score = 0.001881, error = 1.366
ℹ t = 65, iter = 30: mean score = 0.000757, error = 0.00795
ℹ t = 65, iter = 40: mean score = 0.000321, error = 3.59e-05
ℹ t = 65, iter = 50: mean score = 1.6e-05, error = 4.518e-08
ℹ t = 65, iter = 60: mean score = 0, error = 2.586e-08
ℹ t = 65, iter = 70: mean score = 0, error = 3.392e-08
ℹ t = 65, iter = 80: mean score = 0, error = 3.445e-08
✔ t = 65: converged at iter = 82 with error = 3.447e-08
ℹ Solving time periods  66% (t = 66 / 100)
ℹ t = 66: starting iterations (max = 100)
ℹ t = 66, iter = 10: mean score = 0.012295, error = 1344
ℹ t = 66, iter = 20: mean score = 0.00184, error = 1.363
ℹ t = 66, iter = 30: mean score = 0.001906, error = 0.007939
ℹ t = 66, iter = 40: mean score = 0.000284, error = 3.582e-05
ℹ t = 66, iter = 50: mean score = 1.8e-05, error = 4.349e-08
ℹ t = 66, iter = 60: mean score = 0, error = 2.71e-08
ℹ t = 66, iter = 70: mean score = 0, error = 3.534e-08
ℹ t = 66, iter = 80: mean score = 0, error = 3.589e-08
✔ t = 66: converged at iter = 83 with error = 3.594e-08
ℹ Solving time periods  67% (t = 67 / 100)
ℹ t = 67: starting iterations (max = 100)
ℹ t = 67, iter = 10: mean score = 0.012299, error = 1348
ℹ t = 67, iter = 20: mean score = 0.001829, error = 1.361
ℹ t = 67, iter = 30: mean score = 0.002735, error = 0.007929
ℹ t = 67, iter = 40: mean score = 0.000283, error = 3.573e-05
ℹ t = 67, iter = 50: mean score = 2.2e-05, error = 4.167e-08
ℹ t = 67, iter = 60: mean score = 1e-06, error = 2.852e-08
ℹ t = 67, iter = 70: mean score = 0, error = 3.695e-08
ℹ t = 67, iter = 80: mean score = 0, error = 3.751e-08
✔ t = 67: converged at iter = 85 with error = 3.756e-08
ℹ Solving time periods  68% (t = 68 / 100)
ℹ t = 68: starting iterations (max = 100)
ℹ t = 68, iter = 10: mean score = 0.012302, error = 1352
ℹ t = 68, iter = 20: mean score = 0.001846, error = 1.358
ℹ t = 68, iter = 30: mean score = 0.000973, error = 0.00792
ℹ t = 68, iter = 40: mean score = 0.000419, error = 3.565e-05
ℹ t = 68, iter = 50: mean score = 3.1e-05, error = 3.989e-08
ℹ t = 68, iter = 60: mean score = 1e-06, error = 2.998e-08
ℹ t = 68, iter = 70: mean score = 0, error = 3.861e-08
ℹ t = 68, iter = 80: mean score = 0, error = 3.918e-08
✔ t = 68: converged at iter = 89 with error = 3.922e-08
ℹ Solving time periods  69% (t = 69 / 100)
ℹ t = 69: starting iterations (max = 100)
ℹ t = 69, iter = 10: mean score = 0.012305, error = 1355
ℹ t = 69, iter = 20: mean score = 0.001894, error = 1.356
ℹ t = 69, iter = 30: mean score = 0.000674, error = 0.007911
ℹ t = 69, iter = 40: mean score = 0.000378, error = 3.557e-05
ℹ t = 69, iter = 50: mean score = 4.2e-05, error = 3.813e-08
ℹ t = 69, iter = 60: mean score = 2e-06, error = 3.149e-08
ℹ t = 69, iter = 70: mean score = 0, error = 4.032e-08
ℹ t = 69, iter = 80: mean score = 0, error = 4.09e-08
ℹ t = 69, iter = 90: mean score = 0, error = 4.094e-08
✔ t = 69: converged at iter = 91 with error = 4.094e-08
ℹ Solving time periods  70% (t = 70 / 100)
ℹ t = 70: starting iterations (max = 100)
ℹ t = 70, iter = 10: mean score = 0.012389, error = 1354
ℹ t = 70, iter = 20: mean score = 0.001928, error = 1.354
ℹ t = 70, iter = 30: mean score = 0.003693, error = 0.007904
ℹ t = 70, iter = 40: mean score = 4.5e-05, error = 3.548e-05
ℹ t = 70, iter = 50: mean score = 3e-06, error = 3.634e-08
ℹ t = 70, iter = 60: mean score = 0, error = 3.308e-08
ℹ t = 70, iter = 70: mean score = 0, error = 4.21e-08
ℹ t = 70, iter = 80: mean score = 0, error = 4.269e-08
✔ t = 70: converged at iter = 83 with error = 4.275e-08
ℹ Solving time periods  71% (t = 71 / 100)
ℹ t = 71: starting iterations (max = 100)
ℹ t = 71, iter = 10: mean score = 0.012424, error = 1351
ℹ t = 71, iter = 20: mean score = 0.002115, error = 1.351
ℹ t = 71, iter = 30: mean score = 0.001014, error = 0.007892
ℹ t = 71, iter = 40: mean score = 3.3e-05, error = 3.539e-05
ℹ t = 71, iter = 50: mean score = 2e-06, error = 3.455e-08
ℹ t = 71, iter = 60: mean score = 0, error = 3.478e-08
ℹ t = 71, iter = 70: mean score = 0, error = 4.401e-08
ℹ t = 71, iter = 80: mean score = 0, error = 4.462e-08
✔ t = 71: converged at iter = 82 with error = 4.464e-08
ℹ Solving time periods  72% (t = 72 / 100)
ℹ t = 72: starting iterations (max = 100)
ℹ t = 72, iter = 10: mean score = 0.012455, error = 1349
ℹ t = 72, iter = 20: mean score = 0.002426, error = 1.349
ℹ t = 72, iter = 30: mean score = 0.000848, error = 0.007883
ℹ t = 72, iter = 40: mean score = 3.1e-05, error = 3.531e-05
ℹ t = 72, iter = 50: mean score = 2e-06, error = 3.29e-08
ℹ t = 72, iter = 60: mean score = 0, error = 3.643e-08
ℹ t = 72, iter = 70: mean score = 0, error = 4.587e-08
ℹ t = 72, iter = 80: mean score = 0, error = 4.649e-08
✔ t = 72: converged at iter = 82 with error = 4.65e-08
ℹ Solving time periods  73% (t = 73 / 100)
ℹ t = 73: starting iterations (max = 100)
ℹ t = 73, iter = 10: mean score = 0.012482, error = 1348
ℹ t = 73, iter = 20: mean score = 0.003312, error = 1.347
ℹ t = 73, iter = 30: mean score = 0.000822, error = 0.007876
ℹ t = 73, iter = 40: mean score = 3.4e-05, error = 3.523e-05
ℹ t = 73, iter = 50: mean score = 2e-06, error = 3.126e-08
ℹ t = 73, iter = 60: mean score = 0, error = 3.816e-08
ℹ t = 73, iter = 70: mean score = 0, error = 4.78e-08
ℹ t = 73, iter = 80: mean score = 0, error = 4.843e-08
✔ t = 73: converged at iter = 82 with error = 4.845e-08
ℹ Solving time periods  74% (t = 74 / 100)
ℹ t = 74: starting iterations (max = 100)
ℹ t = 74, iter = 10: mean score = 0.012505, error = 1347
ℹ t = 74, iter = 20: mean score = 0.061837, error = 1.345
ℹ t = 74, iter = 30: mean score = 0.001629, error = 0.007869
ℹ t = 74, iter = 40: mean score = 0.000549, error = 3.516e-05
ℹ t = 74, iter = 50: mean score = 0.000123, error = 2.964e-08
ℹ t = 74, iter = 60: mean score = 6e-06, error = 3.996e-08
ℹ t = 74, iter = 70: mean score = 0, error = 4.982e-08
ℹ t = 74, iter = 80: mean score = 0, error = 5.046e-08
ℹ t = 74, iter = 90: mean score = 0, error = 5.05e-08
✔ t = 74: converged at iter = 98 with error = 5.05e-08
ℹ Solving time periods  75% (t = 75 / 100)
ℹ t = 75: starting iterations (max = 100)
ℹ t = 75, iter = 10: mean score = 0.012526, error = 1347
ℹ t = 75, iter = 20: mean score = 0.003644, error = 1.343
ℹ t = 75, iter = 30: mean score = 0.000892, error = 0.007863
ℹ t = 75, iter = 40: mean score = 3.5e-05, error = 3.509e-05
ℹ t = 75, iter = 50: mean score = 2e-06, error = 2.796e-08
ℹ t = 75, iter = 60: mean score = 0, error = 4.193e-08
ℹ t = 75, iter = 70: mean score = 0, error = 5.201e-08
ℹ t = 75, iter = 80: mean score = 0, error = 5.267e-08
✔ t = 75: converged at iter = 82 with error = 5.268e-08
ℹ Solving time periods  76% (t = 76 / 100)
ℹ t = 76: starting iterations (max = 100)
ℹ t = 76, iter = 10: mean score = 0.026783, error = 1346
ℹ t = 76, iter = 20: mean score = 0.817652, error = 1.342
ℹ t = 76, iter = 30: mean score = 0.011983, error = 0.007857
ℹ t = 76, iter = 40: mean score = 0.000557, error = 3.501e-05
ℹ t = 76, iter = 50: mean score = 3.2e-05, error = 2.637e-08
ℹ t = 76, iter = 60: mean score = 2e-06, error = 4.39e-08
ℹ t = 76, iter = 70: mean score = 0, error = 5.421e-08
ℹ t = 76, iter = 80: mean score = 0, error = 5.488e-08
✔ t = 76: converged at iter = 82 with error = 5.49e-08
ℹ Solving time periods  77% (t = 77 / 100)
ℹ t = 77: starting iterations (max = 100)
ℹ t = 77, iter = 10: mean score = 0.026835, error = 1346
ℹ t = 77, iter = 20: mean score = 0.522645, error = 1.322
ℹ t = 77, iter = 30: mean score = 0.006374, error = 0.007853
ℹ t = 77, iter = 40: mean score = 0.000328, error = 3.494e-05
ℹ t = 77, iter = 50: mean score = 1.9e-05, error = 2.479e-08
ℹ t = 77, iter = 60: mean score = 1e-06, error = 4.597e-08
ℹ t = 77, iter = 70: mean score = 0, error = 5.65e-08
ℹ t = 77, iter = 80: mean score = 0, error = 5.718e-08
✔ t = 77: converged at iter = 82 with error = 5.72e-08
ℹ Solving time periods  78% (t = 78 / 100)
ℹ t = 78: starting iterations (max = 100)
ℹ t = 78, iter = 10: mean score = 0.026888, error = 1346
ℹ t = 78, iter = 20: mean score = 0.312742, error = 1.289
ℹ t = 78, iter = 30: mean score = 0.0082, error = 0.007848
ℹ t = 78, iter = 40: mean score = 0.000255, error = 3.487e-05
ℹ t = 78, iter = 50: mean score = 1.5e-05, error = 2.323e-08
ℹ t = 78, iter = 60: mean score = 1e-06, error = 4.813e-08
ℹ t = 78, iter = 70: mean score = 0, error = 5.889e-08
ℹ t = 78, iter = 80: mean score = 0, error = 5.959e-08
✔ t = 78: converged at iter = 82 with error = 5.961e-08
ℹ Solving time periods  79% (t = 79 / 100)
ℹ t = 79: starting iterations (max = 100)
ℹ t = 79, iter = 10: mean score = 0.026937, error = 1346
ℹ t = 79, iter = 20: mean score = 0.129641, error = 1.26
ℹ t = 79, iter = 30: mean score = 0.004627, error = 0.007844
ℹ t = 79, iter = 40: mean score = 0.000203, error = 3.48e-05
ℹ t = 79, iter = 50: mean score = 1.2e-05, error = 2.17e-08
ℹ t = 79, iter = 60: mean score = 1e-06, error = 5.039e-08
ℹ t = 79, iter = 70: mean score = 0, error = 6.138e-08
ℹ t = 79, iter = 80: mean score = 0, error = 6.21e-08
✔ t = 79: converged at iter = 83 with error = 6.216e-08
ℹ Solving time periods  80% (t = 80 / 100)
ℹ t = 80: starting iterations (max = 100)
ℹ t = 80, iter = 10: mean score = 0.026979, error = 1346
ℹ t = 80, iter = 20: mean score = 0.091283, error = 1.235
ℹ t = 80, iter = 30: mean score = 0.004345, error = 0.00784
ℹ t = 80, iter = 40: mean score = 0.000184, error = 3.473e-05
ℹ t = 80, iter = 50: mean score = 1.1e-05, error = 2.009e-08
ℹ t = 80, iter = 60: mean score = 1e-06, error = 5.29e-08
ℹ t = 80, iter = 70: mean score = 0, error = 6.415e-08
ℹ t = 80, iter = 80: mean score = 0, error = 6.488e-08
✔ t = 80: converged at iter = 83 with error = 6.495e-08
ℹ Solving time periods  81% (t = 81 / 100)
ℹ t = 81: starting iterations (max = 100)
ℹ t = 81, iter = 10: mean score = 0.027015, error = 1345
ℹ t = 81, iter = 20: mean score = 0.078867, error = 1.213
ℹ t = 81, iter = 30: mean score = 0.004801, error = 0.007837
ℹ t = 81, iter = 40: mean score = 0.000175, error = 3.465e-05
ℹ t = 81, iter = 50: mean score = 1e-05, error = 1.851e-08
ℹ t = 81, iter = 60: mean score = 1e-06, error = 5.553e-08
ℹ t = 81, iter = 70: mean score = 0, error = 6.704e-08
ℹ t = 81, iter = 80: mean score = 0, error = 6.779e-08
✔ t = 81: converged at iter = 83 with error = 6.786e-08
ℹ Solving time periods  82% (t = 82 / 100)
ℹ t = 82: starting iterations (max = 100)
ℹ t = 82, iter = 10: mean score = 0.027046, error = 1345
ℹ t = 82, iter = 20: mean score = 0.076967, error = 1.194
ℹ t = 82, iter = 30: mean score = 0.006654, error = 0.007833
ℹ t = 82, iter = 40: mean score = 0.000173, error = 3.458e-05
ℹ t = 82, iter = 50: mean score = 1e-05, error = 1.696e-08
ℹ t = 82, iter = 60: mean score = 1e-06, error = 5.828e-08
ℹ t = 82, iter = 70: mean score = 0, error = 7.006e-08
ℹ t = 82, iter = 80: mean score = 0, error = 7.082e-08
✔ t = 82: converged at iter = 84 with error = 7.086e-08
ℹ Solving time periods  83% (t = 83 / 100)
ℹ t = 83: starting iterations (max = 100)
ℹ t = 83, iter = 10: mean score = 0.027071, error = 1345
ℹ t = 83, iter = 20: mean score = 0.083072, error = 1.178
ℹ t = 83, iter = 30: mean score = 0.029581, error = 0.00783
ℹ t = 83, iter = 40: mean score = 0.000175, error = 3.451e-05
ℹ t = 83, iter = 50: mean score = 1e-05, error = 1.552e-08
ℹ t = 83, iter = 60: mean score = 1e-06, error = 6.104e-08
ℹ t = 83, iter = 70: mean score = 0, error = 7.308e-08
ℹ t = 83, iter = 80: mean score = 0, error = 7.386e-08
✔ t = 83: converged at iter = 84 with error = 7.389e-08
ℹ Solving time periods  84% (t = 84 / 100)
ℹ t = 84: starting iterations (max = 100)
ℹ t = 84, iter = 10: mean score = 0.02709, error = 1344
ℹ t = 84, iter = 20: mean score = 0.071113, error = 1.164
ℹ t = 84, iter = 30: mean score = 0.008854, error = 0.007827
ℹ t = 84, iter = 40: mean score = 0.000181, error = 3.443e-05
ℹ t = 84, iter = 50: mean score = 1.1e-05, error = 1.411e-08
ℹ t = 84, iter = 60: mean score = 1e-06, error = 6.392e-08
ℹ t = 84, iter = 70: mean score = 0, error = 7.623e-08
ℹ t = 84, iter = 80: mean score = 0, error = 7.702e-08
✔ t = 84: converged at iter = 84 with error = 7.706e-08
ℹ Solving time periods  85% (t = 85 / 100)
ℹ t = 85: starting iterations (max = 100)
ℹ t = 85, iter = 10: mean score = 0.027108, error = 1344
ℹ t = 85, iter = 20: mean score = 0.07112, error = 1.152
ℹ t = 85, iter = 30: mean score = 0.005238, error = 0.007824
ℹ t = 85, iter = 40: mean score = 0.000191, error = 3.436e-05
ℹ t = 85, iter = 50: mean score = 1.1e-05, error = 1.274e-08
ℹ t = 85, iter = 60: mean score = 1e-06, error = 6.693e-08
ℹ t = 85, iter = 70: mean score = 0, error = 7.951e-08
ℹ t = 85, iter = 80: mean score = 0, error = 8.032e-08
✔ t = 85: converged at iter = 85 with error = 8.039e-08
ℹ Solving time periods  86% (t = 86 / 100)
ℹ t = 86: starting iterations (max = 100)
ℹ t = 86, iter = 10: mean score = 0.027121, error = 1343
ℹ t = 86, iter = 20: mean score = 0.074738, error = 1.142
ℹ t = 86, iter = 30: mean score = 0.004238, error = 0.007822
ℹ t = 86, iter = 40: mean score = 0.000205, error = 3.428e-05
ℹ t = 86, iter = 50: mean score = 1.2e-05, error = 1.138e-08
ℹ t = 86, iter = 60: mean score = 1e-06, error = 7.018e-08
ℹ t = 86, iter = 70: mean score = 0, error = 8.305e-08
ℹ t = 86, iter = 80: mean score = 0, error = 8.388e-08
✔ t = 86: converged at iter = 85 with error = 8.395e-08
ℹ Solving time periods  87% (t = 87 / 100)
ℹ t = 87: starting iterations (max = 100)
ℹ t = 87, iter = 10: mean score = 0.027131, error = 1342
ℹ t = 87, iter = 20: mean score = 0.085363, error = 1.133
ℹ t = 87, iter = 30: mean score = 0.00382, error = 0.007819
ℹ t = 87, iter = 40: mean score = 0.000225, error = 3.42e-05
ℹ t = 87, iter = 50: mean score = 1.3e-05, error = 1.006e-08
ℹ t = 87, iter = 60: mean score = 1e-06, error = 7.358e-08
ℹ t = 87, iter = 70: mean score = 0, error = 8.674e-08
ℹ t = 87, iter = 80: mean score = 0, error = 8.759e-08
✔ t = 87: converged at iter = 86 with error = 8.763e-08
ℹ Solving time periods  88% (t = 88 / 100)
ℹ t = 88: starting iterations (max = 100)
ℹ t = 88, iter = 10: mean score = 0.027137, error = 1342
ℹ t = 88, iter = 20: mean score = 0.112777, error = 1.126
ℹ t = 88, iter = 30: mean score = 0.003651, error = 0.007817
ℹ t = 88, iter = 40: mean score = 0.000253, error = 3.412e-05
ℹ t = 88, iter = 50: mean score = 1.4e-05, error = 8.827e-09
ℹ t = 88, iter = 60: mean score = 1e-06, error = 7.705e-08
ℹ t = 88, iter = 70: mean score = 0, error = 9.051e-08
ℹ t = 88, iter = 80: mean score = 0, error = 9.138e-08
✔ t = 88: converged at iter = 86 with error = 9.142e-08
ℹ Solving time periods  89% (t = 89 / 100)
ℹ t = 89: starting iterations (max = 100)
ℹ t = 89, iter = 10: mean score = 0.02714, error = 1341
ℹ t = 89, iter = 20: mean score = 0.114727, error = 1.12
ℹ t = 89, iter = 30: mean score = 0.00365, error = 0.007814
ℹ t = 89, iter = 40: mean score = 0.000293, error = 3.405e-05
ℹ t = 89, iter = 50: mean score = 1.6e-05, error = 7.652e-09
ℹ t = 89, iter = 60: mean score = 1e-06, error = 8.068e-08
ℹ t = 89, iter = 70: mean score = 0, error = 9.444e-08
ℹ t = 89, iter = 80: mean score = 0, error = 9.533e-08
✔ t = 89: converged at iter = 87 with error = 9.539e-08
ℹ Solving time periods  90% (t = 90 / 100)
ℹ t = 90: starting iterations (max = 100)
ℹ t = 90, iter = 10: mean score = 0.027141, error = 1340
ℹ t = 90, iter = 20: mean score = 1.33277, error = 1.114
ℹ t = 90, iter = 30: mean score = 0.003928, error = 0.007812
ℹ t = 90, iter = 40: mean score = 0.000351, error = 3.396e-05
ℹ t = 90, iter = 50: mean score = 1.8e-05, error = 6.52e-09
ℹ t = 90, iter = 60: mean score = 1e-06, error = 8.454e-08
ℹ t = 90, iter = 70: mean score = 0, error = 9.861e-08
ℹ t = 90, iter = 80: mean score = 0, error = 9.952e-08
✔ t = 90: converged at iter = 88 with error = 9.957e-08
ℹ Solving time periods  91% (t = 91 / 100)
ℹ t = 91: starting iterations (max = 100)
ℹ t = 91, iter = 10: mean score = 0.02714, error = 1339
ℹ t = 91, iter = 20: mean score = 0.199083, error = 1.11
ℹ t = 91, iter = 30: mean score = 0.004334, error = 0.00781
ℹ t = 91, iter = 40: mean score = 0.000444, error = 3.388e-05
ℹ t = 91, iter = 50: mean score = 2.1e-05, error = 5.47e-09
ℹ t = 91, iter = 60: mean score = 1e-06, error = 8.853e-08
ℹ t = 91, iter = 70: mean score = 0, error = 1.029e-07
ℹ t = 91, iter = 80: mean score = 0, error = 1.038e-07
✔ t = 91: converged at iter = 88 with error = 1.039e-07
ℹ Solving time periods  92% (t = 92 / 100)
ℹ t = 92: starting iterations (max = 100)
ℹ t = 92, iter = 10: mean score = 0.027136, error = 1338
ℹ t = 92, iter = 20: mean score = 0.300958, error = 1.106
ℹ t = 92, iter = 30: mean score = 0.005501, error = 0.007807
ℹ t = 92, iter = 40: mean score = 0.000625, error = 3.38e-05
ℹ t = 92, iter = 50: mean score = 2.5e-05, error = 4.493e-09
ℹ t = 92, iter = 60: mean score = 2e-06, error = 9.27e-08
ℹ t = 92, iter = 70: mean score = 0, error = 1.074e-07
ℹ t = 92, iter = 80: mean score = 0, error = 1.084e-07
✔ t = 92: converged at iter = 89 with error = 1.084e-07
ℹ Solving time periods  93% (t = 93 / 100)
ℹ t = 93: starting iterations (max = 100)
ℹ t = 93, iter = 10: mean score = 0.027131, error = 1337
ℹ t = 93, iter = 20: mean score = 0.256095, error = 1.103
ℹ t = 93, iter = 30: mean score = 0.004762, error = 0.007805
ℹ t = 93, iter = 40: mean score = 0.001113, error = 3.372e-05
ℹ t = 93, iter = 50: mean score = 3.2e-05, error = 3.586e-09
ℹ t = 93, iter = 60: mean score = 2e-06, error = 9.71e-08
ℹ t = 93, iter = 70: mean score = 0, error = 1.121e-07
ℹ t = 93, iter = 80: mean score = 0, error = 1.131e-07
ℹ t = 93, iter = 90: mean score = 0, error = 1.132e-07
✔ t = 93: converged at iter = 90 with error = 1.132e-07
ℹ Solving time periods  94% (t = 94 / 100)
ℹ t = 94: starting iterations (max = 100)
ℹ t = 94, iter = 10: mean score = 0.027125, error = 1336
ℹ t = 94, iter = 20: mean score = 0.206658, error = 1.101
ℹ t = 94, iter = 30: mean score = 0.00563, error = 0.007803
ℹ t = 94, iter = 40: mean score = 0.002229, error = 3.363e-05
ℹ t = 94, iter = 50: mean score = 4.1e-05, error = 2.77e-09
ℹ t = 94, iter = 60: mean score = 2e-06, error = 1.017e-07
ℹ t = 94, iter = 70: mean score = 0, error = 1.17e-07
ℹ t = 94, iter = 80: mean score = 0, error = 1.18e-07
ℹ t = 94, iter = 90: mean score = 0, error = 1.181e-07
✔ t = 94: converged at iter = 91 with error = 1.181e-07
ℹ Solving time periods  95% (t = 95 / 100)
ℹ t = 95: starting iterations (max = 100)
ℹ t = 95, iter = 10: mean score = 0.027117, error = 1335
ℹ t = 95, iter = 20: mean score = 0.575092, error = 1.099
ℹ t = 95, iter = 30: mean score = 0.016472, error = 0.007801
ℹ t = 95, iter = 40: mean score = 0.009083, error = 3.354e-05
ℹ t = 95, iter = 50: mean score = 6.4e-05, error = 2.043e-09
ℹ t = 95, iter = 60: mean score = 4e-06, error = 1.065e-07
ℹ t = 95, iter = 70: mean score = 0, error = 1.222e-07
ℹ t = 95, iter = 80: mean score = 0, error = 1.232e-07
ℹ t = 95, iter = 90: mean score = 0, error = 1.233e-07
✔ t = 95: converged at iter = 93 with error = 1.233e-07
ℹ Solving time periods  96% (t = 96 / 100)
ℹ t = 96: starting iterations (max = 100)
ℹ t = 96, iter = 10: mean score = 0.027108, error = 1334
ℹ t = 96, iter = 20: mean score = 0.493569, error = 1.098
ℹ t = 96, iter = 30: mean score = 0.010171, error = 0.007799
ℹ t = 96, iter = 40: mean score = 0.003513, error = 3.345e-05
ℹ t = 96, iter = 50: mean score = 0.000163, error = 1.414e-09
ℹ t = 96, iter = 60: mean score = 9e-06, error = 1.115e-07
ℹ t = 96, iter = 70: mean score = 1e-06, error = 1.275e-07
ℹ t = 96, iter = 80: mean score = 0, error = 1.286e-07
ℹ t = 96, iter = 90: mean score = 0, error = 1.286e-07
✔ t = 96: converged at iter = 96 with error = 1.286e-07
ℹ Solving time periods  97% (t = 97 / 100)
ℹ t = 97: starting iterations (max = 100)
ℹ t = 97, iter = 10: mean score = 0.027098, error = 1333
ℹ t = 97, iter = 20: mean score = 0.564559, error = 1.097
ℹ t = 97, iter = 30: mean score = 0.014313, error = 0.007797
ℹ t = 97, iter = 40: mean score = 0.003019, error = 3.336e-05
ℹ t = 97, iter = 50: mean score = 0.000942, error = 8.916e-10
ℹ t = 97, iter = 60: mean score = 0.000308, error = 1.167e-07
ℹ t = 97, iter = 70: mean score = 3.8e-05, error = 1.331e-07
ℹ t = 97, iter = 80: mean score = 3e-06, error = 1.342e-07
ℹ t = 97, iter = 90: mean score = 0, error = 1.342e-07
ℹ t = 97, iter = 100: mean score = 0, error = 1.343e-07
ℹ Solving time periods  98% (t = 98 / 100)
ℹ t = 98: starting iterations (max = 100)
ℹ t = 98, iter = 10: mean score = 0.027088, error = 1332
ℹ t = 98, iter = 20: mean score = 0.260561, error = 1.104
ℹ t = 98, iter = 30: mean score = 0.011799, error = 0.007795
ℹ t = 98, iter = 40: mean score = 0.00122, error = 3.327e-05
ℹ t = 98, iter = 50: mean score = 0.000124, error = 4.817e-10
ℹ t = 98, iter = 60: mean score = 9e-06, error = 1.222e-07
ℹ t = 98, iter = 70: mean score = 1e-06, error = 1.39e-07
ℹ t = 98, iter = 80: mean score = 0, error = 1.4e-07
ℹ t = 98, iter = 90: mean score = 0, error = 1.401e-07
✔ t = 98: converged at iter = 96 with error = 1.401e-07
ℹ Solving time periods  99% (t = 99 / 100)
ℹ t = 99: starting iterations (max = 100)
ℹ t = 99, iter = 10: mean score = 0.027076, error = 1330
ℹ t = 99, iter = 20: mean score = 1.618177, error = 1.111
ℹ t = 99, iter = 30: mean score = 0.031099, error = 0.007793
ℹ t = 99, iter = 40: mean score = 0.001192, error = 3.318e-05
ℹ t = 99, iter = 50: mean score = 0.000107, error = 1.923e-10
ℹ t = 99, iter = 60: mean score = 7e-06, error = 1.279e-07
ℹ t = 99, iter = 70: mean score = 0, error = 1.451e-07
ℹ t = 99, iter = 80: mean score = 0, error = 1.462e-07
ℹ t = 99, iter = 90: mean score = 0, error = 1.462e-07
✔ t = 99: converged at iter = 94 with error = 1.462e-07
ℹ Solving time periods 100% (t = 100 / 100)
ℹ t = 100: starting iterations (max = 100)
ℹ t = 100, iter = 10: mean score = 0.027064, error = 1329
ℹ t = 100, iter = 20: mean score = 0.187954, error = 1.116
ℹ t = 100, iter = 30: mean score = 0.009442, error = 0.007791
ℹ t = 100, iter = 40: mean score = 0.000998, error = 3.308e-05
ℹ t = 100, iter = 50: mean score = 7.2e-05, error = 3.156e-11
ℹ t = 100, iter = 60: mean score = 5e-06, error = 1.338e-07
ℹ t = 100, iter = 70: mean score = 0, error = 1.514e-07
ℹ t = 100, iter = 80: mean score = 0, error = 1.525e-07
ℹ t = 100, iter = 90: mean score = 0, error = 1.526e-07
✔ t = 100: converged at iter = 92 with error = 1.526e-07

── Simulation completed ──
✔ Total execution time: 0 secs
ℹ Last non-NA simulated period: t = 100
────────────────────────────────────────── LEEDS_MODEL run finished ──────────────────────────────────────────
