───────────────────────────────────── LEEDS_MODEL :: New simulation run ──────────────────────────────────────

── Initialization ──

── Production scenarios ──
ℹ Parameters ready: nPeriods = 100, max.iterations = 100
ℹ Scenario sanity: shock = 13, rho = 0.9, t.shock = 70, Z1_ce = 0, Z2_ce = 0
ℹ Building A0/B0/A.t/B.t after production scenarios…
ℹ max |B0 - A0| at init = 0

── Markup calibration (t = 1) ──
✔ Markup vector 'mu' calibrated at t = 1

── Time loop ──
ℹ Starting Gauss–Seidel iterations across 99 additional periods
ℹ Logging to: /Users/parvulesco/Documents/R/LEEDS_MODEL/output/scenarios/logs/shock_13_run.log
ℹ Solving time periods   1% (t = 2 / 100)
ℹ t = 2: starting iterations (max = 100)
ℹ t = 2, iter = 10: mean score = 0.065781, error = 2512
ℹ t = 2, iter = 20: mean score = 0.003782, error = 13.07
ℹ t = 2, iter = 30: mean score = 0.000263, error = 0.09536
ℹ t = 2, iter = 40: mean score = 2e-05, error = 0.0007324
ℹ t = 2, iter = 50: mean score = 2e-06, error = 5.719e-06
ℹ t = 2, iter = 60: mean score = 0, error = 4.529e-08
ℹ t = 2, iter = 70: mean score = 0, error = 3.634e-10
✔ t = 2: converged at iter = 79 with error = 4.772e-12
ℹ Solving time periods   2% (t = 3 / 100)
ℹ t = 3: starting iterations (max = 100)
ℹ t = 3, iter = 10: mean score = 0.046831, error = 1627
ℹ t = 3, iter = 20: mean score = 0.002245, error = 4.67
ℹ t = 3, iter = 30: mean score = 0.000114, error = 0.01857
ℹ t = 3, iter = 40: mean score = 7e-06, error = 7.352e-05
ℹ t = 3, iter = 50: mean score = 0, error = 2.711e-07
ℹ t = 3, iter = 60: mean score = 0, error = 3.706e-10
ℹ t = 3, iter = 70: mean score = 0, error = 1.37e-10
✔ t = 3: converged at iter = 71 with error = 2.33e-10
ℹ Solving time periods   3% (t = 4 / 100)
ℹ t = 4: starting iterations (max = 100)
ℹ t = 4, iter = 10: mean score = 0.045803, error = 2337
ℹ t = 4, iter = 20: mean score = 0.002422, error = 6.844
ℹ t = 4, iter = 30: mean score = 0.000128, error = 0.02754
ℹ t = 4, iter = 40: mean score = 7e-06, error = 0.0001094
